******************************************************************************
                  TI ARM Linker PC v5.2.2                      
******************************************************************************
>> Linked Thu Jul 06 02:28:28 2017

OUTPUT FILE NAME:   <Drone_autonomous.out>
ENTRY POINT SYMBOL: "_c_int00"  address: 00009101


MEMORY CONFIGURATION

         name            origin    length      used     unused   attr    fill
----------------------  --------  ---------  --------  --------  ----  --------
  FLASH                 00000000   00040000  00009da8  00036258  R  X
  SRAM                  20000000   00008000  00000d39  000072c7  RW X


SEGMENT ALLOCATION MAP

run origin  load origin   length   init length attrs members
----------  ----------- ---------- ----------- ----- -------
00000000    00000000    00009db0   00009db0    r-x
  00000000    00000000    0000026c   0000026c    r-- .intvecs
  0000026c    0000026c    00009618   00009618    r-x .text
  00009888    00009888    000004ac   000004ac    r-- .const
  00009d38    00009d38    00000078   00000078    r-- .cinit
20000000    20000000    00000d3c   00000000    rw-
  20000000    20000000    000009a5   00000000    rw- .bss
  200009a8    200009a8    00000200   00000000    rw- .stack
  20000ba8    20000ba8    00000194   00000000    rw- .data


SECTION ALLOCATION MAP

 output                                  attributes/
section   page    origin      length       input sections
--------  ----  ----------  ----------   ----------------
.intvecs   0    00000000    0000026c     
                  00000000    0000026c     tm4c123gh6pm_startup_ccs.obj (.intvecs)

.text      0    0000026c    00009618     
                  0000026c    00003d00     main_Quadrotor_V3_0.obj (.text)
                  00003f6c    000008d8     PID.obj (.text)
                  00004844    00000880     mpu6050.obj (.text)
                  000050c4    0000074c     interrupt_handler.obj (.text)
                  00005810    000005cc     serial.obj (.text)
                  00005ddc    00000454     IMU.obj (.text)
                  00006230    000003bc     myI2C.obj (.text)
                  000065ec    00000390     numManipulate.obj (.text)
                  0000697c    00000314     PPM.obj (.text)
                  00006c90    0000030c     ringbuf.obj (.text)
                  00006f9c    00000294     rtsv7M4_T_le_v4SPD16_eabi.lib : xsin.obj (.text)
                  00007230    0000023c                                   : strtod.obj (.text)
                  0000746c    0000022c     Sonar.obj (.text)
                  00007698    000001d4     estimator.obj (.text)
                  0000786c    000001b6     rtsv7M4_T_le_v4SPD16_eabi.lib : fd_add_t2.obj (.text)
                  00007a22    00000002     --HOLE-- [fill = 0]
                  00007a24    00000198     myTimer.obj (.text)
                  00007bbc    0000018c     rtsv7M4_T_le_v4SPD16_eabi.lib : xatan.obj (.text)
                  00007d48    0000017c                                   : atan2.obj (.text)
                  00007ec4    00000174                                   : fmod.obj (.text)
                  00008038    00000148                                   : sqrt.obj (.text)
                  00008180    00000146     myFIFO.obj (.text)
                  000082c6    00000002     --HOLE-- [fill = 0]
                  000082c8    00000138     RF.obj (.text)
                  00008400    00000136     rtsv7M4_T_le_v4SPD16_eabi.lib : fd_div_t2.obj (.text)
                  00008536    00000130     driverlib.lib : gpio.obj (.text:GPIOPadConfigSet)
                  00008666    00000002     --HOLE-- [fill = 0]
                  00008668    00000118                   : sysctl.obj (.text:SysCtlClockGet)
                  00008780    00000110     rtsv7M4_T_le_v4SPD16_eabi.lib : xdscale.obj (.text)
                  00008890    000000fc                                   : fd_mul_t2.obj (.text)
                  0000898c    000000f0     driverlib.lib : sysctl.obj (.text:SysCtlClockSet)
                  00008a7c    000000be     rtsv7M4_T_le_v4SPD16_eabi.lib : xdnorm.obj (.text)
                  00008b3a    00000002     --HOLE-- [fill = 0]
                  00008b3c    0000009c     myIO.obj (.text)
                  00008bd8    0000009c     rtsv7M4_T_le_v4SPD16_eabi.lib : memcpy_t2.obj (.text)
                  00008c74    00000086                                   : fd_cmp_t2.obj (.text:__aeabi_cdcmple)
                  00008cfa    00000086                                   : fd_cmp_t2.obj (.text:__aeabi_cdrcmple)
                  00008d80    0000007a                                   : memset_t2.obj (.text)
                  00008dfa    00000002     --HOLE-- [fill = 0]
                  00008dfc    0000006c                                   : autoinit.obj (.text)
                  00008e68    0000006a                                   : copy_decompress_rle.obj (.text)
                  00008ed2    00000066                                   : xdunscal.obj (.text)
                  00008f38    00000064     safety.obj (.text)
                  00008f9c    00000060     driverlib.lib : interrupt.obj (.text:IntEnable)
                  00008ffc    0000005c                   : timer.obj (.text:TimerConfigure)
                  00009058    00000056                   : gpio.obj (.text:GPIOIntTypeSet)
                  000090ae    00000002     --HOLE-- [fill = 0]
                  000090b0    00000050                   : sysctl.obj (.text:SysCtlPeripheralReset)
                  00009100    00000050     rtsv7M4_T_le_v4SPD16_eabi.lib : boot.obj (.text)
                  00009150    0000004c                                   : atoi.obj (.text)
                  0000919c    0000004c                                   : cpy_tbl.obj (.text)
                  000091e8    0000004a                                   : fd_tos_t2.obj (.text)
                  00009232    00000002     --HOLE-- [fill = 0]
                  00009234    00000048     driverlib.lib : gpio.obj (.text:GPIOPinConfigure)
                  0000927c    00000048                   : i2c.obj (.text:I2CMasterInitExpClk)
                  000092c4    00000048     rtsv7M4_T_le_v4SPD16_eabi.lib : fd_toi_t2.obj (.text)
                  0000930c    00000044                                   : exit.obj (.text)
                  00009350    00000040     driverlib.lib : uart.obj (.text:UARTConfigSetExpClk)
                  00009390    00000040     rtsv7M4_T_le_v4SPD16_eabi.lib : signal.obj (.text)
                  000093d0    00000038                                   : fs_tod_t2.obj (.text)
                  00009408    00000036     tm4c123gh6pm_startup_ccs.obj (.text)
                  0000943e    00000002     --HOLE-- [fill = 0]
                  00009440    00000034     driverlib.lib : sysctl.obj (.text:SysCtlPeripheralEnable)
                  00009474    00000034     rtsv7M4_T_le_v4SPD16_eabi.lib : feraiseexcept.obj (.text)
                  000094a8    00000030                                   : xferaise.obj (.text)
                  000094d8    0000002e                                   : i_tofd_t2.obj (.text)
                  00009506    0000002e                                   : raise.obj (.text)
                  00009534    0000002a     driverlib.lib : gpio.obj (.text:GPIODirModeSet)
                  0000955e    00000002     --HOLE-- [fill = 0]
                  00009560    00000024                   : interrupt.obj (.text:IntPrioritySet)
                  00009584    0000001c                   : uart.obj (.text:UARTDisable)
                  000095a0    0000001a     rtsv7M4_T_le_v4SPD16_eabi.lib : cos.obj (.text)
                  000095ba    0000001a                                   : sin.obj (.text)
                  000095d4    00000018     driverlib.lib : gpio.obj (.text:GPIOPinTypeGPIOOutput)
                  000095ec    00000018                   : timer.obj (.text:TimerControlLevel)
                  00009604    00000018     rtsv7M4_T_le_v4SPD16_eabi.lib : args_main.obj (.text)
                  0000961c    00000016     driverlib.lib : i2c.obj (.text:I2CMasterErr)
                  00009632    00000002     --HOLE-- [fill = 0]
                  00009634    00000014                   : systick.obj (.text:SysTickEnable)
                  00009648    00000014                   : systick.obj (.text:SysTickIntEnable)
                  0000965c    00000014                   : uart.obj (.text:UARTEnable)
                  00009670    00000014     rtsv7M4_T_le_v4SPD16_eabi.lib : _lock.obj (.text)
                  00009684    00000012     driverlib.lib : gpio.obj (.text:GPIOPinTypeGPIOInput)
                  00009696    00000012                   : gpio.obj (.text:GPIOPinTypeI2C)
                  000096a8    00000012                   : gpio.obj (.text:GPIOPinTypeI2CSCL)
                  000096ba    00000012                   : gpio.obj (.text:GPIOPinTypeTimer)
                  000096cc    00000012                   : gpio.obj (.text:GPIOPinTypeUART)
                  000096de    00000012                   : timer.obj (.text:TimerLoadSet)
                  000096f0    00000012                   : timer.obj (.text:TimerMatchSet)
                  00009702    00000012                   : timer.obj (.text:TimerPrescaleMatchSet)
                  00009714    00000012                   : timer.obj (.text:TimerPrescaleSet)
                  00009726    00000012     rtsv7M4_T_le_v4SPD16_eabi.lib : atof.obj (.text)
                  00009738    00000010     driverlib.lib : systick.obj (.text:SysTickPeriodSet)
                  00009748    00000010     rtsv7M4_T_le_v4SPD16_eabi.lib : isdigit.obj (.text)
                  00009758    0000000e     driverlib.lib : gpio.obj (.text:GPIOIntStatus)
                  00009766    0000000e                   : timer.obj (.text:TimerEnable)
                  00009774    0000000e     rtsv7M4_T_le_v4SPD16_eabi.lib : copy_decompress_none.obj (.text:decompress:none)
                  00009782    0000000c     driverlib.lib : cpu.obj (.text:CPUcpsid)
                  0000978e    0000000c                   : cpu.obj (.text:CPUcpsie)
                  0000979a    0000000c                   : gpio.obj (.text:GPIOIntEnable)
                  000097a6    0000000c                   : uart.obj (.text:UARTCharsAvail)
                  000097b2    0000000c                   : uart.obj (.text:UARTTxIntModeSet)
                  000097be    0000000c     rtsv7M4_T_le_v4SPD16_eabi.lib : copy_zero_init.obj (.text:decompress:ZI)
                  000097ca    0000000a     driverlib.lib : i2c.obj (.text:I2CMasterDisable)
                  000097d4    0000000a                   : i2c.obj (.text:I2CMasterEnable)
                  000097de    0000000a                   : interrupt.obj (.text:IntMasterDisable)
                  000097e8    0000000a                   : interrupt.obj (.text:IntMasterEnable)
                  000097f2    0000000a                   : timer.obj (.text:TimerValueGet)
                  000097fc    0000000a                   : uart.obj (.text:UARTCharGet)
                  00009806    0000000a                   : uart.obj (.text:UARTCharPut)
                  00009810    0000000a                   : uart.obj (.text:UARTIntStatus)
                  0000981a    00000008                   : i2c.obj (.text:I2CMasterBusy)
                  00009822    00000008                   : i2c.obj (.text:I2CMasterSlaveAddrSet)
                  0000982a    00000008                   : timer.obj (.text:TimerIntEnable)
                  00009832    00000008                   : uart.obj (.text:UARTBusy)
                  0000983a    00000008                   : uart.obj (.text:UARTIntEnable)
                  00009842    00000006                   : cpu.obj (.text:CPUbasepriSet)
                  00009848    00000006                   : gpio.obj (.text:GPIOIntClear)
                  0000984e    00000006                   : gpio.obj (.text:GPIOPinRead)
                  00009854    00000006                   : gpio.obj (.text:GPIOPinWrite)
                  0000985a    00000006                   : sysctl.obj (.text:SysCtlDelay)
                  00009860    00000006                   : uart.obj (.text:UARTClockSourceSet)
                  00009866    00000006     rtsv7M4_T_le_v4SPD16_eabi.lib : copy_decompress_rle.obj (.text:decompress:rle24)
                  0000986c    00000004     driverlib.lib : i2c.obj (.text:I2CMasterControl)
                  00009870    00000004                   : i2c.obj (.text:I2CMasterDataGet)
                  00009874    00000004                   : i2c.obj (.text:I2CMasterDataPut)
                  00009878    00000004                   : timer.obj (.text:TimerIntClear)
                  0000987c    00000004                   : uart.obj (.text:UARTIntClear)
                  00009880    00000004     rtsv7M4_T_le_v4SPD16_eabi.lib : pre_init.obj (.text)

.const     0    00009888    000004ac     
                  00009888    00000101     rtsv7M4_T_le_v4SPD16_eabi.lib : ctype.obj (.const:.string:_ctypes_)
                  00009989    00000003     --HOLE-- [fill = 0]
                  0000998c    0000009c     driverlib.lib : interrupt.obj (.const:g_pui32Regs)
                  00009a28    00000098     rtsv7M4_T_le_v4SPD16_eabi.lib : strtod.obj (.const)
                  00009ac0    00000090     driverlib.lib : gpio.obj (.const:g_pui32GPIOBaseAddrs)
                  00009b50    00000088     rtsv7M4_T_le_v4SPD16_eabi.lib : xatan.obj (.const)
                  00009bd8    00000080                                   : xsin.obj (.const)
                  00009c58    00000070     driverlib.lib : interrupt.obj (.const)
                  00009cc8    0000006c                   : sysctl.obj (.const:g_pui32Xtals)

.cinit     0    00009d38    00000078     
                  00009d38    00000054     (.cinit..data.load) [load image, compression = rle]
                  00009d8c    0000000c     (__TI_handler_table)
                  00009d98    00000008     (.cinit..bss.load) [load image, compression = zero_init]
                  00009da0    00000010     (__TI_cinit_table)

.init_array 
*          0    00000000    00000000     UNINITIALIZED

.bss       0    20000000    000009a5     UNINITIALIZED
                  20000000    00000278     serial.obj (.bss:cameraFIFO)
                  20000278    00000278     serial.obj (.bss:communicationFIFO)
                  200004f0    00000058     main_Quadrotor_V3_0.obj (.bss:PID_pitch)
                  20000548    00000058     main_Quadrotor_V3_0.obj (.bss:PID_roll)
                  200005a0    00000058     main_Quadrotor_V3_0.obj (.bss:PID_x)
                  200005f8    00000058     main_Quadrotor_V3_0.obj (.bss:PID_y)
                  20000650    00000058     main_Quadrotor_V3_0.obj (.bss:PID_yaw)
                  200006a8    00000058     main_Quadrotor_V3_0.obj (.bss:PID_z)
                  20000700    00000054     Sonar.obj (.bss:Sonar_module)
                  20000754    00000048     estimator.obj (.bss:quad_model)
                  2000079c    00000040     main_Quadrotor_V3_0.obj (.bss:Socket)
                  200007dc    00000038     mpu6050.obj (.bss:MPU6050)
                  20000814    00000034     IMU.obj (.bss:IMU)
                  20000848    00000029     serial.obj (.bss:Uart)
                  20000871    00000029     serial.obj (.bss:UartCamera)
                  2000089a    00000001     (.common:FlagTimer)
                  2000089b    00000001     (.common:Flag_Safe)
                  2000089c    00000028     serial.obj (.bss:data_buffer_cn)
                  200008c4    00000024     RF.obj (.bss:RF_module)
                  200008e8    00000020     (.common:Camera)
                  20000908    00000020     (.common:RF_pulse_width)
                  20000928    00000020     (.common:timer_rising_edge)
                  20000948    0000001c     (.common:flag_task_finish)
                  20000964    0000001c     (.common:flag_task_init)
                  20000980    00000010     (.common:ESC)
                  20000990    00000006     (.common:SysTick_Int_Count)
                  20000996    00000004     (.common:Flag)
                  2000099a    00000004     (.common:Position)
                  2000099e    00000004     (.common:toggle_led)
                  200009a2    00000001     (.common:Flag_SonarHoldAttitudeMode)
                  200009a3    00000001     (.common:color_capture)
                  200009a4    00000001     (.common:flag_color_capture)

.TI.noinit 
*          0    20000000    00000000     UNINITIALIZED

.stack     0    200009a8    00000200     UNINITIALIZED
                  200009a8    00000200     --HOLE--

.data      0    20000ba8    00000194     UNINITIALIZED
                  20000ba8    000000b0     rtsv7M4_T_le_v4SPD16_eabi.lib : signal.obj (.data:sigtable)
                  20000c58    00000080                                   : xvalues.obj (.data)
                  20000cd8    00000028     main_Quadrotor_V3_0.obj (.data)
                  20000d00    0000001a     myTimer.obj (.data)
                  20000d1a    00000002     mpu6050.obj (.data)
                  20000d1c    00000008     rtsv7M4_T_le_v4SPD16_eabi.lib : _lock.obj (.data)
                  20000d24    00000008                                   : exit.obj (.data)
                  20000d2c    00000008                                   : feraiseexcept.obj (.data)
                  20000d34    00000004                                   : errno.obj (.data)
                  20000d38    00000004                                   : stkdepth_vars.obj (.data)

.TI.persistent 
*          0    20000ba8    00000000     UNINITIALIZED


LINKER GENERATED COPY TABLES

__TI_cinit_table @ 00009da0 records: 2, size/record: 8, table size: 16
	.data: load addr=00009d38, load size=00000054 bytes, run addr=20000ba8, run size=00000194 bytes, compression=rle
	.bss: load addr=00009d98, load size=00000008 bytes, run addr=20000000, run size=000009a5 bytes, compression=zero_init


LINKER GENERATED HANDLER TABLE

__TI_handler_table @ 00009d8c records: 3, size/record: 4, table size: 12
	index: 0, handler: __TI_decompress_rle24
	index: 1, handler: __TI_decompress_none
	index: 2, handler: __TI_zero_init


GLOBAL SYMBOLS: SORTED ALPHABETICALLY BY Name 

address   name                          
-------   ----                          
0000930d  C$$EXIT                       
00009843  CPUbasepriSet                 
00009783  CPUcpsid                      
0000978f  CPUcpsie                      
00004eef  Calib_Accelerometer_Amplitude 
00004845  Calib_Gyro                    
00007529  Calib_Sonar_module            
200008e8  Camera                        
20000980  ESC                           
00006abd  ESC_ppm                       
0000825b  FIFOCharPut                   
00008283  FIFO_PutStr                   
000081a7  FIFO_Rx_CharPut               
000081bd  FIFO_Rx_StrGet                
20000996  Flag                          
2000089a  FlagTimer                     
2000089b  Flag_Safe                     
200009a2  Flag_SonarHoldAttitudeMode    
00005621  GPIOC_Interrupt_Handler       
0000530d  GPIOD_Interrupt_Handler       
00009535  GPIODirModeSet                
000050c5  GPIOE_Interrupt_Handler       
00009849  GPIOIntClear                  
0000979b  GPIOIntEnable                 
00009759  GPIOIntStatus                 
00009059  GPIOIntTypeSet                
00008537  GPIOPadConfigSet              
00009235  GPIOPinConfigure              
0000984f  GPIOPinRead                   
00009685  GPIOPinTypeGPIOInput          
000095d5  GPIOPinTypeGPIOOutput         
00009697  GPIOPinTypeI2C                
000096a9  GPIOPinTypeI2CSCL             
000096bb  GPIOPinTypeTimer              
000096cd  GPIOPinTypeUART               
00009855  GPIOPinWrite                  
0000026d  GUI_init                      
000064f9  I2C0_Init                     
0000656d  I2C1_Init                     
00006533  I2C2_Init                     
0000981b  I2CMasterBusy                 
0000986d  I2CMasterControl              
00009871  I2CMasterDataGet              
00009875  I2CMasterDataPut              
000097cb  I2CMasterDisable              
000097d5  I2CMasterEnable               
0000961d  I2CMasterErr                  
0000927d  I2CMasterInitExpClk           
00009823  I2CMasterSlaveAddrSet         
0000635b  I2C_Read                      
000062a1  I2C_Write                     
00006231  I2C_WriteByte                 
20000814  IMU                           
00005ddd  IMU_init                      
00008f9d  IntEnable                     
000097df  IntMasterDisable              
000097e9  IntMasterEnable               
00009843  IntPriorityMaskSet            
00009561  IntPrioritySet                
200007dc  MPU6050                       
00004bc3  MPU6050DataAccelGetRaw        
00004cf1  MPU6050DataGetRaw             
00004c29  MPU6050DataGyroGetRaw         
00004c81  MPU6050DataTempGetRaw         
00004aa3  MPU6050_INTpin_Init           
00004ae1  MPU6050_Init                  
000065ed  Map_y                         
00006a91  Motor_stop                    
000040e3  PD_controller                 
00004311  PD_type_1                     
000044d1  PD_type_3                     
00004735  PD_type_4                     
00003f6d  PID_controller                
000002b7  PID_init                      
200004f0  PID_pitch                     
20000548  PID_roll                      
000041db  PID_type_1                    
00004391  PID_type_3                    
00004563  PID_type_4                    
200005a0  PID_x                         
200005f8  PID_y                         
20000650  PID_yaw                       
200006a8  PID_z                         
00006a5d  PPM_init                      
2000099a  Position                      
000002b5  Position_init                 
000082c9  RF_init                       
200008c4  RF_module                     
20000908  RF_pulse_width                
00009409  ResetISR                      
00006e7b  RingBufAdvanceRead            
00006ea9  RingBufAdvanceWrite           
00006dd5  RingBufContigFree             
00006da7  RingBufContigUsed             
00006d15  RingBufEmpty                  
00006d3f  RingBufFlush                  
00006d91  RingBufFree                   
00006cdb  RingBufFull                   
00006f79  RingBufInit                   
00006e45  RingBufRead                   
00006e1f  RingBufReadOne                
00006e11  RingBufSize                   
00006d5f  RingBufUsed                   
00006f43  RingBufWrite                  
00006f1d  RingBufWriteOne               
UNDEFED   SHT$$INIT_ARRAY$$Base         
UNDEFED   SHT$$INIT_ARRAY$$Limit        
00005c97  SerialPutChar                 
00005cab  SerialPutStr                  
00005cd9  SerialPutStrLn                
00005d11  SerialPutStr_NonTer           
00005d31  SerialTerminator              
00005d55  Serial_Sendcommand_Camera     
2000079c  Socket                        
20000700  Sonar_module                  
000074d1  Sonar_module_init             
000025a5  Stable_Controller             
20000d19  SycTick_Int_Count             
00007a37  SycTick_Interrupt_Handler     
00008669  SysCtlClockGet                
0000898d  SysCtlClockSet                
0000985b  SysCtlDelay                   
00009441  SysCtlPeripheralEnable        
000090b1  SysCtlPeripheralReset         
00009635  SysTickEnable                 
00009649  SysTickIntEnable              
00009739  SysTickPeriodSet              
00007a25  SysTick_Init                  
20000990  SysTick_Int_Count             
00007b49  Timer0_Interrupt_Handler      
00007b07  Timer0_init                   
0000746d  Timer3_init                   
00008ffd  TimerConfigure                
000095ed  TimerControlLevel             
00009767  TimerEnable                   
00009879  TimerIntClear                 
0000982b  TimerIntEnable                
000096df  TimerLoadSet                  
000096f1  TimerMatchSet                 
00009703  TimerPrescaleMatchSet         
00009715  TimerPrescaleSet              
000097f3  TimerValueGet                 
00005bb5  UART0_Init                    
00005995  UART0_Interrupt_Handler       
00005c21  UART1_Init                    
000058f3  UART1_Interrupt_Handler       
00005b45  UART5_Init                    
00005a37  UART5_Interrupt_Handler       
00005ad9  UART6_Init                    
00005851  UART6_Interrupt_Handler       
00009833  UARTBusy                      
000097fd  UARTCharGet                   
00009807  UARTCharPut                   
000097a7  UARTCharsAvail                
00009861  UARTClockSourceSet            
00009351  UARTConfigSetExpClk           
00009585  UARTDisable                   
0000965d  UARTEnable                    
0000987d  UARTIntClear                  
0000983b  UARTIntEnable                 
00009811  UARTIntStatus                 
000097b3  UARTTxIntModeSet              
20000848  Uart                          
20000871  UartCamera                    
0000697d  WTimer1_init                  
000069e1  WTimer5_init                  
00007bbd  _Atan                         
20000c58  _Denorm                       
00008a7d  _Dnorm                        
00008781  _Dscale                       
00008ed3  _Dunscale                     
20000c68  _Eps                          
20000d34  _Errno                        
20000d2c  _Fenv                         
000094a9  _Feraise                      
20000c78  _Hugeval                      
20000c88  _Inf                          
20000c98  _Nan                          
20000cb8  _Rteps                        
00006f9d  _Sin                          
20000ca8  _Snan                         
20000d30  _Tls_setup__Fenv              
20000cc8  _Xbig                         
20000cd0  _Zero                         
20000ba8  __STACK_END                   
00000200  __STACK_SIZE                  
20000ba8  __STACK_TOP                   
00009da0  __TI_CINIT_Base               
00009db0  __TI_CINIT_Limit              
00009d8c  __TI_Handler_Table_Base       
00009d98  __TI_Handler_Table_Limit      
00008dfd  __TI_auto_init                
20000d24  __TI_cleanup_ptr              
00009775  __TI_decompress_none          
00009867  __TI_decompress_rle24         
20000d28  __TI_dtors_ptr                
00000000  __TI_static_base__            
000097bf  __TI_zero_init                
00008c75  __aeabi_cdcmpeq               
00008c75  __aeabi_cdcmple               
00008cfb  __aeabi_cdrcmple              
000091e9  __aeabi_d2f                   
000092c5  __aeabi_d2iz                  
00007877  __aeabi_dadd                  
00008401  __aeabi_ddiv                  
00008891  __aeabi_dmul                  
0000786d  __aeabi_dsub                  
000093d1  __aeabi_f2d                   
000094d9  __aeabi_i2d                   
00008d81  __aeabi_memclr                
00008d81  __aeabi_memclr4               
00008d81  __aeabi_memclr8               
00008bd9  __aeabi_memcpy                
00008bd9  __aeabi_memcpy4               
00008bd9  __aeabi_memcpy8               
00008d83  __aeabi_memset                
00008d83  __aeabi_memset4               
00008d83  __aeabi_memset8               
ffffffff  __binit__                     
ffffffff  __c_args__                    
200009a8  __stack                       
00009605  _args_main                    
00009101  _c_int00                      
00009888  _ctypes_                      
20000d1c  _lock                         
0000967f  _nop                          
00009677  _register_lock                
00009671  _register_unlock              
00009881  _system_pre_init              
20000d20  _unlock                       
00009311  abort                         
00005df1  angle                         
00007d49  atan2                         
00009727  atof                          
00009151  atoi                          
0000094b  autonomous_end                
0000052d  autonomous_go_into_battlefield
000005b1  autonomous_go_out_battlefield 
00000949  autonomous_landing            
0000073d  autonomous_reset              
000008c1  autonomous_switchingPoint     
000007e9  autonomous_takeoff            
0000104d  autonomous_task               
00000f31  autonomous_task_1             
00000981  autonomous_task_2             
00000cbd  autonomous_task_main          
ffffffff  binit                         
00008bbb  button                        
20000000  cameraFIFO                    
200009a3  color_capture                 
000031b1  communication                 
20000278  communicationFIFO             
0000919d  copy_in                       
000095a1  cos                           
2000089c  data_buffer_cn                
00001b75  display_com                   
20000cd8  display_mode                  
00003c95  display_system_infor          
00009319  exit                          
00009475  feraiseexcept                 
20000d1b  flag_I2C_connection           
20000d1a  flag_MPU6050_INTpin           
200009a4  flag_color_capture            
20000cff  flag_landing_20Hz             
20000cfe  flag_takeoff_20Hz             
20000948  flag_task_finish              
20000964  flag_task_init                
00006641  float2num                     
00007ec5  fmod                          
00000000  g_pfnVectors                  
00007b67  getMicroSecond                
00002439  height_controller             
00006813  int2num                       
00009749  isdigit                       
00008b63  led                           
00001259  main                          
20000d38  main_func_sp                  
00008bd9  memcpy                        
00008d89  memset                        
00002f2d  mode_selection                
00007699  model_init                    
00008181  myFIFO_init                   
00008b3d  myIO_init                     
20000cd9  operation_mode                
20000cdc  pid_x_range                   
20000ce0  pid_y_range                   
00001395  postion_controller            
20000d04  preMicroSecond_angle          
20000d10  preMicroSecond_camera         
20000d08  preMicroSecond_position       
20000d0c  preMicroSecond_sonar          
20000754  quad_model                    
00009507  raise                         
00008f39  safe_check                    
20000d18  safe_flag                     
20000d14  sampling_time_second          
20000d00  seconds                       
00000629  set_color_capture             
00006911  set_float_value               
0000694b  set_int_value                 
00005811  set_position                  
00009391  signal                        
000095bb  sin                           
00008039  sqrt                          
00007231  strtod                        
000004ed  system_reset                  
000030c9  task_100Hz                    
00003001  task_20Hz                     
000030f9  task_50Hz                     
000024f1  task_IMU                      
00002b95  task_RF                       
000015cd  task_camera                   
20000ce5  task_color                    
20000ce4  task_number                   
000017c9  task_sonar                    
20000928  timer_rising_edge             
2000099e  toggle_led                    
00004dc1  update_accelerometer          
000081f3  update_hardwareFIFO           
000076c3  update_omega                  


GLOBAL SYMBOLS: SORTED BY Symbol Address 

address   name                          
-------   ----                          
00000000  __TI_static_base__            
00000000  g_pfnVectors                  
00000200  __STACK_SIZE                  
0000026d  GUI_init                      
000002b5  Position_init                 
000002b7  PID_init                      
000004ed  system_reset                  
0000052d  autonomous_go_into_battlefield
000005b1  autonomous_go_out_battlefield 
00000629  set_color_capture             
0000073d  autonomous_reset              
000007e9  autonomous_takeoff            
000008c1  autonomous_switchingPoint     
00000949  autonomous_landing            
0000094b  autonomous_end                
00000981  autonomous_task_2             
00000cbd  autonomous_task_main          
00000f31  autonomous_task_1             
0000104d  autonomous_task               
00001259  main                          
00001395  postion_controller            
000015cd  task_camera                   
000017c9  task_sonar                    
00001b75  display_com                   
00002439  height_controller             
000024f1  task_IMU                      
000025a5  Stable_Controller             
00002b95  task_RF                       
00002f2d  mode_selection                
00003001  task_20Hz                     
000030c9  task_100Hz                    
000030f9  task_50Hz                     
000031b1  communication                 
00003c95  display_system_infor          
00003f6d  PID_controller                
000040e3  PD_controller                 
000041db  PID_type_1                    
00004311  PD_type_1                     
00004391  PID_type_3                    
000044d1  PD_type_3                     
00004563  PID_type_4                    
00004735  PD_type_4                     
00004845  Calib_Gyro                    
00004aa3  MPU6050_INTpin_Init           
00004ae1  MPU6050_Init                  
00004bc3  MPU6050DataAccelGetRaw        
00004c29  MPU6050DataGyroGetRaw         
00004c81  MPU6050DataTempGetRaw         
00004cf1  MPU6050DataGetRaw             
00004dc1  update_accelerometer          
00004eef  Calib_Accelerometer_Amplitude 
000050c5  GPIOE_Interrupt_Handler       
0000530d  GPIOD_Interrupt_Handler       
00005621  GPIOC_Interrupt_Handler       
00005811  set_position                  
00005851  UART6_Interrupt_Handler       
000058f3  UART1_Interrupt_Handler       
00005995  UART0_Interrupt_Handler       
00005a37  UART5_Interrupt_Handler       
00005ad9  UART6_Init                    
00005b45  UART5_Init                    
00005bb5  UART0_Init                    
00005c21  UART1_Init                    
00005c97  SerialPutChar                 
00005cab  SerialPutStr                  
00005cd9  SerialPutStrLn                
00005d11  SerialPutStr_NonTer           
00005d31  SerialTerminator              
00005d55  Serial_Sendcommand_Camera     
00005ddd  IMU_init                      
00005df1  angle                         
00006231  I2C_WriteByte                 
000062a1  I2C_Write                     
0000635b  I2C_Read                      
000064f9  I2C0_Init                     
00006533  I2C2_Init                     
0000656d  I2C1_Init                     
000065ed  Map_y                         
00006641  float2num                     
00006813  int2num                       
00006911  set_float_value               
0000694b  set_int_value                 
0000697d  WTimer1_init                  
000069e1  WTimer5_init                  
00006a5d  PPM_init                      
00006a91  Motor_stop                    
00006abd  ESC_ppm                       
00006cdb  RingBufFull                   
00006d15  RingBufEmpty                  
00006d3f  RingBufFlush                  
00006d5f  RingBufUsed                   
00006d91  RingBufFree                   
00006da7  RingBufContigUsed             
00006dd5  RingBufContigFree             
00006e11  RingBufSize                   
00006e1f  RingBufReadOne                
00006e45  RingBufRead                   
00006e7b  RingBufAdvanceRead            
00006ea9  RingBufAdvanceWrite           
00006f1d  RingBufWriteOne               
00006f43  RingBufWrite                  
00006f79  RingBufInit                   
00006f9d  _Sin                          
00007231  strtod                        
0000746d  Timer3_init                   
000074d1  Sonar_module_init             
00007529  Calib_Sonar_module            
00007699  model_init                    
000076c3  update_omega                  
0000786d  __aeabi_dsub                  
00007877  __aeabi_dadd                  
00007a25  SysTick_Init                  
00007a37  SycTick_Interrupt_Handler     
00007b07  Timer0_init                   
00007b49  Timer0_Interrupt_Handler      
00007b67  getMicroSecond                
00007bbd  _Atan                         
00007d49  atan2                         
00007ec5  fmod                          
00008039  sqrt                          
00008181  myFIFO_init                   
000081a7  FIFO_Rx_CharPut               
000081bd  FIFO_Rx_StrGet                
000081f3  update_hardwareFIFO           
0000825b  FIFOCharPut                   
00008283  FIFO_PutStr                   
000082c9  RF_init                       
00008401  __aeabi_ddiv                  
00008537  GPIOPadConfigSet              
00008669  SysCtlClockGet                
00008781  _Dscale                       
00008891  __aeabi_dmul                  
0000898d  SysCtlClockSet                
00008a7d  _Dnorm                        
00008b3d  myIO_init                     
00008b63  led                           
00008bbb  button                        
00008bd9  __aeabi_memcpy                
00008bd9  __aeabi_memcpy4               
00008bd9  __aeabi_memcpy8               
00008bd9  memcpy                        
00008c75  __aeabi_cdcmpeq               
00008c75  __aeabi_cdcmple               
00008cfb  __aeabi_cdrcmple              
00008d81  __aeabi_memclr                
00008d81  __aeabi_memclr4               
00008d81  __aeabi_memclr8               
00008d83  __aeabi_memset                
00008d83  __aeabi_memset4               
00008d83  __aeabi_memset8               
00008d89  memset                        
00008dfd  __TI_auto_init                
00008ed3  _Dunscale                     
00008f39  safe_check                    
00008f9d  IntEnable                     
00008ffd  TimerConfigure                
00009059  GPIOIntTypeSet                
000090b1  SysCtlPeripheralReset         
00009101  _c_int00                      
00009151  atoi                          
0000919d  copy_in                       
000091e9  __aeabi_d2f                   
00009235  GPIOPinConfigure              
0000927d  I2CMasterInitExpClk           
000092c5  __aeabi_d2iz                  
0000930d  C$$EXIT                       
00009311  abort                         
00009319  exit                          
00009351  UARTConfigSetExpClk           
00009391  signal                        
000093d1  __aeabi_f2d                   
00009409  ResetISR                      
00009441  SysCtlPeripheralEnable        
00009475  feraiseexcept                 
000094a9  _Feraise                      
000094d9  __aeabi_i2d                   
00009507  raise                         
00009535  GPIODirModeSet                
00009561  IntPrioritySet                
00009585  UARTDisable                   
000095a1  cos                           
000095bb  sin                           
000095d5  GPIOPinTypeGPIOOutput         
000095ed  TimerControlLevel             
00009605  _args_main                    
0000961d  I2CMasterErr                  
00009635  SysTickEnable                 
00009649  SysTickIntEnable              
0000965d  UARTEnable                    
00009671  _register_unlock              
00009677  _register_lock                
0000967f  _nop                          
00009685  GPIOPinTypeGPIOInput          
00009697  GPIOPinTypeI2C                
000096a9  GPIOPinTypeI2CSCL             
000096bb  GPIOPinTypeTimer              
000096cd  GPIOPinTypeUART               
000096df  TimerLoadSet                  
000096f1  TimerMatchSet                 
00009703  TimerPrescaleMatchSet         
00009715  TimerPrescaleSet              
00009727  atof                          
00009739  SysTickPeriodSet              
00009749  isdigit                       
00009759  GPIOIntStatus                 
00009767  TimerEnable                   
00009775  __TI_decompress_none          
00009783  CPUcpsid                      
0000978f  CPUcpsie                      
0000979b  GPIOIntEnable                 
000097a7  UARTCharsAvail                
000097b3  UARTTxIntModeSet              
000097bf  __TI_zero_init                
000097cb  I2CMasterDisable              
000097d5  I2CMasterEnable               
000097df  IntMasterDisable              
000097e9  IntMasterEnable               
000097f3  TimerValueGet                 
000097fd  UARTCharGet                   
00009807  UARTCharPut                   
00009811  UARTIntStatus                 
0000981b  I2CMasterBusy                 
00009823  I2CMasterSlaveAddrSet         
0000982b  TimerIntEnable                
00009833  UARTBusy                      
0000983b  UARTIntEnable                 
00009843  CPUbasepriSet                 
00009843  IntPriorityMaskSet            
00009849  GPIOIntClear                  
0000984f  GPIOPinRead                   
00009855  GPIOPinWrite                  
0000985b  SysCtlDelay                   
00009861  UARTClockSourceSet            
00009867  __TI_decompress_rle24         
0000986d  I2CMasterControl              
00009871  I2CMasterDataGet              
00009875  I2CMasterDataPut              
00009879  TimerIntClear                 
0000987d  UARTIntClear                  
00009881  _system_pre_init              
00009888  _ctypes_                      
00009d8c  __TI_Handler_Table_Base       
00009d98  __TI_Handler_Table_Limit      
00009da0  __TI_CINIT_Base               
00009db0  __TI_CINIT_Limit              
20000000  cameraFIFO                    
20000278  communicationFIFO             
200004f0  PID_pitch                     
20000548  PID_roll                      
200005a0  PID_x                         
200005f8  PID_y                         
20000650  PID_yaw                       
200006a8  PID_z                         
20000700  Sonar_module                  
20000754  quad_model                    
2000079c  Socket                        
200007dc  MPU6050                       
20000814  IMU                           
20000848  Uart                          
20000871  UartCamera                    
2000089a  FlagTimer                     
2000089b  Flag_Safe                     
2000089c  data_buffer_cn                
200008c4  RF_module                     
200008e8  Camera                        
20000908  RF_pulse_width                
20000928  timer_rising_edge             
20000948  flag_task_finish              
20000964  flag_task_init                
20000980  ESC                           
20000990  SysTick_Int_Count             
20000996  Flag                          
2000099a  Position                      
2000099e  toggle_led                    
200009a2  Flag_SonarHoldAttitudeMode    
200009a3  color_capture                 
200009a4  flag_color_capture            
200009a8  __stack                       
20000ba8  __STACK_END                   
20000ba8  __STACK_TOP                   
20000c58  _Denorm                       
20000c68  _Eps                          
20000c78  _Hugeval                      
20000c88  _Inf                          
20000c98  _Nan                          
20000ca8  _Snan                         
20000cb8  _Rteps                        
20000cc8  _Xbig                         
20000cd0  _Zero                         
20000cd8  display_mode                  
20000cd9  operation_mode                
20000cdc  pid_x_range                   
20000ce0  pid_y_range                   
20000ce4  task_number                   
20000ce5  task_color                    
20000cfe  flag_takeoff_20Hz             
20000cff  flag_landing_20Hz             
20000d00  seconds                       
20000d04  preMicroSecond_angle          
20000d08  preMicroSecond_position       
20000d0c  preMicroSecond_sonar          
20000d10  preMicroSecond_camera         
20000d14  sampling_time_second          
20000d18  safe_flag                     
20000d19  SycTick_Int_Count             
20000d1a  flag_MPU6050_INTpin           
20000d1b  flag_I2C_connection           
20000d1c  _lock                         
20000d20  _unlock                       
20000d24  __TI_cleanup_ptr              
20000d28  __TI_dtors_ptr                
20000d2c  _Fenv                         
20000d30  _Tls_setup__Fenv              
20000d34  _Errno                        
20000d38  main_func_sp                  
ffffffff  __binit__                     
ffffffff  __c_args__                    
ffffffff  binit                         
UNDEFED   SHT$$INIT_ARRAY$$Base         
UNDEFED   SHT$$INIT_ARRAY$$Limit        

[320 symbols]
