<?xml version="1.0"?>
<link_info>
   <banner>TI ARM Linker PC v5.2.2</banner>
   <copyright>Copyright (c) 1996-2015 Texas Instruments Incorporated</copyright>
   <link_time>0x595d3ddc</link_time>
   <link_errors>0x0</link_errors>
   <output_file>Drone_autonomous.out</output_file>
   <entry_point>
      <name>_c_int00</name>
      <address>0x9101</address>
   </entry_point>
   <input_file_list>
      <input_file id="fl-2">
         <path>.\</path>
         <kind>object</kind>
         <file>IMU.obj</file>
         <name>IMU.obj</name>
      </input_file>
      <input_file id="fl-3">
         <path>.\</path>
         <kind>object</kind>
         <file>PID.obj</file>
         <name>PID.obj</name>
      </input_file>
      <input_file id="fl-4">
         <path>.\</path>
         <kind>object</kind>
         <file>PPM.obj</file>
         <name>PPM.obj</name>
      </input_file>
      <input_file id="fl-5">
         <path>.\</path>
         <kind>object</kind>
         <file>RF.obj</file>
         <name>RF.obj</name>
      </input_file>
      <input_file id="fl-6">
         <path>.\</path>
         <kind>object</kind>
         <file>Sonar.obj</file>
         <name>Sonar.obj</name>
      </input_file>
      <input_file id="fl-7">
         <path>.\</path>
         <kind>object</kind>
         <file>autonomous.obj</file>
         <name>autonomous.obj</name>
      </input_file>
      <input_file id="fl-8">
         <path>.\</path>
         <kind>object</kind>
         <file>config.obj</file>
         <name>config.obj</name>
      </input_file>
      <input_file id="fl-9">
         <path>.\</path>
         <kind>object</kind>
         <file>estimator.obj</file>
         <name>estimator.obj</name>
      </input_file>
      <input_file id="fl-a">
         <path>.\</path>
         <kind>object</kind>
         <file>interrupt_handler.obj</file>
         <name>interrupt_handler.obj</name>
      </input_file>
      <input_file id="fl-b">
         <path>.\</path>
         <kind>object</kind>
         <file>main_Quadrotor_V3_0.obj</file>
         <name>main_Quadrotor_V3_0.obj</name>
      </input_file>
      <input_file id="fl-c">
         <path>.\</path>
         <kind>object</kind>
         <file>mpu6050.obj</file>
         <name>mpu6050.obj</name>
      </input_file>
      <input_file id="fl-d">
         <path>.\</path>
         <kind>object</kind>
         <file>myFIFO.obj</file>
         <name>myFIFO.obj</name>
      </input_file>
      <input_file id="fl-e">
         <path>.\</path>
         <kind>object</kind>
         <file>myI2C.obj</file>
         <name>myI2C.obj</name>
      </input_file>
      <input_file id="fl-f">
         <path>.\</path>
         <kind>object</kind>
         <file>myIO.obj</file>
         <name>myIO.obj</name>
      </input_file>
      <input_file id="fl-10">
         <path>.\</path>
         <kind>object</kind>
         <file>myTimer.obj</file>
         <name>myTimer.obj</name>
      </input_file>
      <input_file id="fl-11">
         <path>.\</path>
         <kind>object</kind>
         <file>numManipulate.obj</file>
         <name>numManipulate.obj</name>
      </input_file>
      <input_file id="fl-12">
         <path>.\</path>
         <kind>object</kind>
         <file>ringbuf.obj</file>
         <name>ringbuf.obj</name>
      </input_file>
      <input_file id="fl-13">
         <path>.\</path>
         <kind>object</kind>
         <file>safety.obj</file>
         <name>safety.obj</name>
      </input_file>
      <input_file id="fl-14">
         <path>.\</path>
         <kind>object</kind>
         <file>serial.obj</file>
         <name>serial.obj</name>
      </input_file>
      <input_file id="fl-15">
         <path>.\</path>
         <kind>object</kind>
         <file>tm4c123gh6pm_startup_ccs.obj</file>
         <name>tm4c123gh6pm_startup_ccs.obj</name>
      </input_file>
      <input_file id="fl-1b">
         <path>C:\ti\TivaWare_C_Series-2.1.0.12573\driverlib\ccs\Debug\</path>
         <kind>archive</kind>
         <file>driverlib.lib</file>
         <name>uart.obj</name>
      </input_file>
      <input_file id="fl-1c">
         <path>C:\ti\TivaWare_C_Series-2.1.0.12573\driverlib\ccs\Debug\</path>
         <kind>archive</kind>
         <file>driverlib.lib</file>
         <name>timer.obj</name>
      </input_file>
      <input_file id="fl-1d">
         <path>C:\ti\TivaWare_C_Series-2.1.0.12573\driverlib\ccs\Debug\</path>
         <kind>archive</kind>
         <file>driverlib.lib</file>
         <name>systick.obj</name>
      </input_file>
      <input_file id="fl-1e">
         <path>C:\ti\TivaWare_C_Series-2.1.0.12573\driverlib\ccs\Debug\</path>
         <kind>archive</kind>
         <file>driverlib.lib</file>
         <name>sysctl.obj</name>
      </input_file>
      <input_file id="fl-1f">
         <path>C:\ti\TivaWare_C_Series-2.1.0.12573\driverlib\ccs\Debug\</path>
         <kind>archive</kind>
         <file>driverlib.lib</file>
         <name>interrupt.obj</name>
      </input_file>
      <input_file id="fl-20">
         <path>C:\ti\TivaWare_C_Series-2.1.0.12573\driverlib\ccs\Debug\</path>
         <kind>archive</kind>
         <file>driverlib.lib</file>
         <name>i2c.obj</name>
      </input_file>
      <input_file id="fl-21">
         <path>C:\ti\TivaWare_C_Series-2.1.0.12573\driverlib\ccs\Debug\</path>
         <kind>archive</kind>
         <file>driverlib.lib</file>
         <name>gpio.obj</name>
      </input_file>
      <input_file id="fl-22">
         <path>C:\ti\TivaWare_C_Series-2.1.0.12573\driverlib\ccs\Debug\</path>
         <kind>archive</kind>
         <file>driverlib.lib</file>
         <name>cpu.obj</name>
      </input_file>
      <input_file id="fl-144">
         <path>C:\ti\ccsv6\tools\compiler\ti-cgt-arm_5.2.2\lib\</path>
         <kind>archive</kind>
         <file>rtsv7M4_T_le_v4SPD16_eabi.lib</file>
         <name>atan2.obj</name>
      </input_file>
      <input_file id="fl-145">
         <path>C:\ti\ccsv6\tools\compiler\ti-cgt-arm_5.2.2\lib\</path>
         <kind>archive</kind>
         <file>rtsv7M4_T_le_v4SPD16_eabi.lib</file>
         <name>atof.obj</name>
      </input_file>
      <input_file id="fl-146">
         <path>C:\ti\ccsv6\tools\compiler\ti-cgt-arm_5.2.2\lib\</path>
         <kind>archive</kind>
         <file>rtsv7M4_T_le_v4SPD16_eabi.lib</file>
         <name>atoi.obj</name>
      </input_file>
      <input_file id="fl-147">
         <path>C:\ti\ccsv6\tools\compiler\ti-cgt-arm_5.2.2\lib\</path>
         <kind>archive</kind>
         <file>rtsv7M4_T_le_v4SPD16_eabi.lib</file>
         <name>boot.obj</name>
      </input_file>
      <input_file id="fl-148">
         <path>C:\ti\ccsv6\tools\compiler\ti-cgt-arm_5.2.2\lib\</path>
         <kind>archive</kind>
         <file>rtsv7M4_T_le_v4SPD16_eabi.lib</file>
         <name>copy_decompress_none.obj</name>
      </input_file>
      <input_file id="fl-149">
         <path>C:\ti\ccsv6\tools\compiler\ti-cgt-arm_5.2.2\lib\</path>
         <kind>archive</kind>
         <file>rtsv7M4_T_le_v4SPD16_eabi.lib</file>
         <name>copy_decompress_rle.obj</name>
      </input_file>
      <input_file id="fl-14a">
         <path>C:\ti\ccsv6\tools\compiler\ti-cgt-arm_5.2.2\lib\</path>
         <kind>archive</kind>
         <file>rtsv7M4_T_le_v4SPD16_eabi.lib</file>
         <name>copy_zero_init.obj</name>
      </input_file>
      <input_file id="fl-14b">
         <path>C:\ti\ccsv6\tools\compiler\ti-cgt-arm_5.2.2\lib\</path>
         <kind>archive</kind>
         <file>rtsv7M4_T_le_v4SPD16_eabi.lib</file>
         <name>cos.obj</name>
      </input_file>
      <input_file id="fl-14c">
         <path>C:\ti\ccsv6\tools\compiler\ti-cgt-arm_5.2.2\lib\</path>
         <kind>archive</kind>
         <file>rtsv7M4_T_le_v4SPD16_eabi.lib</file>
         <name>ctype.obj</name>
      </input_file>
      <input_file id="fl-14d">
         <path>C:\ti\ccsv6\tools\compiler\ti-cgt-arm_5.2.2\lib\</path>
         <kind>archive</kind>
         <file>rtsv7M4_T_le_v4SPD16_eabi.lib</file>
         <name>exit.obj</name>
      </input_file>
      <input_file id="fl-14e">
         <path>C:\ti\ccsv6\tools\compiler\ti-cgt-arm_5.2.2\lib\</path>
         <kind>archive</kind>
         <file>rtsv7M4_T_le_v4SPD16_eabi.lib</file>
         <name>fd_add_t2.obj</name>
      </input_file>
      <input_file id="fl-14f">
         <path>C:\ti\ccsv6\tools\compiler\ti-cgt-arm_5.2.2\lib\</path>
         <kind>archive</kind>
         <file>rtsv7M4_T_le_v4SPD16_eabi.lib</file>
         <name>fd_cmp_t2.obj</name>
      </input_file>
      <input_file id="fl-150">
         <path>C:\ti\ccsv6\tools\compiler\ti-cgt-arm_5.2.2\lib\</path>
         <kind>archive</kind>
         <file>rtsv7M4_T_le_v4SPD16_eabi.lib</file>
         <name>fd_div_t2.obj</name>
      </input_file>
      <input_file id="fl-151">
         <path>C:\ti\ccsv6\tools\compiler\ti-cgt-arm_5.2.2\lib\</path>
         <kind>archive</kind>
         <file>rtsv7M4_T_le_v4SPD16_eabi.lib</file>
         <name>fd_mul_t2.obj</name>
      </input_file>
      <input_file id="fl-152">
         <path>C:\ti\ccsv6\tools\compiler\ti-cgt-arm_5.2.2\lib\</path>
         <kind>archive</kind>
         <file>rtsv7M4_T_le_v4SPD16_eabi.lib</file>
         <name>fd_tos_t2.obj</name>
      </input_file>
      <input_file id="fl-153">
         <path>C:\ti\ccsv6\tools\compiler\ti-cgt-arm_5.2.2\lib\</path>
         <kind>archive</kind>
         <file>rtsv7M4_T_le_v4SPD16_eabi.lib</file>
         <name>fs_tod_t2.obj</name>
      </input_file>
      <input_file id="fl-154">
         <path>C:\ti\ccsv6\tools\compiler\ti-cgt-arm_5.2.2\lib\</path>
         <kind>archive</kind>
         <file>rtsv7M4_T_le_v4SPD16_eabi.lib</file>
         <name>i_tofd_t2.obj</name>
      </input_file>
      <input_file id="fl-155">
         <path>C:\ti\ccsv6\tools\compiler\ti-cgt-arm_5.2.2\lib\</path>
         <kind>archive</kind>
         <file>rtsv7M4_T_le_v4SPD16_eabi.lib</file>
         <name>isdigit.obj</name>
      </input_file>
      <input_file id="fl-156">
         <path>C:\ti\ccsv6\tools\compiler\ti-cgt-arm_5.2.2\lib\</path>
         <kind>archive</kind>
         <file>rtsv7M4_T_le_v4SPD16_eabi.lib</file>
         <name>memcpy_t2.obj</name>
      </input_file>
      <input_file id="fl-157">
         <path>C:\ti\ccsv6\tools\compiler\ti-cgt-arm_5.2.2\lib\</path>
         <kind>archive</kind>
         <file>rtsv7M4_T_le_v4SPD16_eabi.lib</file>
         <name>memset_t2.obj</name>
      </input_file>
      <input_file id="fl-158">
         <path>C:\ti\ccsv6\tools\compiler\ti-cgt-arm_5.2.2\lib\</path>
         <kind>archive</kind>
         <file>rtsv7M4_T_le_v4SPD16_eabi.lib</file>
         <name>pre_init.obj</name>
      </input_file>
      <input_file id="fl-159">
         <path>C:\ti\ccsv6\tools\compiler\ti-cgt-arm_5.2.2\lib\</path>
         <kind>archive</kind>
         <file>rtsv7M4_T_le_v4SPD16_eabi.lib</file>
         <name>sin.obj</name>
      </input_file>
      <input_file id="fl-15a">
         <path>C:\ti\ccsv6\tools\compiler\ti-cgt-arm_5.2.2\lib\</path>
         <kind>archive</kind>
         <file>rtsv7M4_T_le_v4SPD16_eabi.lib</file>
         <name>sqrt.obj</name>
      </input_file>
      <input_file id="fl-15b">
         <path>C:\ti\ccsv6\tools\compiler\ti-cgt-arm_5.2.2\lib\</path>
         <kind>archive</kind>
         <file>rtsv7M4_T_le_v4SPD16_eabi.lib</file>
         <name>stkdepth_vars.obj</name>
      </input_file>
      <input_file id="fl-15c">
         <path>C:\ti\ccsv6\tools\compiler\ti-cgt-arm_5.2.2\lib\</path>
         <kind>archive</kind>
         <file>rtsv7M4_T_le_v4SPD16_eabi.lib</file>
         <name>strtod.obj</name>
      </input_file>
      <input_file id="fl-15d">
         <path>C:\ti\ccsv6\tools\compiler\ti-cgt-arm_5.2.2\lib\</path>
         <kind>archive</kind>
         <file>rtsv7M4_T_le_v4SPD16_eabi.lib</file>
         <name>xatan.obj</name>
      </input_file>
      <input_file id="fl-15e">
         <path>C:\ti\ccsv6\tools\compiler\ti-cgt-arm_5.2.2\lib\</path>
         <kind>archive</kind>
         <file>rtsv7M4_T_le_v4SPD16_eabi.lib</file>
         <name>xdscale.obj</name>
      </input_file>
      <input_file id="fl-15f">
         <path>C:\ti\ccsv6\tools\compiler\ti-cgt-arm_5.2.2\lib\</path>
         <kind>archive</kind>
         <file>rtsv7M4_T_le_v4SPD16_eabi.lib</file>
         <name>xdunscal.obj</name>
      </input_file>
      <input_file id="fl-160">
         <path>C:\ti\ccsv6\tools\compiler\ti-cgt-arm_5.2.2\lib\</path>
         <kind>archive</kind>
         <file>rtsv7M4_T_le_v4SPD16_eabi.lib</file>
         <name>xferaise.obj</name>
      </input_file>
      <input_file id="fl-161">
         <path>C:\ti\ccsv6\tools\compiler\ti-cgt-arm_5.2.2\lib\</path>
         <kind>archive</kind>
         <file>rtsv7M4_T_le_v4SPD16_eabi.lib</file>
         <name>xsin.obj</name>
      </input_file>
      <input_file id="fl-162">
         <path>C:\ti\ccsv6\tools\compiler\ti-cgt-arm_5.2.2\lib\</path>
         <kind>archive</kind>
         <file>rtsv7M4_T_le_v4SPD16_eabi.lib</file>
         <name>xvalues.obj</name>
      </input_file>
      <input_file id="fl-163">
         <path>C:\ti\ccsv6\tools\compiler\ti-cgt-arm_5.2.2\lib\</path>
         <kind>archive</kind>
         <file>rtsv7M4_T_le_v4SPD16_eabi.lib</file>
         <name>_lock.obj</name>
      </input_file>
      <input_file id="fl-164">
         <path>C:\ti\ccsv6\tools\compiler\ti-cgt-arm_5.2.2\lib\</path>
         <kind>archive</kind>
         <file>rtsv7M4_T_le_v4SPD16_eabi.lib</file>
         <name>args_main.obj</name>
      </input_file>
      <input_file id="fl-165">
         <path>C:\ti\ccsv6\tools\compiler\ti-cgt-arm_5.2.2\lib\</path>
         <kind>archive</kind>
         <file>rtsv7M4_T_le_v4SPD16_eabi.lib</file>
         <name>autoinit.obj</name>
      </input_file>
      <input_file id="fl-166">
         <path>C:\ti\ccsv6\tools\compiler\ti-cgt-arm_5.2.2\lib\</path>
         <kind>archive</kind>
         <file>rtsv7M4_T_le_v4SPD16_eabi.lib</file>
         <name>cpy_tbl.obj</name>
      </input_file>
      <input_file id="fl-167">
         <path>C:\ti\ccsv6\tools\compiler\ti-cgt-arm_5.2.2\lib\</path>
         <kind>archive</kind>
         <file>rtsv7M4_T_le_v4SPD16_eabi.lib</file>
         <name>errno.obj</name>
      </input_file>
      <input_file id="fl-168">
         <path>C:\ti\ccsv6\tools\compiler\ti-cgt-arm_5.2.2\lib\</path>
         <kind>archive</kind>
         <file>rtsv7M4_T_le_v4SPD16_eabi.lib</file>
         <name>fd_toi_t2.obj</name>
      </input_file>
      <input_file id="fl-169">
         <path>C:\ti\ccsv6\tools\compiler\ti-cgt-arm_5.2.2\lib\</path>
         <kind>archive</kind>
         <file>rtsv7M4_T_le_v4SPD16_eabi.lib</file>
         <name>feraiseexcept.obj</name>
      </input_file>
      <input_file id="fl-16a">
         <path>C:\ti\ccsv6\tools\compiler\ti-cgt-arm_5.2.2\lib\</path>
         <kind>archive</kind>
         <file>rtsv7M4_T_le_v4SPD16_eabi.lib</file>
         <name>fmod.obj</name>
      </input_file>
      <input_file id="fl-16b">
         <path>C:\ti\ccsv6\tools\compiler\ti-cgt-arm_5.2.2\lib\</path>
         <kind>archive</kind>
         <file>rtsv7M4_T_le_v4SPD16_eabi.lib</file>
         <name>raise.obj</name>
      </input_file>
      <input_file id="fl-16c">
         <path>C:\ti\ccsv6\tools\compiler\ti-cgt-arm_5.2.2\lib\</path>
         <kind>archive</kind>
         <file>rtsv7M4_T_le_v4SPD16_eabi.lib</file>
         <name>signal.obj</name>
      </input_file>
      <input_file id="fl-16d">
         <path>C:\ti\ccsv6\tools\compiler\ti-cgt-arm_5.2.2\lib\</path>
         <kind>archive</kind>
         <file>rtsv7M4_T_le_v4SPD16_eabi.lib</file>
         <name>xdnorm.obj</name>
      </input_file>
   </input_file_list>
   <object_component_list>
      <object_component id="oc-f">
         <name>.intvecs</name>
         <load_address>0x0</load_address>
         <run_address>0x0</run_address>
         <size>0x26c</size>
         <input_file_ref idref="fl-15"/>
      </object_component>
      <object_component id="oc-1b6">
         <name>.text</name>
         <load_address>0x26c</load_address>
         <run_address>0x26c</run_address>
         <size>0x3d00</size>
         <input_file_ref idref="fl-b"/>
      </object_component>
      <object_component id="oc-31b">
         <name>.text</name>
         <load_address>0x3f6c</load_address>
         <run_address>0x3f6c</run_address>
         <size>0x8d8</size>
         <input_file_ref idref="fl-3"/>
      </object_component>
      <object_component id="oc-2f6">
         <name>.text</name>
         <load_address>0x4844</load_address>
         <run_address>0x4844</run_address>
         <size>0x880</size>
         <input_file_ref idref="fl-c"/>
      </object_component>
      <object_component id="oc-36">
         <name>.text</name>
         <load_address>0x50c4</load_address>
         <run_address>0x50c4</run_address>
         <size>0x74c</size>
         <input_file_ref idref="fl-a"/>
      </object_component>
      <object_component id="oc-3c">
         <name>.text</name>
         <load_address>0x5810</load_address>
         <run_address>0x5810</run_address>
         <size>0x5cc</size>
         <input_file_ref idref="fl-14"/>
      </object_component>
      <object_component id="oc-308">
         <name>.text</name>
         <load_address>0x5ddc</load_address>
         <run_address>0x5ddc</run_address>
         <size>0x454</size>
         <input_file_ref idref="fl-2"/>
      </object_component>
      <object_component id="oc-2f0">
         <name>.text</name>
         <load_address>0x6230</load_address>
         <run_address>0x6230</run_address>
         <size>0x3bc</size>
         <input_file_ref idref="fl-e"/>
      </object_component>
      <object_component id="oc-2dc">
         <name>.text</name>
         <load_address>0x65ec</load_address>
         <run_address>0x65ec</run_address>
         <size>0x390</size>
         <input_file_ref idref="fl-11"/>
      </object_component>
      <object_component id="oc-86">
         <name>.text</name>
         <load_address>0x697c</load_address>
         <run_address>0x697c</run_address>
         <size>0x314</size>
         <input_file_ref idref="fl-4"/>
      </object_component>
      <object_component id="oc-185">
         <name>.text</name>
         <load_address>0x6c90</load_address>
         <run_address>0x6c90</run_address>
         <size>0x30c</size>
         <input_file_ref idref="fl-12"/>
      </object_component>
      <object_component id="oc-4ab">
         <name>.text</name>
         <load_address>0x6f9c</load_address>
         <run_address>0x6f9c</run_address>
         <size>0x294</size>
         <input_file_ref idref="fl-161"/>
      </object_component>
      <object_component id="oc-469">
         <name>.text</name>
         <load_address>0x7230</load_address>
         <run_address>0x7230</run_address>
         <size>0x23c</size>
         <input_file_ref idref="fl-15c"/>
      </object_component>
      <object_component id="oc-302">
         <name>.text</name>
         <load_address>0x746c</load_address>
         <run_address>0x746c</run_address>
         <size>0x22c</size>
         <input_file_ref idref="fl-6"/>
      </object_component>
      <object_component id="oc-30e">
         <name>.text</name>
         <load_address>0x7698</load_address>
         <run_address>0x7698</run_address>
         <size>0x1d4</size>
         <input_file_ref idref="fl-9"/>
      </object_component>
      <object_component id="oc-118">
         <name>.text</name>
         <load_address>0x786c</load_address>
         <run_address>0x786c</run_address>
         <size>0x1b6</size>
         <input_file_ref idref="fl-14e"/>
      </object_component>
      <object_component id="oc-30">
         <name>.text</name>
         <load_address>0x7a24</load_address>
         <run_address>0x7a24</run_address>
         <size>0x198</size>
         <input_file_ref idref="fl-10"/>
      </object_component>
      <object_component id="oc-4a2">
         <name>.text</name>
         <load_address>0x7bbc</load_address>
         <run_address>0x7bbc</run_address>
         <size>0x18c</size>
         <input_file_ref idref="fl-15d"/>
      </object_component>
      <object_component id="oc-429">
         <name>.text</name>
         <load_address>0x7d48</load_address>
         <run_address>0x7d48</run_address>
         <size>0x17c</size>
         <input_file_ref idref="fl-144"/>
      </object_component>
      <object_component id="oc-4ed">
         <name>.text</name>
         <load_address>0x7ec4</load_address>
         <run_address>0x7ec4</run_address>
         <size>0x174</size>
         <input_file_ref idref="fl-16a"/>
      </object_component>
      <object_component id="oc-328">
         <name>.text</name>
         <load_address>0x8038</load_address>
         <run_address>0x8038</run_address>
         <size>0x148</size>
         <input_file_ref idref="fl-15a"/>
      </object_component>
      <object_component id="oc-149">
         <name>.text</name>
         <load_address>0x8180</load_address>
         <run_address>0x8180</run_address>
         <size>0x146</size>
         <input_file_ref idref="fl-d"/>
      </object_component>
      <object_component id="oc-2fc">
         <name>.text</name>
         <load_address>0x82c8</load_address>
         <run_address>0x82c8</run_address>
         <size>0x138</size>
         <input_file_ref idref="fl-5"/>
      </object_component>
      <object_component id="oc-42f">
         <name>.text</name>
         <load_address>0x8400</load_address>
         <run_address>0x8400</run_address>
         <size>0x136</size>
         <input_file_ref idref="fl-150"/>
      </object_component>
      <object_component id="oc-281">
         <name>.text:GPIOPadConfigSet</name>
         <load_address>0x8536</load_address>
         <run_address>0x8536</run_address>
         <size>0x130</size>
         <input_file_ref idref="fl-21"/>
      </object_component>
      <object_component id="oc-ab">
         <name>.text:SysCtlClockGet</name>
         <load_address>0x8668</load_address>
         <run_address>0x8668</run_address>
         <size>0x118</size>
         <input_file_ref idref="fl-1e"/>
      </object_component>
      <object_component id="oc-452">
         <name>.text</name>
         <load_address>0x8780</load_address>
         <run_address>0x8780</run_address>
         <size>0x110</size>
         <input_file_ref idref="fl-15e"/>
      </object_component>
      <object_component id="oc-113">
         <name>.text</name>
         <load_address>0x8890</load_address>
         <run_address>0x8890</run_address>
         <size>0xfc</size>
         <input_file_ref idref="fl-151"/>
      </object_component>
      <object_component id="oc-2e4">
         <name>.text:SysCtlClockSet</name>
         <load_address>0x898c</load_address>
         <run_address>0x898c</run_address>
         <size>0xf0</size>
         <input_file_ref idref="fl-1e"/>
      </object_component>
      <object_component id="oc-4be">
         <name>.text</name>
         <load_address>0x8a7c</load_address>
         <run_address>0x8a7c</run_address>
         <size>0xbe</size>
         <input_file_ref idref="fl-16d"/>
      </object_component>
      <object_component id="oc-2ea">
         <name>.text</name>
         <load_address>0x8b3c</load_address>
         <run_address>0x8b3c</run_address>
         <size>0x9c</size>
         <input_file_ref idref="fl-f"/>
      </object_component>
      <object_component id="oc-45">
         <name>.text</name>
         <load_address>0x8bd8</load_address>
         <run_address>0x8bd8</run_address>
         <size>0x9c</size>
         <input_file_ref idref="fl-156"/>
      </object_component>
      <object_component id="oc-49d">
         <name>.text:__aeabi_cdcmple</name>
         <load_address>0x8c74</load_address>
         <run_address>0x8c74</run_address>
         <size>0x86</size>
         <input_file_ref idref="fl-14f"/>
      </object_component>
      <object_component id="oc-410">
         <name>.text:__aeabi_cdrcmple</name>
         <load_address>0x8cfa</load_address>
         <run_address>0x8cfa</run_address>
         <size>0x86</size>
         <input_file_ref idref="fl-14f"/>
      </object_component>
      <object_component id="oc-5e">
         <name>.text</name>
         <load_address>0x8d80</load_address>
         <run_address>0x8d80</run_address>
         <size>0x7a</size>
         <input_file_ref idref="fl-157"/>
      </object_component>
      <object_component id="oc-70">
         <name>.text</name>
         <load_address>0x8dfc</load_address>
         <run_address>0x8dfc</run_address>
         <size>0x6c</size>
         <input_file_ref idref="fl-165"/>
      </object_component>
      <object_component id="oc-51">
         <name>.text</name>
         <load_address>0x8e68</load_address>
         <run_address>0x8e68</run_address>
         <size>0x6a</size>
         <input_file_ref idref="fl-149"/>
      </object_component>
      <object_component id="oc-44c">
         <name>.text</name>
         <load_address>0x8ed2</load_address>
         <run_address>0x8ed2</run_address>
         <size>0x66</size>
         <input_file_ref idref="fl-15f"/>
      </object_component>
      <object_component id="oc-315">
         <name>.text</name>
         <load_address>0x8f38</load_address>
         <run_address>0x8f38</run_address>
         <size>0x64</size>
         <input_file_ref idref="fl-13"/>
      </object_component>
      <object_component id="oc-bd">
         <name>.text:IntEnable</name>
         <load_address>0x8f9c</load_address>
         <run_address>0x8f9c</run_address>
         <size>0x60</size>
         <input_file_ref idref="fl-1f"/>
      </object_component>
      <object_component id="oc-a5">
         <name>.text:TimerConfigure</name>
         <load_address>0x8ffc</load_address>
         <run_address>0x8ffc</run_address>
         <size>0x5c</size>
         <input_file_ref idref="fl-1c"/>
      </object_component>
      <object_component id="oc-3fe">
         <name>.text:GPIOIntTypeSet</name>
         <load_address>0x9058</load_address>
         <run_address>0x9058</run_address>
         <size>0x56</size>
         <input_file_ref idref="fl-21"/>
      </object_component>
      <object_component id="oc-3de">
         <name>.text:SysCtlPeripheralReset</name>
         <load_address>0x90b0</load_address>
         <run_address>0x90b0</run_address>
         <size>0x50</size>
         <input_file_ref idref="fl-1e"/>
      </object_component>
      <object_component id="oc-24">
         <name>.text</name>
         <load_address>0x9100</load_address>
         <run_address>0x9100</run_address>
         <size>0x50</size>
         <input_file_ref idref="fl-147"/>
      </object_component>
      <object_component id="oc-131">
         <name>.text</name>
         <load_address>0x9150</load_address>
         <run_address>0x9150</run_address>
         <size>0x4c</size>
         <input_file_ref idref="fl-146"/>
      </object_component>
      <object_component id="oc-1ae">
         <name>.text</name>
         <load_address>0x919c</load_address>
         <run_address>0x919c</run_address>
         <size>0x4c</size>
         <input_file_ref idref="fl-166"/>
      </object_component>
      <object_component id="oc-11d">
         <name>.text</name>
         <load_address>0x91e8</load_address>
         <run_address>0x91e8</run_address>
         <size>0x4a</size>
         <input_file_ref idref="fl-152"/>
      </object_component>
      <object_component id="oc-155">
         <name>.text:GPIOPinConfigure</name>
         <load_address>0x9234</load_address>
         <run_address>0x9234</run_address>
         <size>0x48</size>
         <input_file_ref idref="fl-21"/>
      </object_component>
      <object_component id="oc-3e4">
         <name>.text:I2CMasterInitExpClk</name>
         <load_address>0x927c</load_address>
         <run_address>0x927c</run_address>
         <size>0x48</size>
         <input_file_ref idref="fl-20"/>
      </object_component>
      <object_component id="oc-4f3">
         <name>.text</name>
         <load_address>0x92c4</load_address>
         <run_address>0x92c4</run_address>
         <size>0x48</size>
         <input_file_ref idref="fl-168"/>
      </object_component>
      <object_component id="oc-7c">
         <name>.text</name>
         <load_address>0x930c</load_address>
         <run_address>0x930c</run_address>
         <size>0x44</size>
         <input_file_ref idref="fl-14d"/>
      </object_component>
      <object_component id="oc-161">
         <name>.text:UARTConfigSetExpClk</name>
         <load_address>0x9350</load_address>
         <run_address>0x9350</run_address>
         <size>0x40</size>
         <input_file_ref idref="fl-1b"/>
      </object_component>
      <object_component id="oc-527">
         <name>.text</name>
         <load_address>0x9390</load_address>
         <run_address>0x9390</run_address>
         <size>0x40</size>
         <input_file_ref idref="fl-16c"/>
      </object_component>
      <object_component id="oc-10e">
         <name>.text</name>
         <load_address>0x93d0</load_address>
         <run_address>0x93d0</run_address>
         <size>0x38</size>
         <input_file_ref idref="fl-153"/>
      </object_component>
      <object_component id="oc-2a">
         <name>.text</name>
         <load_address>0x9408</load_address>
         <run_address>0x9408</run_address>
         <size>0x36</size>
         <input_file_ref idref="fl-15"/>
      </object_component>
      <object_component id="oc-9f">
         <name>.text:SysCtlPeripheralEnable</name>
         <load_address>0x9440</load_address>
         <run_address>0x9440</run_address>
         <size>0x34</size>
         <input_file_ref idref="fl-1e"/>
      </object_component>
      <object_component id="oc-4c8">
         <name>.text</name>
         <load_address>0x9474</load_address>
         <run_address>0x9474</run_address>
         <size>0x34</size>
         <input_file_ref idref="fl-169"/>
      </object_component>
      <object_component id="oc-458">
         <name>.text</name>
         <load_address>0x94a8</load_address>
         <run_address>0x94a8</run_address>
         <size>0x30</size>
         <input_file_ref idref="fl-160"/>
      </object_component>
      <object_component id="oc-424">
         <name>.text</name>
         <load_address>0x94d8</load_address>
         <run_address>0x94d8</run_address>
         <size>0x2e</size>
         <input_file_ref idref="fl-154"/>
      </object_component>
      <object_component id="oc-507">
         <name>.text</name>
         <load_address>0x9506</load_address>
         <run_address>0x9506</run_address>
         <size>0x2e</size>
         <input_file_ref idref="fl-16b"/>
      </object_component>
      <object_component id="oc-27b">
         <name>.text:GPIODirModeSet</name>
         <load_address>0x9534</load_address>
         <run_address>0x9534</run_address>
         <size>0x2a</size>
         <input_file_ref idref="fl-21"/>
      </object_component>
      <object_component id="oc-c3">
         <name>.text:IntPrioritySet</name>
         <load_address>0x9560</load_address>
         <run_address>0x9560</run_address>
         <size>0x24</size>
         <input_file_ref idref="fl-1f"/>
      </object_component>
      <object_component id="oc-288">
         <name>.text:UARTDisable</name>
         <load_address>0x9584</load_address>
         <run_address>0x9584</run_address>
         <size>0x1c</size>
         <input_file_ref idref="fl-1b"/>
      </object_component>
      <object_component id="oc-434">
         <name>.text</name>
         <load_address>0x95a0</load_address>
         <run_address>0x95a0</run_address>
         <size>0x1a</size>
         <input_file_ref idref="fl-14b"/>
      </object_component>
      <object_component id="oc-43a">
         <name>.text</name>
         <load_address>0x95ba</load_address>
         <run_address>0x95ba</run_address>
         <size>0x1a</size>
         <input_file_ref idref="fl-159"/>
      </object_component>
      <object_component id="oc-3a7">
         <name>.text:GPIOPinTypeGPIOOutput</name>
         <load_address>0x95d4</load_address>
         <run_address>0x95d4</run_address>
         <size>0x18</size>
         <input_file_ref idref="fl-21"/>
      </object_component>
      <object_component id="oc-1cf">
         <name>.text:TimerControlLevel</name>
         <load_address>0x95ec</load_address>
         <run_address>0x95ec</run_address>
         <size>0x18</size>
         <input_file_ref idref="fl-1c"/>
      </object_component>
      <object_component id="oc-76">
         <name>.text</name>
         <load_address>0x9604</load_address>
         <run_address>0x9604</run_address>
         <size>0x18</size>
         <input_file_ref idref="fl-164"/>
      </object_component>
      <object_component id="oc-3d2">
         <name>.text:I2CMasterErr</name>
         <load_address>0x961c</load_address>
         <run_address>0x961c</run_address>
         <size>0x16</size>
         <input_file_ref idref="fl-20"/>
      </object_component>
      <object_component id="oc-99">
         <name>.text:SysTickEnable</name>
         <load_address>0x9634</load_address>
         <run_address>0x9634</run_address>
         <size>0x14</size>
         <input_file_ref idref="fl-1d"/>
      </object_component>
      <object_component id="oc-93">
         <name>.text:SysTickIntEnable</name>
         <load_address>0x9648</load_address>
         <run_address>0x9648</run_address>
         <size>0x14</size>
         <input_file_ref idref="fl-1d"/>
      </object_component>
      <object_component id="oc-17f">
         <name>.text:UARTEnable</name>
         <load_address>0x965c</load_address>
         <run_address>0x965c</run_address>
         <size>0x14</size>
         <input_file_ref idref="fl-1b"/>
      </object_component>
      <object_component id="oc-342">
         <name>.text</name>
         <load_address>0x9670</load_address>
         <run_address>0x9670</run_address>
         <size>0x14</size>
         <input_file_ref idref="fl-163"/>
      </object_component>
      <object_component id="oc-3ad">
         <name>.text:GPIOPinTypeGPIOInput</name>
         <load_address>0x9684</load_address>
         <run_address>0x9684</run_address>
         <size>0x12</size>
         <input_file_ref idref="fl-21"/>
      </object_component>
      <object_component id="oc-3f0">
         <name>.text:GPIOPinTypeI2C</name>
         <load_address>0x9696</load_address>
         <run_address>0x9696</run_address>
         <size>0x12</size>
         <input_file_ref idref="fl-21"/>
      </object_component>
      <object_component id="oc-3f6">
         <name>.text:GPIOPinTypeI2CSCL</name>
         <load_address>0x96a8</load_address>
         <run_address>0x96a8</run_address>
         <size>0x12</size>
         <input_file_ref idref="fl-21"/>
      </object_component>
      <object_component id="oc-1c9">
         <name>.text:GPIOPinTypeTimer</name>
         <load_address>0x96ba</load_address>
         <run_address>0x96ba</run_address>
         <size>0x12</size>
         <input_file_ref idref="fl-21"/>
      </object_component>
      <object_component id="oc-15b">
         <name>.text:GPIOPinTypeUART</name>
         <load_address>0x96cc</load_address>
         <run_address>0x96cc</run_address>
         <size>0x12</size>
         <input_file_ref idref="fl-21"/>
      </object_component>
      <object_component id="oc-b1">
         <name>.text:TimerLoadSet</name>
         <load_address>0x96de</load_address>
         <run_address>0x96de</run_address>
         <size>0x12</size>
         <input_file_ref idref="fl-1c"/>
      </object_component>
      <object_component id="oc-1d5">
         <name>.text:TimerMatchSet</name>
         <load_address>0x96f0</load_address>
         <run_address>0x96f0</run_address>
         <size>0x12</size>
         <input_file_ref idref="fl-1c"/>
      </object_component>
      <object_component id="oc-41d">
         <name>.text:TimerPrescaleMatchSet</name>
         <load_address>0x9702</load_address>
         <run_address>0x9702</run_address>
         <size>0x12</size>
         <input_file_ref idref="fl-1c"/>
      </object_component>
      <object_component id="oc-417">
         <name>.text:TimerPrescaleSet</name>
         <load_address>0x9714</load_address>
         <run_address>0x9714</run_address>
         <size>0x12</size>
         <input_file_ref idref="fl-1c"/>
      </object_component>
      <object_component id="oc-331">
         <name>.text</name>
         <load_address>0x9726</load_address>
         <run_address>0x9726</run_address>
         <size>0x12</size>
         <input_file_ref idref="fl-145"/>
      </object_component>
      <object_component id="oc-8d">
         <name>.text:SysTickPeriodSet</name>
         <load_address>0x9738</load_address>
         <run_address>0x9738</run_address>
         <size>0x10</size>
         <input_file_ref idref="fl-1d"/>
      </object_component>
      <object_component id="oc-39e">
         <name>.text</name>
         <load_address>0x9748</load_address>
         <run_address>0x9748</run_address>
         <size>0x10</size>
         <input_file_ref idref="fl-155"/>
      </object_component>
      <object_component id="oc-fc">
         <name>.text:GPIOIntStatus</name>
         <load_address>0x9758</load_address>
         <run_address>0x9758</run_address>
         <size>0xe</size>
         <input_file_ref idref="fl-21"/>
      </object_component>
      <object_component id="oc-cf">
         <name>.text:TimerEnable</name>
         <load_address>0x9766</load_address>
         <run_address>0x9766</run_address>
         <size>0xe</size>
         <input_file_ref idref="fl-1c"/>
      </object_component>
      <object_component id="oc-12">
         <name>.text:decompress:none</name>
         <load_address>0x9774</load_address>
         <run_address>0x9774</run_address>
         <size>0xe</size>
         <input_file_ref idref="fl-148"/>
      </object_component>
      <object_component id="oc-37c">
         <name>.text:CPUcpsid</name>
         <load_address>0x9782</load_address>
         <run_address>0x9782</run_address>
         <size>0xc</size>
         <input_file_ref idref="fl-22"/>
      </object_component>
      <object_component id="oc-1ee">
         <name>.text:CPUcpsie</name>
         <load_address>0x978e</load_address>
         <run_address>0x978e</run_address>
         <size>0xc</size>
         <input_file_ref idref="fl-22"/>
      </object_component>
      <object_component id="oc-404">
         <name>.text:GPIOIntEnable</name>
         <load_address>0x979a</load_address>
         <run_address>0x979a</run_address>
         <size>0xc</size>
         <input_file_ref idref="fl-21"/>
      </object_component>
      <object_component id="oc-14f">
         <name>.text:UARTCharsAvail</name>
         <load_address>0x97a6</load_address>
         <run_address>0x97a6</run_address>
         <size>0xc</size>
         <input_file_ref idref="fl-1b"/>
      </object_component>
      <object_component id="oc-167">
         <name>.text:UARTTxIntModeSet</name>
         <load_address>0x97b2</load_address>
         <run_address>0x97b2</run_address>
         <size>0xc</size>
         <input_file_ref idref="fl-1b"/>
      </object_component>
      <object_component id="oc-1e">
         <name>.text:decompress:ZI</name>
         <load_address>0x97be</load_address>
         <run_address>0x97be</run_address>
         <size>0xc</size>
         <input_file_ref idref="fl-14a"/>
      </object_component>
      <object_component id="oc-3d8">
         <name>.text:I2CMasterDisable</name>
         <load_address>0x97ca</load_address>
         <run_address>0x97ca</run_address>
         <size>0xa</size>
         <input_file_ref idref="fl-20"/>
      </object_component>
      <object_component id="oc-48a">
         <name>.text:I2CMasterEnable</name>
         <load_address>0x97d4</load_address>
         <run_address>0x97d4</run_address>
         <size>0xa</size>
         <input_file_ref idref="fl-20"/>
      </object_component>
      <object_component id="oc-29c">
         <name>.text:IntMasterDisable</name>
         <load_address>0x97de</load_address>
         <run_address>0x97de</run_address>
         <size>0xa</size>
         <input_file_ref idref="fl-1f"/>
      </object_component>
      <object_component id="oc-b7">
         <name>.text:IntMasterEnable</name>
         <load_address>0x97e8</load_address>
         <run_address>0x97e8</run_address>
         <size>0xa</size>
         <input_file_ref idref="fl-1f"/>
      </object_component>
      <object_component id="oc-db">
         <name>.text:TimerValueGet</name>
         <load_address>0x97f2</load_address>
         <run_address>0x97f2</run_address>
         <size>0xa</size>
         <input_file_ref idref="fl-1c"/>
      </object_component>
      <object_component id="oc-143">
         <name>.text:UARTCharGet</name>
         <load_address>0x97fc</load_address>
         <run_address>0x97fc</run_address>
         <size>0xa</size>
         <input_file_ref idref="fl-1b"/>
      </object_component>
      <object_component id="oc-26e">
         <name>.text:UARTCharPut</name>
         <load_address>0x9806</load_address>
         <run_address>0x9806</run_address>
         <size>0xa</size>
         <input_file_ref idref="fl-1b"/>
      </object_component>
      <object_component id="oc-137">
         <name>.text:UARTIntStatus</name>
         <load_address>0x9810</load_address>
         <run_address>0x9810</run_address>
         <size>0xa</size>
         <input_file_ref idref="fl-1b"/>
      </object_component>
      <object_component id="oc-3cc">
         <name>.text:I2CMasterBusy</name>
         <load_address>0x981a</load_address>
         <run_address>0x981a</run_address>
         <size>0x8</size>
         <input_file_ref idref="fl-20"/>
      </object_component>
      <object_component id="oc-3ba">
         <name>.text:I2CMasterSlaveAddrSet</name>
         <load_address>0x9822</load_address>
         <run_address>0x9822</run_address>
         <size>0x8</size>
         <input_file_ref idref="fl-20"/>
      </object_component>
      <object_component id="oc-c9">
         <name>.text:TimerIntEnable</name>
         <load_address>0x982a</load_address>
         <run_address>0x982a</run_address>
         <size>0x8</size>
         <input_file_ref idref="fl-1c"/>
      </object_component>
      <object_component id="oc-268">
         <name>.text:UARTBusy</name>
         <load_address>0x9832</load_address>
         <run_address>0x9832</run_address>
         <size>0x8</size>
         <input_file_ref idref="fl-1b"/>
      </object_component>
      <object_component id="oc-16d">
         <name>.text:UARTIntEnable</name>
         <load_address>0x983a</load_address>
         <run_address>0x983a</run_address>
         <size>0x8</size>
         <input_file_ref idref="fl-1b"/>
      </object_component>
      <object_component id="oc-40a">
         <name>.text:CPUbasepriSet</name>
         <load_address>0x9842</load_address>
         <run_address>0x9842</run_address>
         <size>0x6</size>
         <input_file_ref idref="fl-22"/>
      </object_component>
      <object_component id="oc-102">
         <name>.text:GPIOIntClear</name>
         <load_address>0x9848</load_address>
         <run_address>0x9848</run_address>
         <size>0x6</size>
         <input_file_ref idref="fl-21"/>
      </object_component>
      <object_component id="oc-108">
         <name>.text:GPIOPinRead</name>
         <load_address>0x984e</load_address>
         <run_address>0x984e</run_address>
         <size>0x6</size>
         <input_file_ref idref="fl-21"/>
      </object_component>
      <object_component id="oc-3b3">
         <name>.text:GPIOPinWrite</name>
         <load_address>0x9854</load_address>
         <run_address>0x9854</run_address>
         <size>0x6</size>
         <input_file_ref idref="fl-21"/>
      </object_component>
      <object_component id="oc-314">
         <name>.text:SysCtlDelay</name>
         <load_address>0x985a</load_address>
         <run_address>0x985a</run_address>
         <size>0x6</size>
         <input_file_ref idref="fl-1e"/>
      </object_component>
      <object_component id="oc-179">
         <name>.text:UARTClockSourceSet</name>
         <load_address>0x9860</load_address>
         <run_address>0x9860</run_address>
         <size>0x6</size>
         <input_file_ref idref="fl-1b"/>
      </object_component>
      <object_component id="oc-18">
         <name>.text:decompress:rle24</name>
         <load_address>0x9866</load_address>
         <run_address>0x9866</run_address>
         <size>0x6</size>
         <input_file_ref idref="fl-149"/>
      </object_component>
      <object_component id="oc-3c6">
         <name>.text:I2CMasterControl</name>
         <load_address>0x986c</load_address>
         <run_address>0x986c</run_address>
         <size>0x4</size>
         <input_file_ref idref="fl-20"/>
      </object_component>
      <object_component id="oc-3ea">
         <name>.text:I2CMasterDataGet</name>
         <load_address>0x9870</load_address>
         <run_address>0x9870</run_address>
         <size>0x4</size>
         <input_file_ref idref="fl-20"/>
      </object_component>
      <object_component id="oc-3c0">
         <name>.text:I2CMasterDataPut</name>
         <load_address>0x9874</load_address>
         <run_address>0x9874</run_address>
         <size>0x4</size>
         <input_file_ref idref="fl-20"/>
      </object_component>
      <object_component id="oc-d5">
         <name>.text:TimerIntClear</name>
         <load_address>0x9878</load_address>
         <run_address>0x9878</run_address>
         <size>0x4</size>
         <input_file_ref idref="fl-1c"/>
      </object_component>
      <object_component id="oc-13d">
         <name>.text:UARTIntClear</name>
         <load_address>0x987c</load_address>
         <run_address>0x987c</run_address>
         <size>0x4</size>
         <input_file_ref idref="fl-1b"/>
      </object_component>
      <object_component id="oc-6a">
         <name>.text</name>
         <load_address>0x9880</load_address>
         <run_address>0x9880</run_address>
         <size>0x4</size>
         <input_file_ref idref="fl-158"/>
      </object_component>
      <object_component id="oc-25f">
         <name>.const:.string:_ctypes_</name>
         <load_address>0x9888</load_address>
         <run_address>0x9888</run_address>
         <size>0x101</size>
         <input_file_ref idref="fl-14c"/>
      </object_component>
      <object_component id="oc-1ff">
         <name>.const:g_pui32Regs</name>
         <load_address>0x998c</load_address>
         <run_address>0x998c</run_address>
         <size>0x9c</size>
         <input_file_ref idref="fl-1f"/>
      </object_component>
      <object_component id="oc-4d9">
         <name>.const</name>
         <load_address>0x9a28</load_address>
         <run_address>0x9a28</run_address>
         <size>0x98</size>
         <input_file_ref idref="fl-15c"/>
      </object_component>
      <object_component id="oc-277">
         <name>.const:g_pui32GPIOBaseAddrs</name>
         <load_address>0x9ac0</load_address>
         <run_address>0x9ac0</run_address>
         <size>0x90</size>
         <input_file_ref idref="fl-21"/>
      </object_component>
      <object_component id="oc-4e7">
         <name>.const</name>
         <load_address>0x9b50</load_address>
         <run_address>0x9b50</run_address>
         <size>0x88</size>
         <input_file_ref idref="fl-15d"/>
      </object_component>
      <object_component id="oc-4f8">
         <name>.const</name>
         <load_address>0x9bd8</load_address>
         <run_address>0x9bd8</run_address>
         <size>0x80</size>
         <input_file_ref idref="fl-161"/>
      </object_component>
      <object_component id="oc-1fa">
         <name>.const</name>
         <load_address>0x9c58</load_address>
         <run_address>0x9c58</run_address>
         <size>0x70</size>
         <input_file_ref idref="fl-1f"/>
      </object_component>
      <object_component id="oc-1e9">
         <name>.const:g_pui32Xtals</name>
         <load_address>0x9cc8</load_address>
         <run_address>0x9cc8</run_address>
         <size>0x6c</size>
         <input_file_ref idref="fl-1e"/>
      </object_component>
      <object_component id="oc-575">
         <name>.cinit..data.load</name>
         <load_address>0x9d38</load_address>
         <run_address>0x9d38</run_address>
         <size>0x54</size>
      </object_component>
      <object_component id="oc-573">
         <name>__TI_handler_table</name>
         <load_address>0x9d8c</load_address>
         <run_address>0x9d8c</run_address>
         <size>0xc</size>
      </object_component>
      <object_component id="oc-576">
         <name>.cinit..bss.load</name>
         <load_address>0x9d98</load_address>
         <run_address>0x9d98</run_address>
         <size>0x8</size>
      </object_component>
      <object_component id="oc-574">
         <name>__TI_cinit_table</name>
         <load_address>0x9da0</load_address>
         <run_address>0x9da0</run_address>
         <size>0x10</size>
      </object_component>
      <object_component id="oc-29">
         <name>.stack</name>
         <uninitialized>true</uninitialized>
         <run_address>0x200009a8</run_address>
         <size>0x0</size>
         <input_file_ref idref="fl-147"/>
      </object_component>
      <object_component id="oc-577">
         <name>.stack</name>
         <uninitialized>true</uninitialized>
         <run_address>0x200009a8</run_address>
         <size>0x0</size>
      </object_component>
      <object_component id="oc-2d3">
         <name>.bss:IMU</name>
         <uninitialized>true</uninitialized>
         <run_address>0x20000814</run_address>
         <size>0x34</size>
         <input_file_ref idref="fl-2"/>
      </object_component>
      <object_component id="oc-ef">
         <name>.bss:RF_module</name>
         <uninitialized>true</uninitialized>
         <run_address>0x200008c4</run_address>
         <size>0x24</size>
         <input_file_ref idref="fl-5"/>
      </object_component>
      <object_component id="oc-122">
         <name>.bss:Sonar_module</name>
         <uninitialized>true</uninitialized>
         <run_address>0x20000700</run_address>
         <size>0x54</size>
         <input_file_ref idref="fl-6"/>
      </object_component>
      <object_component id="oc-441">
         <name>.bss:quad_model</name>
         <uninitialized>true</uninitialized>
         <run_address>0x20000754</run_address>
         <size>0x48</size>
         <input_file_ref idref="fl-9"/>
      </object_component>
      <object_component id="oc-2c1">
         <name>.bss:PID_roll</name>
         <uninitialized>true</uninitialized>
         <run_address>0x20000548</run_address>
         <size>0x58</size>
         <input_file_ref idref="fl-b"/>
      </object_component>
      <object_component id="oc-2c4">
         <name>.bss:PID_pitch</name>
         <uninitialized>true</uninitialized>
         <run_address>0x200004f0</run_address>
         <size>0x58</size>
         <input_file_ref idref="fl-b"/>
      </object_component>
      <object_component id="oc-2c7">
         <name>.bss:PID_yaw</name>
         <uninitialized>true</uninitialized>
         <run_address>0x20000650</run_address>
         <size>0x58</size>
         <input_file_ref idref="fl-b"/>
      </object_component>
      <object_component id="oc-2d0">
         <name>.bss:PID_y</name>
         <uninitialized>true</uninitialized>
         <run_address>0x200005f8</run_address>
         <size>0x58</size>
         <input_file_ref idref="fl-b"/>
      </object_component>
      <object_component id="oc-2cd">
         <name>.bss:PID_x</name>
         <uninitialized>true</uninitialized>
         <run_address>0x200005a0</run_address>
         <size>0x58</size>
         <input_file_ref idref="fl-b"/>
      </object_component>
      <object_component id="oc-2ca">
         <name>.bss:PID_z</name>
         <uninitialized>true</uninitialized>
         <run_address>0x200006a8</run_address>
         <size>0x58</size>
         <input_file_ref idref="fl-b"/>
      </object_component>
      <object_component id="oc-2be">
         <name>.bss:Socket</name>
         <uninitialized>true</uninitialized>
         <run_address>0x2000079c</run_address>
         <size>0x40</size>
         <input_file_ref idref="fl-b"/>
      </object_component>
      <object_component id="oc-322">
         <name>.bss:MPU6050</name>
         <uninitialized>true</uninitialized>
         <run_address>0x200007dc</run_address>
         <size>0x38</size>
         <input_file_ref idref="fl-c"/>
      </object_component>
      <object_component id="oc-176">
         <name>.bss:Uart</name>
         <uninitialized>true</uninitialized>
         <run_address>0x20000848</run_address>
         <size>0x29</size>
         <input_file_ref idref="fl-14"/>
      </object_component>
      <object_component id="oc-18e">
         <name>.bss:UartCamera</name>
         <uninitialized>true</uninitialized>
         <run_address>0x20000871</run_address>
         <size>0x29</size>
         <input_file_ref idref="fl-14"/>
      </object_component>
      <object_component id="oc-173">
         <name>.bss:communicationFIFO</name>
         <uninitialized>true</uninitialized>
         <run_address>0x20000278</run_address>
         <size>0x278</size>
         <input_file_ref idref="fl-14"/>
      </object_component>
      <object_component id="oc-18b">
         <name>.bss:cameraFIFO</name>
         <uninitialized>true</uninitialized>
         <run_address>0x20000000</run_address>
         <size>0x278</size>
         <input_file_ref idref="fl-14"/>
      </object_component>
      <object_component id="oc-325">
         <name>.bss:data_buffer_cn</name>
         <uninitialized>true</uninitialized>
         <run_address>0x2000089c</run_address>
         <size>0x28</size>
         <input_file_ref idref="fl-14"/>
      </object_component>
      <object_component id="oc-e4">
         <name>.common:FlagTimer</name>
         <uninitialized>true</uninitialized>
         <run_address>0x2000089a</run_address>
         <size>0x1</size>
      </object_component>
      <object_component id="oc-32e">
         <name>.common:ESC</name>
         <uninitialized>true</uninitialized>
         <run_address>0x20000980</run_address>
         <size>0x10</size>
      </object_component>
      <object_component id="oc-125">
         <name>.common:timer_rising_edge</name>
         <uninitialized>true</uninitialized>
         <run_address>0x20000928</run_address>
         <size>0x20</size>
      </object_component>
      <object_component id="oc-126">
         <name>.common:RF_pulse_width</name>
         <uninitialized>true</uninitialized>
         <run_address>0x20000908</run_address>
         <size>0x20</size>
      </object_component>
      <object_component id="oc-127">
         <name>.common:Flag_SonarHoldAttitudeMode</name>
         <uninitialized>true</uninitialized>
         <run_address>0x200009a2</run_address>
         <size>0x1</size>
      </object_component>
      <object_component id="oc-321">
         <name>.common:Position</name>
         <uninitialized>true</uninitialized>
         <run_address>0x2000099a</run_address>
         <size>0x4</size>
      </object_component>
      <object_component id="oc-2d6">
         <name>.common:Camera</name>
         <uninitialized>true</uninitialized>
         <run_address>0x200008e8</run_address>
         <size>0x20</size>
      </object_component>
      <object_component id="oc-2bd">
         <name>.common:Flag</name>
         <uninitialized>true</uninitialized>
         <run_address>0x20000996</run_address>
         <size>0x4</size>
      </object_component>
      <object_component id="oc-2db">
         <name>.common:color_capture</name>
         <uninitialized>true</uninitialized>
         <run_address>0x200009a3</run_address>
         <size>0x1</size>
      </object_component>
      <object_component id="oc-2e3">
         <name>.common:flag_color_capture</name>
         <uninitialized>true</uninitialized>
         <run_address>0x200009a4</run_address>
         <size>0x1</size>
      </object_component>
      <object_component id="oc-2d7">
         <name>.common:flag_task_finish</name>
         <uninitialized>true</uninitialized>
         <run_address>0x20000948</run_address>
         <size>0x1c</size>
      </object_component>
      <object_component id="oc-2e2">
         <name>.common:flag_task_init</name>
         <uninitialized>true</uninitialized>
         <run_address>0x20000964</run_address>
         <size>0x1c</size>
      </object_component>
      <object_component id="oc-337">
         <name>.common:toggle_led</name>
         <uninitialized>true</uninitialized>
         <run_address>0x2000099e</run_address>
         <size>0x4</size>
      </object_component>
      <object_component id="oc-e1">
         <name>.common:SysTick_Int_Count</name>
         <uninitialized>true</uninitialized>
         <run_address>0x20000990</run_address>
         <size>0x6</size>
      </object_component>
      <object_component id="oc-f2">
         <name>.common:Flag_Safe</name>
         <uninitialized>true</uninitialized>
         <run_address>0x2000089b</run_address>
         <size>0x1</size>
      </object_component>
      <object_component id="oc-2d8">
         <name>.data</name>
         <load_address>0x20000cd8</load_address>
         <run_address>0x20000cd8</run_address>
         <size>0x28</size>
         <input_file_ref idref="fl-b"/>
      </object_component>
      <object_component id="oc-128">
         <name>.data</name>
         <load_address>0x20000d1a</load_address>
         <run_address>0x20000d1a</run_address>
         <size>0x2</size>
         <input_file_ref idref="fl-c"/>
      </object_component>
      <object_component id="oc-f3">
         <name>.data</name>
         <load_address>0x20000d00</load_address>
         <run_address>0x20000d00</run_address>
         <size>0x1a</size>
         <input_file_ref idref="fl-10"/>
      </object_component>
      <object_component id="oc-1c1">
         <name>.data</name>
         <load_address>0x20000d24</load_address>
         <run_address>0x20000d24</run_address>
         <size>0x8</size>
         <input_file_ref idref="fl-14d"/>
      </object_component>
      <object_component id="oc-82">
         <name>.data</name>
         <load_address>0x20000d38</load_address>
         <run_address>0x20000d38</run_address>
         <size>0x4</size>
         <input_file_ref idref="fl-15b"/>
      </object_component>
      <object_component id="oc-45e">
         <name>.data</name>
         <load_address>0x20000c58</load_address>
         <run_address>0x20000c58</run_address>
         <size>0x80</size>
         <input_file_ref idref="fl-162"/>
      </object_component>
      <object_component id="oc-1be">
         <name>.data</name>
         <load_address>0x20000d1c</load_address>
         <run_address>0x20000d1c</run_address>
         <size>0x8</size>
         <input_file_ref idref="fl-163"/>
      </object_component>
      <object_component id="oc-4ce">
         <name>.data</name>
         <load_address>0x20000d34</load_address>
         <run_address>0x20000d34</run_address>
         <size>0x4</size>
         <input_file_ref idref="fl-167"/>
      </object_component>
      <object_component id="oc-50d">
         <name>.data</name>
         <load_address>0x20000d2c</load_address>
         <run_address>0x20000d2c</run_address>
         <size>0x8</size>
         <input_file_ref idref="fl-169"/>
      </object_component>
      <object_component id="oc-540">
         <name>.data:sigtable</name>
         <load_address>0x20000ba8</load_address>
         <run_address>0x20000ba8</run_address>
         <size>0xb0</size>
         <input_file_ref idref="fl-16c"/>
      </object_component>
      <object_component id="oc-e5">
         <name>.debug_info</name>
         <load_address>0x0</load_address>
         <run_address>0x0</run_address>
         <size>0x203</size>
         <input_file_ref idref="fl-2"/>
      </object_component>
      <object_component id="oc-2d4">
         <name>.debug_info</name>
         <load_address>0x203</load_address>
         <run_address>0x203</run_address>
         <size>0xda</size>
         <input_file_ref idref="fl-2"/>
      </object_component>
      <object_component id="oc-309">
         <name>.debug_info</name>
         <load_address>0x2dd</load_address>
         <run_address>0x2dd</run_address>
         <size>0x637</size>
         <input_file_ref idref="fl-2"/>
      </object_component>
      <object_component id="oc-21e">
         <name>.debug_info</name>
         <load_address>0x914</load_address>
         <run_address>0x914</run_address>
         <size>0x18a</size>
         <input_file_ref idref="fl-2"/>
      </object_component>
      <object_component id="oc-209">
         <name>.debug_info</name>
         <load_address>0xa9e</load_address>
         <run_address>0xa9e</run_address>
         <size>0xc3</size>
         <input_file_ref idref="fl-2"/>
      </object_component>
      <object_component id="oc-233">
         <name>.debug_info</name>
         <load_address>0xb61</load_address>
         <run_address>0xb61</run_address>
         <size>0x13a</size>
         <input_file_ref idref="fl-2"/>
      </object_component>
      <object_component id="oc-195">
         <name>.debug_info</name>
         <load_address>0xc9b</load_address>
         <run_address>0xc9b</run_address>
         <size>0x84</size>
         <input_file_ref idref="fl-2"/>
      </object_component>
      <object_component id="oc-f7">
         <name>.debug_info</name>
         <load_address>0xd1f</load_address>
         <run_address>0xd1f</run_address>
         <size>0x18b</size>
         <input_file_ref idref="fl-2"/>
      </object_component>
      <object_component id="oc-447">
         <name>.debug_info</name>
         <load_address>0xeaa</load_address>
         <run_address>0xeaa</run_address>
         <size>0xcf</size>
         <input_file_ref idref="fl-3"/>
      </object_component>
      <object_component id="oc-31d">
         <name>.debug_info</name>
         <load_address>0xf79</load_address>
         <run_address>0xf79</run_address>
         <size>0x932</size>
         <input_file_ref idref="fl-3"/>
      </object_component>
      <object_component id="oc-22e">
         <name>.debug_info</name>
         <load_address>0x18ab</load_address>
         <run_address>0x18ab</run_address>
         <size>0x1ee</size>
         <input_file_ref idref="fl-3"/>
      </object_component>
      <object_component id="oc-32f">
         <name>.debug_info</name>
         <load_address>0x1a99</load_address>
         <run_address>0x1a99</run_address>
         <size>0x2bb</size>
         <input_file_ref idref="fl-4"/>
      </object_component>
      <object_component id="oc-87">
         <name>.debug_info</name>
         <load_address>0x1d54</load_address>
         <run_address>0x1d54</run_address>
         <size>0x6a2</size>
         <input_file_ref idref="fl-4"/>
      </object_component>
      <object_component id="oc-238">
         <name>.debug_info</name>
         <load_address>0x23f6</load_address>
         <run_address>0x23f6</run_address>
         <size>0x86</size>
         <input_file_ref idref="fl-4"/>
      </object_component>
      <object_component id="oc-464">
         <name>.debug_info</name>
         <load_address>0x247c</load_address>
         <run_address>0x247c</run_address>
         <size>0x78</size>
         <input_file_ref idref="fl-4"/>
      </object_component>
      <object_component id="oc-12c">
         <name>.debug_info</name>
         <load_address>0x24f4</load_address>
         <run_address>0x24f4</run_address>
         <size>0x8b</size>
         <input_file_ref idref="fl-4"/>
      </object_component>
      <object_component id="oc-e7">
         <name>.debug_info</name>
         <load_address>0x257f</load_address>
         <run_address>0x257f</run_address>
         <size>0x2e9</size>
         <input_file_ref idref="fl-5"/>
      </object_component>
      <object_component id="oc-f0">
         <name>.debug_info</name>
         <load_address>0x2868</load_address>
         <run_address>0x2868</run_address>
         <size>0xe5</size>
         <input_file_ref idref="fl-5"/>
      </object_component>
      <object_component id="oc-2fd">
         <name>.debug_info</name>
         <load_address>0x294d</load_address>
         <run_address>0x294d</run_address>
         <size>0x2a6</size>
         <input_file_ref idref="fl-5"/>
      </object_component>
      <object_component id="oc-20d">
         <name>.debug_info</name>
         <load_address>0x2bf3</load_address>
         <run_address>0x2bf3</run_address>
         <size>0xfe</size>
         <input_file_ref idref="fl-5"/>
      </object_component>
      <object_component id="oc-247">
         <name>.debug_info</name>
         <load_address>0x2cf1</load_address>
         <run_address>0x2cf1</run_address>
         <size>0x5e</size>
         <input_file_ref idref="fl-5"/>
      </object_component>
      <object_component id="oc-367">
         <name>.debug_info</name>
         <load_address>0x2d4f</load_address>
         <run_address>0x2d4f</run_address>
         <size>0x4fd</size>
         <input_file_ref idref="fl-6"/>
      </object_component>
      <object_component id="oc-123">
         <name>.debug_info</name>
         <load_address>0x324c</load_address>
         <run_address>0x324c</run_address>
         <size>0xee</size>
         <input_file_ref idref="fl-6"/>
      </object_component>
      <object_component id="oc-305">
         <name>.debug_info</name>
         <load_address>0x333a</load_address>
         <run_address>0x333a</run_address>
         <size>0x4c7</size>
         <input_file_ref idref="fl-6"/>
      </object_component>
      <object_component id="oc-227">
         <name>.debug_info</name>
         <load_address>0x3801</load_address>
         <run_address>0x3801</run_address>
         <size>0x202</size>
         <input_file_ref idref="fl-6"/>
      </object_component>
      <object_component id="oc-500">
         <name>.debug_info</name>
         <load_address>0x3a03</load_address>
         <run_address>0x3a03</run_address>
         <size>0xdd</size>
         <input_file_ref idref="fl-9"/>
      </object_component>
      <object_component id="oc-442">
         <name>.debug_info</name>
         <load_address>0x3ae0</load_address>
         <run_address>0x3ae0</run_address>
         <size>0xee</size>
         <input_file_ref idref="fl-9"/>
      </object_component>
      <object_component id="oc-30f">
         <name>.debug_info</name>
         <load_address>0x3bce</load_address>
         <run_address>0x3bce</run_address>
         <size>0x253</size>
         <input_file_ref idref="fl-9"/>
      </object_component>
      <object_component id="oc-4b7">
         <name>.debug_info</name>
         <load_address>0x3e21</load_address>
         <run_address>0x3e21</run_address>
         <size>0x126</size>
         <input_file_ref idref="fl-9"/>
      </object_component>
      <object_component id="oc-e9">
         <name>.debug_info</name>
         <load_address>0x3f47</load_address>
         <run_address>0x3f47</run_address>
         <size>0x339</size>
         <input_file_ref idref="fl-a"/>
      </object_component>
      <object_component id="oc-37">
         <name>.debug_info</name>
         <load_address>0x4280</load_address>
         <run_address>0x4280</run_address>
         <size>0xac4</size>
         <input_file_ref idref="fl-a"/>
      </object_component>
      <object_component id="oc-242">
         <name>.debug_info</name>
         <load_address>0x4d44</load_address>
         <run_address>0x4d44</run_address>
         <size>0x18a</size>
         <input_file_ref idref="fl-a"/>
      </object_component>
      <object_component id="oc-eb">
         <name>.debug_info</name>
         <load_address>0x4ece</load_address>
         <run_address>0x4ece</run_address>
         <size>0xc31</size>
         <input_file_ref idref="fl-b"/>
      </object_component>
      <object_component id="oc-2d9">
         <name>.debug_info</name>
         <load_address>0x5aff</load_address>
         <run_address>0x5aff</run_address>
         <size>0x229</size>
         <input_file_ref idref="fl-b"/>
      </object_component>
      <object_component id="oc-2c2">
         <name>.debug_info</name>
         <load_address>0x5d28</load_address>
         <run_address>0x5d28</run_address>
         <size>0xf4</size>
         <input_file_ref idref="fl-b"/>
      </object_component>
      <object_component id="oc-2c5">
         <name>.debug_info</name>
         <load_address>0x5e1c</load_address>
         <run_address>0x5e1c</run_address>
         <size>0xf6</size>
         <input_file_ref idref="fl-b"/>
      </object_component>
      <object_component id="oc-2c8">
         <name>.debug_info</name>
         <load_address>0x5f12</load_address>
         <run_address>0x5f12</run_address>
         <size>0xf2</size>
         <input_file_ref idref="fl-b"/>
      </object_component>
      <object_component id="oc-2d1">
         <name>.debug_info</name>
         <load_address>0x6004</load_address>
         <run_address>0x6004</run_address>
         <size>0xee</size>
         <input_file_ref idref="fl-b"/>
      </object_component>
      <object_component id="oc-2ce">
         <name>.debug_info</name>
         <load_address>0x60f2</load_address>
         <run_address>0x60f2</run_address>
         <size>0xee</size>
         <input_file_ref idref="fl-b"/>
      </object_component>
      <object_component id="oc-2cb">
         <name>.debug_info</name>
         <load_address>0x61e0</load_address>
         <run_address>0x61e0</run_address>
         <size>0xee</size>
         <input_file_ref idref="fl-b"/>
      </object_component>
      <object_component id="oc-2bf">
         <name>.debug_info</name>
         <load_address>0x62ce</load_address>
         <run_address>0x62ce</run_address>
         <size>0xf1</size>
         <input_file_ref idref="fl-b"/>
      </object_component>
      <object_component id="oc-1b7">
         <name>.debug_info</name>
         <load_address>0x63bf</load_address>
         <run_address>0x63bf</run_address>
         <size>0x42d7</size>
         <input_file_ref idref="fl-b"/>
      </object_component>
      <object_component id="oc-212">
         <name>.debug_info</name>
         <load_address>0xa696</load_address>
         <run_address>0xa696</run_address>
         <size>0x78</size>
         <input_file_ref idref="fl-b"/>
      </object_component>
      <object_component id="oc-23d">
         <name>.debug_info</name>
         <load_address>0xa70e</load_address>
         <run_address>0xa70e</run_address>
         <size>0x4c5</size>
         <input_file_ref idref="fl-b"/>
      </object_component>
      <object_component id="oc-2aa">
         <name>.debug_info</name>
         <load_address>0xabd3</load_address>
         <run_address>0xabd3</run_address>
         <size>0x86</size>
         <input_file_ref idref="fl-b"/>
      </object_component>
      <object_component id="oc-293">
         <name>.debug_info</name>
         <load_address>0xac59</load_address>
         <run_address>0xac59</run_address>
         <size>0x88</size>
         <input_file_ref idref="fl-b"/>
      </object_component>
      <object_component id="oc-25e">
         <name>.debug_info</name>
         <load_address>0xace1</load_address>
         <run_address>0xace1</run_address>
         <size>0x4e3</size>
         <input_file_ref idref="fl-c"/>
      </object_component>
      <object_component id="oc-129">
         <name>.debug_info</name>
         <load_address>0xb1c4</load_address>
         <run_address>0xb1c4</run_address>
         <size>0x135</size>
         <input_file_ref idref="fl-c"/>
      </object_component>
      <object_component id="oc-323">
         <name>.debug_info</name>
         <load_address>0xb2f9</load_address>
         <run_address>0xb2f9</run_address>
         <size>0xe6</size>
         <input_file_ref idref="fl-c"/>
      </object_component>
      <object_component id="oc-2f9">
         <name>.debug_info</name>
         <load_address>0xb3df</load_address>
         <run_address>0xb3df</run_address>
         <size>0xd7c</size>
         <input_file_ref idref="fl-c"/>
      </object_component>
      <object_component id="oc-275">
         <name>.debug_info</name>
         <load_address>0xc15b</load_address>
         <run_address>0xc15b</run_address>
         <size>0x251</size>
         <input_file_ref idref="fl-d"/>
      </object_component>
      <object_component id="oc-14b">
         <name>.debug_info</name>
         <load_address>0xc3ac</load_address>
         <run_address>0xc3ac</run_address>
         <size>0x6d2</size>
         <input_file_ref idref="fl-d"/>
      </object_component>
      <object_component id="oc-3fd">
         <name>.debug_info</name>
         <load_address>0xca7e</load_address>
         <run_address>0xca7e</run_address>
         <size>0x3f1</size>
         <input_file_ref idref="fl-e"/>
      </object_component>
      <object_component id="oc-2f1">
         <name>.debug_info</name>
         <load_address>0xce6f</load_address>
         <run_address>0xce6f</run_address>
         <size>0xd90</size>
         <input_file_ref idref="fl-e"/>
      </object_component>
      <object_component id="oc-338">
         <name>.debug_info</name>
         <load_address>0xdbff</load_address>
         <run_address>0xdbff</run_address>
         <size>0x2e0</size>
         <input_file_ref idref="fl-f"/>
      </object_component>
      <object_component id="oc-2eb">
         <name>.debug_info</name>
         <load_address>0xdedf</load_address>
         <run_address>0xdedf</run_address>
         <size>0x2c5</size>
         <input_file_ref idref="fl-f"/>
      </object_component>
      <object_component id="oc-e2">
         <name>.debug_info</name>
         <load_address>0xe1a4</load_address>
         <run_address>0xe1a4</run_address>
         <size>0x41e</size>
         <input_file_ref idref="fl-10"/>
      </object_component>
      <object_component id="oc-f4">
         <name>.debug_info</name>
         <load_address>0xe5c2</load_address>
         <run_address>0xe5c2</run_address>
         <size>0x261</size>
         <input_file_ref idref="fl-10"/>
      </object_component>
      <object_component id="oc-32">
         <name>.debug_info</name>
         <load_address>0xe823</load_address>
         <run_address>0xe823</run_address>
         <size>0x3d4</size>
         <input_file_ref idref="fl-10"/>
      </object_component>
      <object_component id="oc-217">
         <name>.debug_info</name>
         <load_address>0xebf7</load_address>
         <run_address>0xebf7</run_address>
         <size>0x11c</size>
         <input_file_ref idref="fl-10"/>
      </object_component>
      <object_component id="oc-3a5">
         <name>.debug_info</name>
         <load_address>0xed13</load_address>
         <run_address>0xed13</run_address>
         <size>0x186</size>
         <input_file_ref idref="fl-11"/>
      </object_component>
      <object_component id="oc-2df">
         <name>.debug_info</name>
         <load_address>0xee99</load_address>
         <run_address>0xee99</run_address>
         <size>0x5bd</size>
         <input_file_ref idref="fl-11"/>
      </object_component>
      <object_component id="oc-2a3">
         <name>.debug_info</name>
         <load_address>0xf456</load_address>
         <run_address>0xf456</run_address>
         <size>0x167</size>
         <input_file_ref idref="fl-12"/>
      </object_component>
      <object_component id="oc-186">
         <name>.debug_info</name>
         <load_address>0xf5bd</load_address>
         <run_address>0xf5bd</run_address>
         <size>0x1435</size>
         <input_file_ref idref="fl-12"/>
      </object_component>
      <object_component id="oc-ed">
         <name>.debug_info</name>
         <load_address>0x109f2</load_address>
         <run_address>0x109f2</run_address>
         <size>0x1b0</size>
         <input_file_ref idref="fl-13"/>
      </object_component>
      <object_component id="oc-316">
         <name>.debug_info</name>
         <load_address>0x10ba2</load_address>
         <run_address>0x10ba2</run_address>
         <size>0x166</size>
         <input_file_ref idref="fl-13"/>
      </object_component>
      <object_component id="oc-192">
         <name>.debug_info</name>
         <load_address>0x10d08</load_address>
         <run_address>0x10d08</run_address>
         <size>0x59b</size>
         <input_file_ref idref="fl-14"/>
      </object_component>
      <object_component id="oc-177">
         <name>.debug_info</name>
         <load_address>0x112a3</load_address>
         <run_address>0x112a3</run_address>
         <size>0xdf</size>
         <input_file_ref idref="fl-14"/>
      </object_component>
      <object_component id="oc-18f">
         <name>.debug_info</name>
         <load_address>0x11382</load_address>
         <run_address>0x11382</run_address>
         <size>0xeb</size>
         <input_file_ref idref="fl-14"/>
      </object_component>
      <object_component id="oc-174">
         <name>.debug_info</name>
         <load_address>0x1146d</load_address>
         <run_address>0x1146d</run_address>
         <size>0xf9</size>
         <input_file_ref idref="fl-14"/>
      </object_component>
      <object_component id="oc-18c">
         <name>.debug_info</name>
         <load_address>0x11566</load_address>
         <run_address>0x11566</run_address>
         <size>0xeb</size>
         <input_file_ref idref="fl-14"/>
      </object_component>
      <object_component id="oc-326">
         <name>.debug_info</name>
         <load_address>0x11651</load_address>
         <run_address>0x11651</run_address>
         <size>0xf3</size>
         <input_file_ref idref="fl-14"/>
      </object_component>
      <object_component id="oc-3d">
         <name>.debug_info</name>
         <load_address>0x11744</load_address>
         <run_address>0x11744</run_address>
         <size>0x1397</size>
         <input_file_ref idref="fl-14"/>
      </object_component>
      <object_component id="oc-44">
         <name>.debug_info</name>
         <load_address>0x12adb</load_address>
         <run_address>0x12adb</run_address>
         <size>0x2c1</size>
         <input_file_ref idref="fl-15"/>
      </object_component>
      <object_component id="oc-10">
         <name>.debug_info</name>
         <load_address>0x12d9c</load_address>
         <run_address>0x12d9c</run_address>
         <size>0x101</size>
         <input_file_ref idref="fl-15"/>
      </object_component>
      <object_component id="oc-2b">
         <name>.debug_info</name>
         <load_address>0x12e9d</load_address>
         <run_address>0x12e9d</run_address>
         <size>0x2bb</size>
         <input_file_ref idref="fl-15"/>
      </object_component>
      <object_component id="oc-265">
         <name>.debug_info</name>
         <load_address>0x13158</load_address>
         <run_address>0x13158</run_address>
         <size>0x1ce</size>
         <input_file_ref idref="fl-1b"/>
      </object_component>
      <object_component id="oc-169">
         <name>.debug_info</name>
         <load_address>0x13326</load_address>
         <run_address>0x13326</run_address>
         <size>0x1e9</size>
         <input_file_ref idref="fl-1b"/>
      </object_component>
      <object_component id="oc-139">
         <name>.debug_info</name>
         <load_address>0x1350f</load_address>
         <run_address>0x1350f</run_address>
[...]
      </symbol>
      <symbol id="sm-993">
         <name>UARTIntStatus</name>
         <value>0x9811</value>
         <object_component_ref idref="oc-137"/>
      </symbol>
      <symbol id="sm-994">
         <name>UARTCharGet</name>
         <value>0x97fd</value>
         <object_component_ref idref="oc-143"/>
      </symbol>
      <symbol id="sm-9ef">
         <name>TimerMatchSet</name>
         <value>0x96f1</value>
         <object_component_ref idref="oc-1d5"/>
      </symbol>
      <symbol id="sm-9f0">
         <name>TimerLoadSet</name>
         <value>0x96df</value>
         <object_component_ref idref="oc-b1"/>
      </symbol>
      <symbol id="sm-9f1">
         <name>TimerControlLevel</name>
         <value>0x95ed</value>
         <object_component_ref idref="oc-1cf"/>
      </symbol>
      <symbol id="sm-9f2">
         <name>TimerEnable</name>
         <value>0x9767</value>
         <object_component_ref idref="oc-cf"/>
      </symbol>
      <symbol id="sm-9f3">
         <name>TimerValueGet</name>
         <value>0x97f3</value>
         <object_component_ref idref="oc-db"/>
      </symbol>
      <symbol id="sm-9f4">
         <name>TimerPrescaleSet</name>
         <value>0x9715</value>
         <object_component_ref idref="oc-417"/>
      </symbol>
      <symbol id="sm-9f5">
         <name>TimerIntEnable</name>
         <value>0x982b</value>
         <object_component_ref idref="oc-c9"/>
      </symbol>
      <symbol id="sm-9f6">
         <name>TimerPrescaleMatchSet</name>
         <value>0x9703</value>
         <object_component_ref idref="oc-41d"/>
      </symbol>
      <symbol id="sm-9f7">
         <name>TimerConfigure</name>
         <value>0x8ffd</value>
         <object_component_ref idref="oc-a5"/>
      </symbol>
      <symbol id="sm-9f8">
         <name>TimerIntClear</name>
         <value>0x9879</value>
         <object_component_ref idref="oc-d5"/>
      </symbol>
      <symbol id="sm-a1b">
         <name>SysTickEnable</name>
         <value>0x9635</value>
         <object_component_ref idref="oc-99"/>
      </symbol>
      <symbol id="sm-a1c">
         <name>SysTickIntEnable</name>
         <value>0x9649</value>
         <object_component_ref idref="oc-93"/>
      </symbol>
      <symbol id="sm-a1d">
         <name>SysTickPeriodSet</name>
         <value>0x9739</value>
         <object_component_ref idref="oc-8d"/>
      </symbol>
      <symbol id="sm-a86">
         <name>SysCtlClockSet</name>
         <value>0x898d</value>
         <object_component_ref idref="oc-2e4"/>
      </symbol>
      <symbol id="sm-a87">
         <name>SysCtlDelay</name>
         <value>0x985b</value>
         <object_component_ref idref="oc-314"/>
      </symbol>
      <symbol id="sm-a88">
         <name>SysCtlPeripheralEnable</name>
         <value>0x9441</value>
         <object_component_ref idref="oc-9f"/>
      </symbol>
      <symbol id="sm-a89">
         <name>SysCtlClockGet</name>
         <value>0x8669</value>
         <object_component_ref idref="oc-ab"/>
      </symbol>
      <symbol id="sm-a8a">
         <name>SysCtlPeripheralReset</name>
         <value>0x90b1</value>
         <object_component_ref idref="oc-3de"/>
      </symbol>
      <symbol id="sm-ad1">
         <name>IntPrioritySet</name>
         <value>0x9561</value>
         <object_component_ref idref="oc-c3"/>
      </symbol>
      <symbol id="sm-ad2">
         <name>IntEnable</name>
         <value>0x8f9d</value>
         <object_component_ref idref="oc-bd"/>
      </symbol>
      <symbol id="sm-ad3">
         <name>IntMasterDisable</name>
         <value>0x97df</value>
         <object_component_ref idref="oc-29c"/>
      </symbol>
      <symbol id="sm-ad4">
         <name>IntMasterEnable</name>
         <value>0x97e9</value>
         <object_component_ref idref="oc-b7"/>
      </symbol>
      <symbol id="sm-b27">
         <name>I2CMasterDataPut</name>
         <value>0x9875</value>
         <object_component_ref idref="oc-3c0"/>
      </symbol>
      <symbol id="sm-b28">
         <name>I2CMasterInitExpClk</name>
         <value>0x927d</value>
         <object_component_ref idref="oc-3e4"/>
      </symbol>
      <symbol id="sm-b29">
         <name>I2CMasterSlaveAddrSet</name>
         <value>0x9823</value>
         <object_component_ref idref="oc-3ba"/>
      </symbol>
      <symbol id="sm-b2a">
         <name>I2CMasterDataGet</name>
         <value>0x9871</value>
         <object_component_ref idref="oc-3ea"/>
      </symbol>
      <symbol id="sm-b2b">
         <name>I2CMasterErr</name>
         <value>0x961d</value>
         <object_component_ref idref="oc-3d2"/>
      </symbol>
      <symbol id="sm-b2c">
         <name>I2CMasterControl</name>
         <value>0x986d</value>
         <object_component_ref idref="oc-3c6"/>
      </symbol>
      <symbol id="sm-b2d">
         <name>I2CMasterBusy</name>
         <value>0x981b</value>
         <object_component_ref idref="oc-3cc"/>
      </symbol>
      <symbol id="sm-b2e">
         <name>I2CMasterEnable</name>
         <value>0x97d5</value>
         <object_component_ref idref="oc-48a"/>
      </symbol>
      <symbol id="sm-b2f">
         <name>I2CMasterDisable</name>
         <value>0x97cb</value>
         <object_component_ref idref="oc-3d8"/>
      </symbol>
      <symbol id="sm-bbf">
         <name>GPIOPinConfigure</name>
         <value>0x9235</value>
         <object_component_ref idref="oc-155"/>
      </symbol>
      <symbol id="sm-bc0">
         <name>GPIOPinTypeI2CSCL</name>
         <value>0x96a9</value>
         <object_component_ref idref="oc-3f6"/>
      </symbol>
      <symbol id="sm-bc1">
         <name>GPIOIntEnable</name>
         <value>0x979b</value>
         <object_component_ref idref="oc-404"/>
      </symbol>
      <symbol id="sm-bc2">
         <name>GPIOPinTypeI2C</name>
         <value>0x9697</value>
         <object_component_ref idref="oc-3f0"/>
      </symbol>
      <symbol id="sm-bc3">
         <name>GPIOIntTypeSet</name>
         <value>0x9059</value>
         <object_component_ref idref="oc-3fe"/>
      </symbol>
      <symbol id="sm-bc4">
         <name>GPIOPinTypeGPIOInput</name>
         <value>0x9685</value>
         <object_component_ref idref="oc-3ad"/>
      </symbol>
      <symbol id="sm-bc5">
         <name>GPIOIntClear</name>
         <value>0x9849</value>
         <object_component_ref idref="oc-102"/>
      </symbol>
      <symbol id="sm-bc6">
         <name>GPIOPinTypeUART</name>
         <value>0x96cd</value>
         <object_component_ref idref="oc-15b"/>
      </symbol>
      <symbol id="sm-bc7">
         <name>GPIOIntStatus</name>
         <value>0x9759</value>
         <object_component_ref idref="oc-fc"/>
      </symbol>
      <symbol id="sm-bc8">
         <name>GPIOPinTypeGPIOOutput</name>
         <value>0x95d5</value>
         <object_component_ref idref="oc-3a7"/>
      </symbol>
      <symbol id="sm-bc9">
         <name>GPIOPinRead</name>
         <value>0x984f</value>
         <object_component_ref idref="oc-108"/>
      </symbol>
      <symbol id="sm-bca">
         <name>GPIODirModeSet</name>
         <value>0x9535</value>
         <object_component_ref idref="oc-27b"/>
      </symbol>
      <symbol id="sm-bcb">
         <name>GPIOPinWrite</name>
         <value>0x9855</value>
         <object_component_ref idref="oc-3b3"/>
      </symbol>
      <symbol id="sm-bcc">
         <name>GPIOPadConfigSet</name>
         <value>0x8537</value>
         <object_component_ref idref="oc-281"/>
      </symbol>
      <symbol id="sm-bcd">
         <name>GPIOPinTypeTimer</name>
         <value>0x96bb</value>
         <object_component_ref idref="oc-1c9"/>
      </symbol>
      <symbol id="sm-be7">
         <name>CPUbasepriSet</name>
         <value>0x9843</value>
         <object_component_ref idref="oc-40a"/>
      </symbol>
      <symbol id="sm-be8">
         <name>CPUcpsie</name>
         <value>0x978f</value>
         <object_component_ref idref="oc-1ee"/>
      </symbol>
      <symbol id="sm-be9">
         <name>CPUcpsid</name>
         <value>0x9783</value>
         <object_component_ref idref="oc-37c"/>
      </symbol>
      <symbol id="sm-c0a">
         <name>atan2</name>
         <value>0x7d49</value>
         <object_component_ref idref="oc-429"/>
      </symbol>
      <symbol id="sm-c17">
         <name>atof</name>
         <value>0x9727</value>
         <object_component_ref idref="oc-331"/>
      </symbol>
      <symbol id="sm-c2d">
         <name>atoi</name>
         <value>0x9151</value>
         <object_component_ref idref="oc-131"/>
      </symbol>
      <symbol id="sm-c3f">
         <name>_c_int00</name>
         <value>0x9101</value>
         <object_component_ref idref="oc-24"/>
      </symbol>
      <symbol id="sm-c40">
         <name>__stack</name>
         <value>0x200009a8</value>
         <object_component_ref idref="oc-29"/>
      </symbol>
      <symbol id="sm-c57">
         <name>__TI_decompress_none</name>
         <value>0x9775</value>
         <object_component_ref idref="oc-12"/>
      </symbol>
      <symbol id="sm-c7f">
         <name>__TI_decompress_rle24</name>
         <value>0x9867</value>
         <object_component_ref idref="oc-18"/>
      </symbol>
      <symbol id="sm-c91">
         <name>__TI_zero_init</name>
         <value>0x97bf</value>
         <object_component_ref idref="oc-1e"/>
      </symbol>
      <symbol id="sm-c9e">
         <name>cos</name>
         <value>0x95a1</value>
         <object_component_ref idref="oc-434"/>
      </symbol>
      <symbol id="sm-ca9">
         <name>_ctypes_</name>
         <value>0x9888</value>
         <object_component_ref idref="oc-25f"/>
      </symbol>
      <symbol id="sm-cc8">
         <name>C$$EXIT</name>
         <value>0x930d</value>
         <object_component_ref idref="oc-7c"/>
      </symbol>
      <symbol id="sm-cc9">
         <name>abort</name>
         <value>0x9311</value>
         <object_component_ref idref="oc-7c"/>
      </symbol>
      <symbol id="sm-cca">
         <name>exit</name>
         <value>0x9319</value>
         <object_component_ref idref="oc-7c"/>
      </symbol>
      <symbol id="sm-ccb">
         <name>__TI_dtors_ptr</name>
         <value>0x20000d28</value>
         <object_component_ref idref="oc-1c1"/>
      </symbol>
      <symbol id="sm-ccc">
         <name>__TI_cleanup_ptr</name>
         <value>0x20000d24</value>
         <object_component_ref idref="oc-1c1"/>
      </symbol>
      <symbol id="sm-cf0">
         <name>__aeabi_dsub</name>
         <value>0x786d</value>
         <object_component_ref idref="oc-118"/>
      </symbol>
      <symbol id="sm-cf1">
         <name>__aeabi_dadd</name>
         <value>0x7877</value>
         <object_component_ref idref="oc-118"/>
      </symbol>
      <symbol id="sm-d18">
         <name>__aeabi_cdcmpeq</name>
         <value>0x8c75</value>
         <object_component_ref idref="oc-49d"/>
      </symbol>
      <symbol id="sm-d19">
         <name>__aeabi_cdcmple</name>
         <value>0x8c75</value>
         <object_component_ref idref="oc-49d"/>
      </symbol>
      <symbol id="sm-d1a">
         <name>__aeabi_cdrcmple</name>
         <value>0x8cfb</value>
         <object_component_ref idref="oc-410"/>
      </symbol>
      <symbol id="sm-d3a">
         <name>__aeabi_ddiv</name>
         <value>0x8401</value>
         <object_component_ref idref="oc-42f"/>
      </symbol>
      <symbol id="sm-d51">
         <name>__aeabi_dmul</name>
         <value>0x8891</value>
         <object_component_ref idref="oc-113"/>
      </symbol>
      <symbol id="sm-d5d">
         <name>__aeabi_d2f</name>
         <value>0x91e9</value>
         <object_component_ref idref="oc-11d"/>
      </symbol>
      <symbol id="sm-d6b">
         <name>__aeabi_f2d</name>
         <value>0x93d1</value>
         <object_component_ref idref="oc-10e"/>
      </symbol>
      <symbol id="sm-d77">
         <name>__aeabi_i2d</name>
         <value>0x94d9</value>
         <object_component_ref idref="oc-424"/>
      </symbol>
      <symbol id="sm-d86">
         <name>isdigit</name>
         <value>0x9749</value>
         <object_component_ref idref="oc-39e"/>
      </symbol>
      <symbol id="sm-da1">
         <name>memcpy</name>
         <value>0x8bd9</value>
         <object_component_ref idref="oc-45"/>
      </symbol>
      <symbol id="sm-da2">
         <name>__aeabi_memcpy</name>
         <value>0x8bd9</value>
         <object_component_ref idref="oc-45"/>
      </symbol>
      <symbol id="sm-da3">
         <name>__aeabi_memcpy8</name>
         <value>0x8bd9</value>
         <object_component_ref idref="oc-45"/>
      </symbol>
      <symbol id="sm-da4">
         <name>__aeabi_memcpy4</name>
         <value>0x8bd9</value>
         <object_component_ref idref="oc-45"/>
      </symbol>
      <symbol id="sm-db3">
         <name>__aeabi_memset</name>
         <value>0x8d83</value>
         <object_component_ref idref="oc-5e"/>
      </symbol>
      <symbol id="sm-db4">
         <name>memset</name>
         <value>0x8d89</value>
         <object_component_ref idref="oc-5e"/>
      </symbol>
      <symbol id="sm-db5">
         <name>__aeabi_memset8</name>
         <value>0x8d83</value>
         <object_component_ref idref="oc-5e"/>
      </symbol>
      <symbol id="sm-db6">
         <name>__aeabi_memset4</name>
         <value>0x8d83</value>
         <object_component_ref idref="oc-5e"/>
      </symbol>
      <symbol id="sm-db7">
         <name>__aeabi_memclr8</name>
         <value>0x8d81</value>
         <object_component_ref idref="oc-5e"/>
      </symbol>
      <symbol id="sm-db8">
         <name>__aeabi_memclr4</name>
         <value>0x8d81</value>
         <object_component_ref idref="oc-5e"/>
      </symbol>
      <symbol id="sm-db9">
         <name>__aeabi_memclr</name>
         <value>0x8d81</value>
         <object_component_ref idref="oc-5e"/>
      </symbol>
      <symbol id="sm-dc3">
         <name>_system_pre_init</name>
         <value>0x9881</value>
         <object_component_ref idref="oc-6a"/>
      </symbol>
      <symbol id="sm-dd0">
         <name>sin</name>
         <value>0x95bb</value>
         <object_component_ref idref="oc-43a"/>
      </symbol>
      <symbol id="sm-def">
         <name>sqrt</name>
         <value>0x8039</value>
         <object_component_ref idref="oc-328"/>
      </symbol>
      <symbol id="sm-df7">
         <name>main_func_sp</name>
         <value>0x20000d38</value>
         <object_component_ref idref="oc-82"/>
      </symbol>
      <symbol id="sm-e36">
         <name>strtod</name>
         <value>0x7231</value>
         <object_component_ref idref="oc-469"/>
      </symbol>
      <symbol id="sm-e5c">
         <name>_Atan</name>
         <value>0x7bbd</value>
         <object_component_ref idref="oc-4a2"/>
      </symbol>
      <symbol id="sm-e78">
         <name>_Dscale</name>
         <value>0x8781</value>
         <object_component_ref idref="oc-452"/>
      </symbol>
      <symbol id="sm-e8c">
         <name>_Dunscale</name>
         <value>0x8ed3</value>
         <object_component_ref idref="oc-44c"/>
      </symbol>
      <symbol id="sm-e9b">
         <name>_Feraise</name>
         <value>0x94a9</value>
         <object_component_ref idref="oc-458"/>
      </symbol>
      <symbol id="sm-ed5">
         <name>_Sin</name>
         <value>0x6f9d</value>
         <object_component_ref idref="oc-4ab"/>
      </symbol>
      <symbol id="sm-ee5">
         <name>_Rteps</name>
         <value>0x20000cb8</value>
         <object_component_ref idref="oc-45e"/>
      </symbol>
      <symbol id="sm-ee6">
         <name>_Zero</name>
         <value>0x20000cd0</value>
         <object_component_ref idref="oc-45e"/>
      </symbol>
      <symbol id="sm-ee7">
         <name>_Hugeval</name>
         <value>0x20000c78</value>
         <object_component_ref idref="oc-45e"/>
      </symbol>
      <symbol id="sm-ee8">
         <name>_Snan</name>
         <value>0x20000ca8</value>
         <object_component_ref idref="oc-45e"/>
      </symbol>
      <symbol id="sm-ee9">
         <name>_Nan</name>
         <value>0x20000c98</value>
         <object_component_ref idref="oc-45e"/>
      </symbol>
      <symbol id="sm-eea">
         <name>_Inf</name>
         <value>0x20000c88</value>
         <object_component_ref idref="oc-45e"/>
      </symbol>
      <symbol id="sm-eeb">
         <name>_Xbig</name>
         <value>0x20000cc8</value>
         <object_component_ref idref="oc-45e"/>
      </symbol>
      <symbol id="sm-eec">
         <name>_Eps</name>
         <value>0x20000c68</value>
         <object_component_ref idref="oc-45e"/>
      </symbol>
      <symbol id="sm-eed">
         <name>_Denorm</name>
         <value>0x20000c58</value>
         <object_component_ref idref="oc-45e"/>
      </symbol>
      <symbol id="sm-f06">
         <name>_nop</name>
         <value>0x967f</value>
         <object_component_ref idref="oc-342"/>
      </symbol>
      <symbol id="sm-f07">
         <name>_lock</name>
         <value>0x20000d1c</value>
         <object_component_ref idref="oc-1be"/>
      </symbol>
      <symbol id="sm-f08">
         <name>_unlock</name>
         <value>0x20000d20</value>
         <object_component_ref idref="oc-1be"/>
      </symbol>
      <symbol id="sm-f09">
         <name>_register_lock</name>
         <value>0x9677</value>
         <object_component_ref idref="oc-342"/>
      </symbol>
      <symbol id="sm-f0a">
         <name>_register_unlock</name>
         <value>0x9671</value>
         <object_component_ref idref="oc-342"/>
      </symbol>
      <symbol id="sm-f1f">
         <name>_args_main</name>
         <value>0x9605</value>
         <object_component_ref idref="oc-76"/>
      </symbol>
      <symbol id="sm-f45">
         <name>__TI_auto_init</name>
         <value>0x8dfd</value>
         <object_component_ref idref="oc-70"/>
      </symbol>
      <symbol id="sm-f5f">
         <name>copy_in</name>
         <value>0x919d</value>
         <object_component_ref idref="oc-1ae"/>
      </symbol>
      <symbol id="sm-f67">
         <name>_Errno</name>
         <value>0x20000d34</value>
         <object_component_ref idref="oc-4ce"/>
      </symbol>
      <symbol id="sm-f75">
         <name>__aeabi_d2iz</name>
         <value>0x92c5</value>
         <object_component_ref idref="oc-4f3"/>
      </symbol>
      <symbol id="sm-f93">
         <name>feraiseexcept</name>
         <value>0x9475</value>
         <object_component_ref idref="oc-4c8"/>
      </symbol>
      <symbol id="sm-f94">
         <name>_Tls_setup__Fenv</name>
         <value>0x20000d30</value>
         <object_component_ref idref="oc-50d"/>
      </symbol>
      <symbol id="sm-f95">
         <name>_Fenv</name>
         <value>0x20000d2c</value>
         <object_component_ref idref="oc-50d"/>
      </symbol>
      <symbol id="sm-fb9">
         <name>fmod</name>
         <value>0x7ec5</value>
         <object_component_ref idref="oc-4ed"/>
      </symbol>
      <symbol id="sm-fcd">
         <name>raise</name>
         <value>0x9507</value>
         <object_component_ref idref="oc-507"/>
      </symbol>
      <symbol id="sm-fe7">
         <name>signal</name>
         <value>0x9391</value>
         <object_component_ref idref="oc-527"/>
      </symbol>
      <symbol id="sm-ffc">
         <name>_Dnorm</name>
         <value>0x8a7d</value>
         <object_component_ref idref="oc-4be"/>
      </symbol>
      <symbol id="sm-ffd">
         <name>__TI_static_base__</name>
         <value>0x0</value>
      </symbol>
      <symbol id="sm-1000">
         <name>SHT$$INIT_ARRAY$$Limit</name>
         <value>0x0</value>
      </symbol>
      <symbol id="sm-1001">
         <name>SHT$$INIT_ARRAY$$Base</name>
         <value>0x0</value>
      </symbol>
      <symbol id="sm-1002">
         <name>IntPriorityMaskSet</name>
         <value>0x9843</value>
      </symbol>
   </symbol_table>
   <title>Link successful</title>
</link_info>
