<?xml version="1.0"?>
<link_info>
   <banner>TI ARM Linker PC v5.2.2</banner>
   <copyright>Copyright (c) 1996-2015 Texas Instruments Incorporated</copyright>
   <link_time>0x58c6939c</link_time>
   <link_errors>0x0</link_errors>
   <output_file>estimator_1.out</output_file>
   <entry_point>
      <name>_c_int00</name>
      <address>0x8fe5</address>
   </entry_point>
   <input_file_list>
      <input_file id="fl-2">
         <path>.\</path>
         <kind>object</kind>
         <file>IMU.obj</file>
         <name>IMU.obj</name>
      </input_file>
      <input_file id="fl-3">
         <path>.\</path>
         <kind>object</kind>
         <file>PID.obj</file>
         <name>PID.obj</name>
      </input_file>
      <input_file id="fl-4">
         <path>.\</path>
         <kind>object</kind>
         <file>PPM.obj</file>
         <name>PPM.obj</name>
      </input_file>
      <input_file id="fl-5">
         <path>.\</path>
         <kind>object</kind>
         <file>RF.obj</file>
         <name>RF.obj</name>
      </input_file>
      <input_file id="fl-6">
         <path>.\</path>
         <kind>object</kind>
         <file>Sonar.obj</file>
         <name>Sonar.obj</name>
      </input_file>
      <input_file id="fl-7">
         <path>.\</path>
         <kind>object</kind>
         <file>autonomous.obj</file>
         <name>autonomous.obj</name>
      </input_file>
      <input_file id="fl-8">
         <path>.\</path>
         <kind>object</kind>
         <file>config.obj</file>
         <name>config.obj</name>
      </input_file>
      <input_file id="fl-9">
         <path>.\</path>
         <kind>object</kind>
         <file>estimator.obj</file>
         <name>estimator.obj</name>
      </input_file>
      <input_file id="fl-a">
         <path>.\</path>
         <kind>object</kind>
         <file>interrupt_handler.obj</file>
         <name>interrupt_handler.obj</name>
      </input_file>
      <input_file id="fl-b">
         <path>.\</path>
         <kind>object</kind>
         <file>main_Quadrotor_V3_0.obj</file>
         <name>main_Quadrotor_V3_0.obj</name>
      </input_file>
      <input_file id="fl-c">
         <path>.\</path>
         <kind>object</kind>
         <file>mpu6050.obj</file>
         <name>mpu6050.obj</name>
      </input_file>
      <input_file id="fl-d">
         <path>.\</path>
         <kind>object</kind>
         <file>myFIFO.obj</file>
         <name>myFIFO.obj</name>
      </input_file>
      <input_file id="fl-e">
         <path>.\</path>
         <kind>object</kind>
         <file>myI2C.obj</file>
         <name>myI2C.obj</name>
      </input_file>
      <input_file id="fl-f">
         <path>.\</path>
         <kind>object</kind>
         <file>myIO.obj</file>
         <name>myIO.obj</name>
      </input_file>
      <input_file id="fl-10">
         <path>.\</path>
         <kind>object</kind>
         <file>myTimer.obj</file>
         <name>myTimer.obj</name>
      </input_file>
      <input_file id="fl-11">
         <path>.\</path>
         <kind>object</kind>
         <file>numManipulate.obj</file>
         <name>numManipulate.obj</name>
      </input_file>
      <input_file id="fl-12">
         <path>.\</path>
         <kind>object</kind>
         <file>ringbuf.obj</file>
         <name>ringbuf.obj</name>
      </input_file>
      <input_file id="fl-13">
         <path>.\</path>
         <kind>object</kind>
         <file>safety.obj</file>
         <name>safety.obj</name>
      </input_file>
      <input_file id="fl-14">
         <path>.\</path>
         <kind>object</kind>
         <file>serial.obj</file>
         <name>serial.obj</name>
      </input_file>
      <input_file id="fl-15">
         <path>.\</path>
         <kind>object</kind>
         <file>tm4c123gh6pm_startup_ccs.obj</file>
         <name>tm4c123gh6pm_startup_ccs.obj</name>
      </input_file>
      <input_file id="fl-1b">
         <path>C:\ti\TivaWare_C_Series-2.1.0.12573\driverlib\ccs\Debug\</path>
         <kind>archive</kind>
         <file>driverlib.lib</file>
         <name>uart.obj</name>
      </input_file>
      <input_file id="fl-1c">
         <path>C:\ti\TivaWare_C_Series-2.1.0.12573\driverlib\ccs\Debug\</path>
         <kind>archive</kind>
         <file>driverlib.lib</file>
         <name>timer.obj</name>
      </input_file>
      <input_file id="fl-1d">
         <path>C:\ti\TivaWare_C_Series-2.1.0.12573\driverlib\ccs\Debug\</path>
         <kind>archive</kind>
         <file>driverlib.lib</file>
         <name>systick.obj</name>
      </input_file>
      <input_file id="fl-1e">
         <path>C:\ti\TivaWare_C_Series-2.1.0.12573\driverlib\ccs\Debug\</path>
         <kind>archive</kind>
         <file>driverlib.lib</file>
         <name>sysctl.obj</name>
      </input_file>
      <input_file id="fl-1f">
         <path>C:\ti\TivaWare_C_Series-2.1.0.12573\driverlib\ccs\Debug\</path>
         <kind>archive</kind>
         <file>driverlib.lib</file>
         <name>interrupt.obj</name>
      </input_file>
      <input_file id="fl-20">
         <path>C:\ti\TivaWare_C_Series-2.1.0.12573\driverlib\ccs\Debug\</path>
         <kind>archive</kind>
         <file>driverlib.lib</file>
         <name>i2c.obj</name>
      </input_file>
      <input_file id="fl-21">
         <path>C:\ti\TivaWare_C_Series-2.1.0.12573\driverlib\ccs\Debug\</path>
         <kind>archive</kind>
         <file>driverlib.lib</file>
         <name>gpio.obj</name>
      </input_file>
      <input_file id="fl-22">
         <path>C:\ti\TivaWare_C_Series-2.1.0.12573\driverlib\ccs\Debug\</path>
         <kind>archive</kind>
         <file>driverlib.lib</file>
         <name>cpu.obj</name>
      </input_file>
      <input_file id="fl-144">
         <path>C:\ti\ccsv6\tools\compiler\ti-cgt-arm_5.2.2\lib\</path>
         <kind>archive</kind>
         <file>rtsv7M4_T_le_v4SPD16_eabi.lib</file>
         <name>atan2.obj</name>
      </input_file>
      <input_file id="fl-145">
         <path>C:\ti\ccsv6\tools\compiler\ti-cgt-arm_5.2.2\lib\</path>
         <kind>archive</kind>
         <file>rtsv7M4_T_le_v4SPD16_eabi.lib</file>
         <name>atof.obj</name>
      </input_file>
      <input_file id="fl-146">
         <path>C:\ti\ccsv6\tools\compiler\ti-cgt-arm_5.2.2\lib\</path>
         <kind>archive</kind>
         <file>rtsv7M4_T_le_v4SPD16_eabi.lib</file>
         <name>atoi.obj</name>
      </input_file>
      <input_file id="fl-147">
         <path>C:\ti\ccsv6\tools\compiler\ti-cgt-arm_5.2.2\lib\</path>
         <kind>archive</kind>
         <file>rtsv7M4_T_le_v4SPD16_eabi.lib</file>
         <name>boot.obj</name>
      </input_file>
      <input_file id="fl-148">
         <path>C:\ti\ccsv6\tools\compiler\ti-cgt-arm_5.2.2\lib\</path>
         <kind>archive</kind>
         <file>rtsv7M4_T_le_v4SPD16_eabi.lib</file>
         <name>copy_decompress_none.obj</name>
      </input_file>
      <input_file id="fl-149">
         <path>C:\ti\ccsv6\tools\compiler\ti-cgt-arm_5.2.2\lib\</path>
         <kind>archive</kind>
         <file>rtsv7M4_T_le_v4SPD16_eabi.lib</file>
         <name>copy_decompress_rle.obj</name>
      </input_file>
      <input_file id="fl-14a">
         <path>C:\ti\ccsv6\tools\compiler\ti-cgt-arm_5.2.2\lib\</path>
         <kind>archive</kind>
         <file>rtsv7M4_T_le_v4SPD16_eabi.lib</file>
         <name>copy_zero_init.obj</name>
      </input_file>
      <input_file id="fl-14b">
         <path>C:\ti\ccsv6\tools\compiler\ti-cgt-arm_5.2.2\lib\</path>
         <kind>archive</kind>
         <file>rtsv7M4_T_le_v4SPD16_eabi.lib</file>
         <name>cos.obj</name>
      </input_file>
      <input_file id="fl-14c">
         <path>C:\ti\ccsv6\tools\compiler\ti-cgt-arm_5.2.2\lib\</path>
         <kind>archive</kind>
         <file>rtsv7M4_T_le_v4SPD16_eabi.lib</file>
         <name>ctype.obj</name>
      </input_file>
      <input_file id="fl-14d">
         <path>C:\ti\ccsv6\tools\compiler\ti-cgt-arm_5.2.2\lib\</path>
         <kind>archive</kind>
         <file>rtsv7M4_T_le_v4SPD16_eabi.lib</file>
         <name>exit.obj</name>
      </input_file>
      <input_file id="fl-14e">
         <path>C:\ti\ccsv6\tools\compiler\ti-cgt-arm_5.2.2\lib\</path>
         <kind>archive</kind>
         <file>rtsv7M4_T_le_v4SPD16_eabi.lib</file>
         <name>fd_add_t2.obj</name>
      </input_file>
      <input_file id="fl-14f">
         <path>C:\ti\ccsv6\tools\compiler\ti-cgt-arm_5.2.2\lib\</path>
         <kind>archive</kind>
         <file>rtsv7M4_T_le_v4SPD16_eabi.lib</file>
         <name>fd_cmp_t2.obj</name>
      </input_file>
      <input_file id="fl-150">
         <path>C:\ti\ccsv6\tools\compiler\ti-cgt-arm_5.2.2\lib\</path>
         <kind>archive</kind>
         <file>rtsv7M4_T_le_v4SPD16_eabi.lib</file>
         <name>fd_div_t2.obj</name>
      </input_file>
      <input_file id="fl-151">
         <path>C:\ti\ccsv6\tools\compiler\ti-cgt-arm_5.2.2\lib\</path>
         <kind>archive</kind>
         <file>rtsv7M4_T_le_v4SPD16_eabi.lib</file>
         <name>fd_mul_t2.obj</name>
      </input_file>
      <input_file id="fl-152">
         <path>C:\ti\ccsv6\tools\compiler\ti-cgt-arm_5.2.2\lib\</path>
         <kind>archive</kind>
         <file>rtsv7M4_T_le_v4SPD16_eabi.lib</file>
         <name>fd_tos_t2.obj</name>
      </input_file>
      <input_file id="fl-153">
         <path>C:\ti\ccsv6\tools\compiler\ti-cgt-arm_5.2.2\lib\</path>
         <kind>archive</kind>
         <file>rtsv7M4_T_le_v4SPD16_eabi.lib</file>
         <name>fs_tod_t2.obj</name>
      </input_file>
      <input_file id="fl-154">
         <path>C:\ti\ccsv6\tools\compiler\ti-cgt-arm_5.2.2\lib\</path>
         <kind>archive</kind>
         <file>rtsv7M4_T_le_v4SPD16_eabi.lib</file>
         <name>i_tofd_t2.obj</name>
      </input_file>
      <input_file id="fl-155">
         <path>C:\ti\ccsv6\tools\compiler\ti-cgt-arm_5.2.2\lib\</path>
         <kind>archive</kind>
         <file>rtsv7M4_T_le_v4SPD16_eabi.lib</file>
         <name>isdigit.obj</name>
      </input_file>
      <input_file id="fl-156">
         <path>C:\ti\ccsv6\tools\compiler\ti-cgt-arm_5.2.2\lib\</path>
         <kind>archive</kind>
         <file>rtsv7M4_T_le_v4SPD16_eabi.lib</file>
         <name>memcpy_t2.obj</name>
      </input_file>
      <input_file id="fl-157">
         <path>C:\ti\ccsv6\tools\compiler\ti-cgt-arm_5.2.2\lib\</path>
         <kind>archive</kind>
         <file>rtsv7M4_T_le_v4SPD16_eabi.lib</file>
         <name>memset_t2.obj</name>
      </input_file>
      <input_file id="fl-158">
         <path>C:\ti\ccsv6\tools\compiler\ti-cgt-arm_5.2.2\lib\</path>
         <kind>archive</kind>
         <file>rtsv7M4_T_le_v4SPD16_eabi.lib</file>
         <name>pre_init.obj</name>
      </input_file>
      <input_file id="fl-159">
         <path>C:\ti\ccsv6\tools\compiler\ti-cgt-arm_5.2.2\lib\</path>
         <kind>archive</kind>
         <file>rtsv7M4_T_le_v4SPD16_eabi.lib</file>
         <name>sin.obj</name>
      </input_file>
      <input_file id="fl-15a">
         <path>C:\ti\ccsv6\tools\compiler\ti-cgt-arm_5.2.2\lib\</path>
         <kind>archive</kind>
         <file>rtsv7M4_T_le_v4SPD16_eabi.lib</file>
         <name>sqrt.obj</name>
      </input_file>
      <input_file id="fl-15b">
         <path>C:\ti\ccsv6\tools\compiler\ti-cgt-arm_5.2.2\lib\</path>
         <kind>archive</kind>
         <file>rtsv7M4_T_le_v4SPD16_eabi.lib</file>
         <name>stkdepth_vars.obj</name>
      </input_file>
      <input_file id="fl-15c">
         <path>C:\ti\ccsv6\tools\compiler\ti-cgt-arm_5.2.2\lib\</path>
         <kind>archive</kind>
         <file>rtsv7M4_T_le_v4SPD16_eabi.lib</file>
         <name>strtod.obj</name>
      </input_file>
      <input_file id="fl-15d">
         <path>C:\ti\ccsv6\tools\compiler\ti-cgt-arm_5.2.2\lib\</path>
         <kind>archive</kind>
         <file>rtsv7M4_T_le_v4SPD16_eabi.lib</file>
         <name>xatan.obj</name>
      </input_file>
      <input_file id="fl-15e">
         <path>C:\ti\ccsv6\tools\compiler\ti-cgt-arm_5.2.2\lib\</path>
         <kind>archive</kind>
         <file>rtsv7M4_T_le_v4SPD16_eabi.lib</file>
         <name>xdscale.obj</name>
      </input_file>
      <input_file id="fl-15f">
         <path>C:\ti\ccsv6\tools\compiler\ti-cgt-arm_5.2.2\lib\</path>
         <kind>archive</kind>
         <file>rtsv7M4_T_le_v4SPD16_eabi.lib</file>
         <name>xdunscal.obj</name>
      </input_file>
      <input_file id="fl-160">
         <path>C:\ti\ccsv6\tools\compiler\ti-cgt-arm_5.2.2\lib\</path>
         <kind>archive</kind>
         <file>rtsv7M4_T_le_v4SPD16_eabi.lib</file>
         <name>xferaise.obj</name>
      </input_file>
      <input_file id="fl-161">
         <path>C:\ti\ccsv6\tools\compiler\ti-cgt-arm_5.2.2\lib\</path>
         <kind>archive</kind>
         <file>rtsv7M4_T_le_v4SPD16_eabi.lib</file>
         <name>xsin.obj</name>
      </input_file>
      <input_file id="fl-162">
         <path>C:\ti\ccsv6\tools\compiler\ti-cgt-arm_5.2.2\lib\</path>
         <kind>archive</kind>
         <file>rtsv7M4_T_le_v4SPD16_eabi.lib</file>
         <name>xvalues.obj</name>
      </input_file>
      <input_file id="fl-163">
         <path>C:\ti\ccsv6\tools\compiler\ti-cgt-arm_5.2.2\lib\</path>
         <kind>archive</kind>
         <file>rtsv7M4_T_le_v4SPD16_eabi.lib</file>
         <name>_lock.obj</name>
      </input_file>
      <input_file id="fl-164">
         <path>C:\ti\ccsv6\tools\compiler\ti-cgt-arm_5.2.2\lib\</path>
         <kind>archive</kind>
         <file>rtsv7M4_T_le_v4SPD16_eabi.lib</file>
         <name>args_main.obj</name>
      </input_file>
      <input_file id="fl-165">
         <path>C:\ti\ccsv6\tools\compiler\ti-cgt-arm_5.2.2\lib\</path>
         <kind>archive</kind>
         <file>rtsv7M4_T_le_v4SPD16_eabi.lib</file>
         <name>autoinit.obj</name>
      </input_file>
      <input_file id="fl-166">
         <path>C:\ti\ccsv6\tools\compiler\ti-cgt-arm_5.2.2\lib\</path>
         <kind>archive</kind>
         <file>rtsv7M4_T_le_v4SPD16_eabi.lib</file>
         <name>cpy_tbl.obj</name>
      </input_file>
      <input_file id="fl-167">
         <path>C:\ti\ccsv6\tools\compiler\ti-cgt-arm_5.2.2\lib\</path>
         <kind>archive</kind>
         <file>rtsv7M4_T_le_v4SPD16_eabi.lib</file>
         <name>errno.obj</name>
      </input_file>
      <input_file id="fl-168">
         <path>C:\ti\ccsv6\tools\compiler\ti-cgt-arm_5.2.2\lib\</path>
         <kind>archive</kind>
         <file>rtsv7M4_T_le_v4SPD16_eabi.lib</file>
         <name>fd_toi_t2.obj</name>
      </input_file>
      <input_file id="fl-169">
         <path>C:\ti\ccsv6\tools\compiler\ti-cgt-arm_5.2.2\lib\</path>
         <kind>archive</kind>
         <file>rtsv7M4_T_le_v4SPD16_eabi.lib</file>
         <name>feraiseexcept.obj</name>
      </input_file>
      <input_file id="fl-16a">
         <path>C:\ti\ccsv6\tools\compiler\ti-cgt-arm_5.2.2\lib\</path>
         <kind>archive</kind>
         <file>rtsv7M4_T_le_v4SPD16_eabi.lib</file>
         <name>fmod.obj</name>
      </input_file>
      <input_file id="fl-16b">
         <path>C:\ti\ccsv6\tools\compiler\ti-cgt-arm_5.2.2\lib\</path>
         <kind>archive</kind>
         <file>rtsv7M4_T_le_v4SPD16_eabi.lib</file>
         <name>raise.obj</name>
      </input_file>
      <input_file id="fl-16c">
         <path>C:\ti\ccsv6\tools\compiler\ti-cgt-arm_5.2.2\lib\</path>
         <kind>archive</kind>
         <file>rtsv7M4_T_le_v4SPD16_eabi.lib</file>
         <name>signal.obj</name>
      </input_file>
      <input_file id="fl-16d">
         <path>C:\ti\ccsv6\tools\compiler\ti-cgt-arm_5.2.2\lib\</path>
         <kind>archive</kind>
         <file>rtsv7M4_T_le_v4SPD16_eabi.lib</file>
         <name>xdnorm.obj</name>
      </input_file>
   </input_file_list>
   <object_component_list>
      <object_component id="oc-f">
         <name>.intvecs</name>
         <load_address>0x0</load_address>
         <run_address>0x0</run_address>
         <size>0x26c</size>
         <input_file_ref idref="fl-15"/>
      </object_component>
      <object_component id="oc-1b6">
         <name>.text</name>
         <load_address>0x26c</load_address>
         <run_address>0x26c</run_address>
         <size>0x3d20</size>
         <input_file_ref idref="fl-b"/>
      </object_component>
      <object_component id="oc-30f">
         <name>.text</name>
         <load_address>0x3f8c</load_address>
         <run_address>0x3f8c</run_address>
         <size>0x8d8</size>
         <input_file_ref idref="fl-3"/>
      </object_component>
      <object_component id="oc-2f0">
         <name>.text</name>
         <load_address>0x4864</load_address>
         <run_address>0x4864</run_address>
         <size>0x880</size>
         <input_file_ref idref="fl-c"/>
      </object_component>
      <object_component id="oc-36">
         <name>.text</name>
         <load_address>0x50e4</load_address>
         <run_address>0x50e4</run_address>
         <size>0x74c</size>
         <input_file_ref idref="fl-a"/>
      </object_component>
      <object_component id="oc-3c">
         <name>.text</name>
         <load_address>0x5830</load_address>
         <run_address>0x5830</run_address>
         <size>0x5cc</size>
         <input_file_ref idref="fl-14"/>
      </object_component>
      <object_component id="oc-2fc">
         <name>.text</name>
         <load_address>0x5dfc</load_address>
         <run_address>0x5dfc</run_address>
         <size>0x454</size>
         <input_file_ref idref="fl-2"/>
      </object_component>
      <object_component id="oc-3ba">
         <name>.text</name>
         <load_address>0x6250</load_address>
         <run_address>0x6250</run_address>
         <size>0x3bc</size>
         <input_file_ref idref="fl-e"/>
      </object_component>
      <object_component id="oc-2dc">
         <name>.text</name>
         <load_address>0x660c</load_address>
         <run_address>0x660c</run_address>
         <size>0x390</size>
         <input_file_ref idref="fl-11"/>
      </object_component>
      <object_component id="oc-86">
         <name>.text</name>
         <load_address>0x699c</load_address>
         <run_address>0x699c</run_address>
         <size>0x314</size>
         <input_file_ref idref="fl-4"/>
      </object_component>
      <object_component id="oc-185">
         <name>.text</name>
         <load_address>0x6cb0</load_address>
         <run_address>0x6cb0</run_address>
         <size>0x30c</size>
         <input_file_ref idref="fl-12"/>
      </object_component>
      <object_component id="oc-490">
         <name>.text</name>
         <load_address>0x6fbc</load_address>
         <run_address>0x6fbc</run_address>
         <size>0x294</size>
         <input_file_ref idref="fl-161"/>
      </object_component>
      <object_component id="oc-41e">
         <name>.text</name>
         <load_address>0x7250</load_address>
         <run_address>0x7250</run_address>
         <size>0x23c</size>
         <input_file_ref idref="fl-15c"/>
      </object_component>
      <object_component id="oc-2f6">
         <name>.text</name>
         <load_address>0x748c</load_address>
         <run_address>0x748c</run_address>
         <size>0x22c</size>
         <input_file_ref idref="fl-6"/>
      </object_component>
      <object_component id="oc-302">
         <name>.text</name>
         <load_address>0x76b8</load_address>
         <run_address>0x76b8</run_address>
         <size>0x1d4</size>
         <input_file_ref idref="fl-9"/>
      </object_component>
      <object_component id="oc-118">
         <name>.text</name>
         <load_address>0x788c</load_address>
         <run_address>0x788c</run_address>
         <size>0x1b6</size>
         <input_file_ref idref="fl-14e"/>
      </object_component>
      <object_component id="oc-30">
         <name>.text</name>
         <load_address>0x7a44</load_address>
         <run_address>0x7a44</run_address>
         <size>0x198</size>
         <input_file_ref idref="fl-10"/>
      </object_component>
      <object_component id="oc-487">
         <name>.text</name>
         <load_address>0x7bdc</load_address>
         <run_address>0x7bdc</run_address>
         <size>0x18c</size>
         <input_file_ref idref="fl-15d"/>
      </object_component>
      <object_component id="oc-3de">
         <name>.text</name>
         <load_address>0x7d68</load_address>
         <run_address>0x7d68</run_address>
         <size>0x17c</size>
         <input_file_ref idref="fl-144"/>
      </object_component>
      <object_component id="oc-4e3">
         <name>.text</name>
         <load_address>0x7ee4</load_address>
         <run_address>0x7ee4</run_address>
         <size>0x174</size>
         <input_file_ref idref="fl-16a"/>
      </object_component>
      <object_component id="oc-31c">
         <name>.text</name>
         <load_address>0x8058</load_address>
         <run_address>0x8058</run_address>
         <size>0x148</size>
         <input_file_ref idref="fl-15a"/>
      </object_component>
      <object_component id="oc-149">
         <name>.text</name>
         <load_address>0x81a0</load_address>
         <run_address>0x81a0</run_address>
         <size>0x146</size>
         <input_file_ref idref="fl-d"/>
      </object_component>
      <object_component id="oc-3e4">
         <name>.text</name>
         <load_address>0x82e6</load_address>
         <run_address>0x82e6</run_address>
         <size>0x136</size>
         <input_file_ref idref="fl-150"/>
      </object_component>
      <object_component id="oc-281">
         <name>.text:GPIOPadConfigSet</name>
         <load_address>0x841c</load_address>
         <run_address>0x841c</run_address>
         <size>0x130</size>
         <input_file_ref idref="fl-21"/>
      </object_component>
      <object_component id="oc-ab">
         <name>.text:SysCtlClockGet</name>
         <load_address>0x854c</load_address>
         <run_address>0x854c</run_address>
         <size>0x118</size>
         <input_file_ref idref="fl-1e"/>
      </object_component>
      <object_component id="oc-407">
         <name>.text</name>
         <load_address>0x8664</load_address>
         <run_address>0x8664</run_address>
         <size>0x110</size>
         <input_file_ref idref="fl-15e"/>
      </object_component>
      <object_component id="oc-113">
         <name>.text</name>
         <load_address>0x8774</load_address>
         <run_address>0x8774</run_address>
         <size>0xfc</size>
         <input_file_ref idref="fl-151"/>
      </object_component>
      <object_component id="oc-2e4">
         <name>.text:SysCtlClockSet</name>
         <load_address>0x8870</load_address>
         <run_address>0x8870</run_address>
         <size>0xf0</size>
         <input_file_ref idref="fl-1e"/>
      </object_component>
      <object_component id="oc-4a3">
         <name>.text</name>
         <load_address>0x8960</load_address>
         <run_address>0x8960</run_address>
         <size>0xbe</size>
         <input_file_ref idref="fl-16d"/>
      </object_component>
      <object_component id="oc-2ea">
         <name>.text</name>
         <load_address>0x8a20</load_address>
         <run_address>0x8a20</run_address>
         <size>0x9c</size>
         <input_file_ref idref="fl-f"/>
      </object_component>
      <object_component id="oc-45">
         <name>.text</name>
         <load_address>0x8abc</load_address>
         <run_address>0x8abc</run_address>
         <size>0x9c</size>
         <input_file_ref idref="fl-156"/>
      </object_component>
      <object_component id="oc-482">
         <name>.text:__aeabi_cdcmple</name>
         <load_address>0x8b58</load_address>
         <run_address>0x8b58</run_address>
         <size>0x86</size>
         <input_file_ref idref="fl-14f"/>
      </object_component>
      <object_component id="oc-3c6">
         <name>.text:__aeabi_cdrcmple</name>
         <load_address>0x8bde</load_address>
         <run_address>0x8bde</run_address>
         <size>0x86</size>
         <input_file_ref idref="fl-14f"/>
      </object_component>
      <object_component id="oc-5e">
         <name>.text</name>
         <load_address>0x8c64</load_address>
         <run_address>0x8c64</run_address>
         <size>0x7a</size>
         <input_file_ref idref="fl-157"/>
      </object_component>
      <object_component id="oc-70">
         <name>.text</name>
         <load_address>0x8ce0</load_address>
         <run_address>0x8ce0</run_address>
         <size>0x6c</size>
         <input_file_ref idref="fl-165"/>
      </object_component>
      <object_component id="oc-51">
         <name>.text</name>
         <load_address>0x8d4c</load_address>
         <run_address>0x8d4c</run_address>
         <size>0x6a</size>
         <input_file_ref idref="fl-149"/>
      </object_component>
      <object_component id="oc-401">
         <name>.text</name>
         <load_address>0x8db6</load_address>
         <run_address>0x8db6</run_address>
         <size>0x66</size>
         <input_file_ref idref="fl-15f"/>
      </object_component>
      <object_component id="oc-309">
         <name>.text</name>
         <load_address>0x8e1c</load_address>
         <run_address>0x8e1c</run_address>
         <size>0x64</size>
         <input_file_ref idref="fl-13"/>
      </object_component>
      <object_component id="oc-bd">
         <name>.text:IntEnable</name>
         <load_address>0x8e80</load_address>
         <run_address>0x8e80</run_address>
         <size>0x60</size>
         <input_file_ref idref="fl-1f"/>
      </object_component>
      <object_component id="oc-a5">
         <name>.text:TimerConfigure</name>
         <load_address>0x8ee0</load_address>
         <run_address>0x8ee0</run_address>
         <size>0x5c</size>
         <input_file_ref idref="fl-1c"/>
      </object_component>
      <object_component id="oc-3ae">
         <name>.text:GPIOIntTypeSet</name>
         <load_address>0x8f3c</load_address>
         <run_address>0x8f3c</run_address>
         <size>0x56</size>
         <input_file_ref idref="fl-21"/>
      </object_component>
      <object_component id="oc-45d">
         <name>.text:SysCtlPeripheralReset</name>
         <load_address>0x8f94</load_address>
         <run_address>0x8f94</run_address>
         <size>0x50</size>
         <input_file_ref idref="fl-1e"/>
      </object_component>
      <object_component id="oc-24">
         <name>.text</name>
         <load_address>0x8fe4</load_address>
         <run_address>0x8fe4</run_address>
         <size>0x50</size>
         <input_file_ref idref="fl-147"/>
      </object_component>
      <object_component id="oc-131">
         <name>.text</name>
         <load_address>0x9034</load_address>
         <run_address>0x9034</run_address>
         <size>0x4c</size>
         <input_file_ref idref="fl-146"/>
      </object_component>
      <object_component id="oc-1ae">
         <name>.text</name>
         <load_address>0x9080</load_address>
         <run_address>0x9080</run_address>
         <size>0x4c</size>
         <input_file_ref idref="fl-166"/>
      </object_component>
      <object_component id="oc-11d">
         <name>.text</name>
         <load_address>0x90cc</load_address>
         <run_address>0x90cc</run_address>
         <size>0x4a</size>
         <input_file_ref idref="fl-152"/>
      </object_component>
      <object_component id="oc-155">
         <name>.text:GPIOPinConfigure</name>
         <load_address>0x9118</load_address>
         <run_address>0x9118</run_address>
         <size>0x48</size>
         <input_file_ref idref="fl-21"/>
      </object_component>
      <object_component id="oc-463">
         <name>.text:I2CMasterInitExpClk</name>
         <load_address>0x9160</load_address>
         <run_address>0x9160</run_address>
         <size>0x48</size>
         <input_file_ref idref="fl-20"/>
      </object_component>
      <object_component id="oc-4e9">
         <name>.text</name>
         <load_address>0x91a8</load_address>
         <run_address>0x91a8</run_address>
         <size>0x48</size>
         <input_file_ref idref="fl-168"/>
      </object_component>
      <object_component id="oc-7c">
         <name>.text</name>
         <load_address>0x91f0</load_address>
         <run_address>0x91f0</run_address>
         <size>0x44</size>
         <input_file_ref idref="fl-14d"/>
      </object_component>
      <object_component id="oc-161">
         <name>.text:UARTConfigSetExpClk</name>
         <load_address>0x9234</load_address>
         <run_address>0x9234</run_address>
         <size>0x40</size>
         <input_file_ref idref="fl-1b"/>
      </object_component>
      <object_component id="oc-520">
         <name>.text</name>
         <load_address>0x9274</load_address>
         <run_address>0x9274</run_address>
         <size>0x40</size>
         <input_file_ref idref="fl-16c"/>
      </object_component>
      <object_component id="oc-10e">
         <name>.text</name>
         <load_address>0x92b4</load_address>
         <run_address>0x92b4</run_address>
         <size>0x38</size>
         <input_file_ref idref="fl-153"/>
      </object_component>
      <object_component id="oc-2a">
         <name>.text</name>
         <load_address>0x92ec</load_address>
         <run_address>0x92ec</run_address>
         <size>0x36</size>
         <input_file_ref idref="fl-15"/>
      </object_component>
      <object_component id="oc-9f">
         <name>.text:SysCtlPeripheralEnable</name>
         <load_address>0x9324</load_address>
         <run_address>0x9324</run_address>
         <size>0x34</size>
         <input_file_ref idref="fl-1e"/>
      </object_component>
      <object_component id="oc-4ad">
         <name>.text</name>
         <load_address>0x9358</load_address>
         <run_address>0x9358</run_address>
         <size>0x34</size>
         <input_file_ref idref="fl-169"/>
      </object_component>
      <object_component id="oc-40d">
         <name>.text</name>
         <load_address>0x938c</load_address>
         <run_address>0x938c</run_address>
         <size>0x30</size>
         <input_file_ref idref="fl-160"/>
      </object_component>
      <object_component id="oc-3d9">
         <name>.text</name>
         <load_address>0x93bc</load_address>
         <run_address>0x93bc</run_address>
         <size>0x2e</size>
         <input_file_ref idref="fl-154"/>
      </object_component>
      <object_component id="oc-4fd">
         <name>.text</name>
         <load_address>0x93ea</load_address>
         <run_address>0x93ea</run_address>
         <size>0x2e</size>
         <input_file_ref idref="fl-16b"/>
      </object_component>
      <object_component id="oc-27b">
         <name>.text:GPIODirModeSet</name>
         <load_address>0x9418</load_address>
         <run_address>0x9418</run_address>
         <size>0x2a</size>
         <input_file_ref idref="fl-21"/>
      </object_component>
      <object_component id="oc-c3">
         <name>.text:IntPrioritySet</name>
         <load_address>0x9444</load_address>
         <run_address>0x9444</run_address>
         <size>0x24</size>
         <input_file_ref idref="fl-1f"/>
      </object_component>
      <object_component id="oc-288">
         <name>.text:UARTDisable</name>
         <load_address>0x9468</load_address>
         <run_address>0x9468</run_address>
         <size>0x1c</size>
         <input_file_ref idref="fl-1b"/>
      </object_component>
      <object_component id="oc-3e9">
         <name>.text</name>
         <load_address>0x9484</load_address>
         <run_address>0x9484</run_address>
         <size>0x1a</size>
         <input_file_ref idref="fl-14b"/>
      </object_component>
      <object_component id="oc-3ef">
         <name>.text</name>
         <load_address>0x949e</load_address>
         <run_address>0x949e</run_address>
         <size>0x1a</size>
         <input_file_ref idref="fl-159"/>
      </object_component>
      <object_component id="oc-39b">
         <name>.text:GPIOPinTypeGPIOOutput</name>
         <load_address>0x94b8</load_address>
         <run_address>0x94b8</run_address>
         <size>0x18</size>
         <input_file_ref idref="fl-21"/>
      </object_component>
      <object_component id="oc-1cf">
         <name>.text:TimerControlLevel</name>
         <load_address>0x94d0</load_address>
         <run_address>0x94d0</run_address>
         <size>0x18</size>
         <input_file_ref idref="fl-1c"/>
      </object_component>
      <object_component id="oc-76">
         <name>.text</name>
         <load_address>0x94e8</load_address>
         <run_address>0x94e8</run_address>
         <size>0x18</size>
         <input_file_ref idref="fl-164"/>
      </object_component>
      <object_component id="oc-451">
         <name>.text:I2CMasterErr</name>
         <load_address>0x9500</load_address>
         <run_address>0x9500</run_address>
         <size>0x16</size>
         <input_file_ref idref="fl-20"/>
      </object_component>
      <object_component id="oc-99">
         <name>.text:SysTickEnable</name>
         <load_address>0x9518</load_address>
         <run_address>0x9518</run_address>
         <size>0x14</size>
         <input_file_ref idref="fl-1d"/>
      </object_component>
      <object_component id="oc-93">
         <name>.text:SysTickIntEnable</name>
         <load_address>0x952c</load_address>
         <run_address>0x952c</run_address>
         <size>0x14</size>
         <input_file_ref idref="fl-1d"/>
      </object_component>
      <object_component id="oc-17f">
         <name>.text:UARTEnable</name>
         <load_address>0x9540</load_address>
         <run_address>0x9540</run_address>
         <size>0x14</size>
         <input_file_ref idref="fl-1b"/>
      </object_component>
      <object_component id="oc-336">
         <name>.text</name>
         <load_address>0x9554</load_address>
         <run_address>0x9554</run_address>
         <size>0x14</size>
         <input_file_ref idref="fl-163"/>
      </object_component>
      <object_component id="oc-3a1">
         <name>.text:GPIOPinTypeGPIOInput</name>
         <load_address>0x9568</load_address>
         <run_address>0x9568</run_address>
         <size>0x12</size>
         <input_file_ref idref="fl-21"/>
      </object_component>
      <object_component id="oc-46f">
         <name>.text:GPIOPinTypeI2C</name>
         <load_address>0x957a</load_address>
         <run_address>0x957a</run_address>
         <size>0x12</size>
         <input_file_ref idref="fl-21"/>
      </object_component>
      <object_component id="oc-475">
         <name>.text:GPIOPinTypeI2CSCL</name>
         <load_address>0x958c</load_address>
         <run_address>0x958c</run_address>
         <size>0x12</size>
         <input_file_ref idref="fl-21"/>
      </object_component>
      <object_component id="oc-1c9">
         <name>.text:GPIOPinTypeTimer</name>
         <load_address>0x959e</load_address>
         <run_address>0x959e</run_address>
         <size>0x12</size>
         <input_file_ref idref="fl-21"/>
      </object_component>
      <object_component id="oc-15b">
         <name>.text:GPIOPinTypeUART</name>
         <load_address>0x95b0</load_address>
         <run_address>0x95b0</run_address>
         <size>0x12</size>
         <input_file_ref idref="fl-21"/>
      </object_component>
      <object_component id="oc-b1">
         <name>.text:TimerLoadSet</name>
         <load_address>0x95c2</load_address>
         <run_address>0x95c2</run_address>
         <size>0x12</size>
         <input_file_ref idref="fl-1c"/>
      </object_component>
      <object_component id="oc-1d5">
         <name>.text:TimerMatchSet</name>
         <load_address>0x95d4</load_address>
         <run_address>0x95d4</run_address>
         <size>0x12</size>
         <input_file_ref idref="fl-1c"/>
      </object_component>
      <object_component id="oc-3d2">
         <name>.text:TimerPrescaleMatchSet</name>
         <load_address>0x95e6</load_address>
         <run_address>0x95e6</run_address>
         <size>0x12</size>
         <input_file_ref idref="fl-1c"/>
      </object_component>
      <object_component id="oc-3cc">
         <name>.text:TimerPrescaleSet</name>
         <load_address>0x95f8</load_address>
         <run_address>0x95f8</run_address>
         <size>0x12</size>
         <input_file_ref idref="fl-1c"/>
      </object_component>
      <object_component id="oc-325">
         <name>.text</name>
         <load_address>0x960a</load_address>
         <run_address>0x960a</run_address>
         <size>0x12</size>
         <input_file_ref idref="fl-145"/>
      </object_component>
      <object_component id="oc-8d">
         <name>.text:SysTickPeriodSet</name>
         <load_address>0x961c</load_address>
         <run_address>0x961c</run_address>
         <size>0x10</size>
         <input_file_ref idref="fl-1d"/>
      </object_component>
      <object_component id="oc-392">
         <name>.text</name>
         <load_address>0x962c</load_address>
         <run_address>0x962c</run_address>
         <size>0x10</size>
         <input_file_ref idref="fl-155"/>
      </object_component>
      <object_component id="oc-fc">
         <name>.text:GPIOIntStatus</name>
         <load_address>0x963c</load_address>
         <run_address>0x963c</run_address>
         <size>0xe</size>
         <input_file_ref idref="fl-21"/>
      </object_component>
      <object_component id="oc-cf">
         <name>.text:TimerEnable</name>
         <load_address>0x964a</load_address>
         <run_address>0x964a</run_address>
         <size>0xe</size>
         <input_file_ref idref="fl-1c"/>
      </object_component>
      <object_component id="oc-12">
         <name>.text:decompress:none</name>
         <load_address>0x9658</load_address>
         <run_address>0x9658</run_address>
         <size>0xe</size>
         <input_file_ref idref="fl-148"/>
      </object_component>
      <object_component id="oc-370">
         <name>.text:CPUcpsid</name>
         <load_address>0x9666</load_address>
         <run_address>0x9666</run_address>
         <size>0xc</size>
         <input_file_ref idref="fl-22"/>
      </object_component>
      <object_component id="oc-1ee">
         <name>.text:CPUcpsie</name>
         <load_address>0x9672</load_address>
         <run_address>0x9672</run_address>
         <size>0xc</size>
         <input_file_ref idref="fl-22"/>
      </object_component>
      <object_component id="oc-3b4">
         <name>.text:GPIOIntEnable</name>
         <load_address>0x967e</load_address>
         <run_address>0x967e</run_address>
         <size>0xc</size>
         <input_file_ref idref="fl-21"/>
      </object_component>
      <object_component id="oc-14f">
         <name>.text:UARTCharsAvail</name>
         <load_address>0x968a</load_address>
         <run_address>0x968a</run_address>
         <size>0xc</size>
         <input_file_ref idref="fl-1b"/>
      </object_component>
      <object_component id="oc-167">
         <name>.text:UARTTxIntModeSet</name>
         <load_address>0x9696</load_address>
         <run_address>0x9696</run_address>
         <size>0xc</size>
         <input_file_ref idref="fl-1b"/>
      </object_component>
      <object_component id="oc-1e">
         <name>.text:decompress:ZI</name>
         <load_address>0x96a2</load_address>
         <run_address>0x96a2</run_address>
         <size>0xc</size>
         <input_file_ref idref="fl-14a"/>
      </object_component>
      <object_component id="oc-457">
         <name>.text:I2CMasterDisable</name>
         <load_address>0x96ae</load_address>
         <run_address>0x96ae</run_address>
         <size>0xa</size>
         <input_file_ref idref="fl-20"/>
      </object_component>
      <object_component id="oc-4d0">
         <name>.text:I2CMasterEnable</name>
         <load_address>0x96b8</load_address>
         <run_address>0x96b8</run_address>
         <size>0xa</size>
         <input_file_ref idref="fl-20"/>
      </object_component>
      <object_component id="oc-29c">
         <name>.text:IntMasterDisable</name>
         <load_address>0x96c2</load_address>
         <run_address>0x96c2</run_address>
         <size>0xa</size>
         <input_file_ref idref="fl-1f"/>
      </object_component>
      <object_component id="oc-b7">
         <name>.text:IntMasterEnable</name>
         <load_address>0x96cc</load_address>
         <run_address>0x96cc</run_address>
         <size>0xa</size>
         <input_file_ref idref="fl-1f"/>
      </object_component>
      <object_component id="oc-db">
         <name>.text:TimerValueGet</name>
         <load_address>0x96d6</load_address>
         <run_address>0x96d6</run_address>
         <size>0xa</size>
         <input_file_ref idref="fl-1c"/>
      </object_component>
      <object_component id="oc-143">
         <name>.text:UARTCharGet</name>
         <load_address>0x96e0</load_address>
         <run_address>0x96e0</run_address>
         <size>0xa</size>
         <input_file_ref idref="fl-1b"/>
      </object_component>
      <object_component id="oc-26e">
         <name>.text:UARTCharPut</name>
         <load_address>0x96ea</load_address>
         <run_address>0x96ea</run_address>
         <size>0xa</size>
         <input_file_ref idref="fl-1b"/>
      </object_component>
      <object_component id="oc-137">
         <name>.text:UARTIntStatus</name>
         <load_address>0x96f4</load_address>
         <run_address>0x96f4</run_address>
         <size>0xa</size>
         <input_file_ref idref="fl-1b"/>
      </object_component>
      <object_component id="oc-44b">
         <name>.text:I2CMasterBusy</name>
         <load_address>0x96fe</load_address>
         <run_address>0x96fe</run_address>
         <size>0x8</size>
         <input_file_ref idref="fl-20"/>
      </object_component>
      <object_component id="oc-439">
         <name>.text:I2CMasterSlaveAddrSet</name>
         <load_address>0x9706</load_address>
         <run_address>0x9706</run_address>
         <size>0x8</size>
         <input_file_ref idref="fl-20"/>
      </object_component>
      <object_component id="oc-c9">
         <name>.text:TimerIntEnable</name>
         <load_address>0x970e</load_address>
         <run_address>0x970e</run_address>
         <size>0x8</size>
         <input_file_ref idref="fl-1c"/>
      </object_component>
      <object_component id="oc-268">
         <name>.text:UARTBusy</name>
         <load_address>0x9716</load_address>
         <run_address>0x9716</run_address>
         <size>0x8</size>
         <input_file_ref idref="fl-1b"/>
      </object_component>
      <object_component id="oc-16d">
         <name>.text:UARTIntEnable</name>
         <load_address>0x971e</load_address>
         <run_address>0x971e</run_address>
         <size>0x8</size>
         <input_file_ref idref="fl-1b"/>
      </object_component>
      <object_component id="oc-3c0">
         <name>.text:CPUbasepriSet</name>
         <load_address>0x9726</load_address>
         <run_address>0x9726</run_address>
         <size>0x6</size>
         <input_file_ref idref="fl-22"/>
      </object_component>
      <object_component id="oc-102">
         <name>.text:GPIOIntClear</name>
         <load_address>0x972c</load_address>
         <run_address>0x972c</run_address>
         <size>0x6</size>
         <input_file_ref idref="fl-21"/>
      </object_component>
      <object_component id="oc-108">
         <name>.text:GPIOPinRead</name>
         <load_address>0x9732</load_address>
         <run_address>0x9732</run_address>
         <size>0x6</size>
         <input_file_ref idref="fl-21"/>
      </object_component>
      <object_component id="oc-3a7">
         <name>.text:GPIOPinWrite</name>
         <load_address>0x9738</load_address>
         <run_address>0x9738</run_address>
         <size>0x6</size>
         <input_file_ref idref="fl-21"/>
      </object_component>
      <object_component id="oc-308">
         <name>.text:SysCtlDelay</name>
         <load_address>0x973e</load_address>
         <run_address>0x973e</run_address>
         <size>0x6</size>
         <input_file_ref idref="fl-1e"/>
      </object_component>
      <object_component id="oc-179">
         <name>.text:UARTClockSourceSet</name>
         <load_address>0x9744</load_address>
         <run_address>0x9744</run_address>
         <size>0x6</size>
         <input_file_ref idref="fl-1b"/>
      </object_component>
      <object_component id="oc-18">
         <name>.text:decompress:rle24</name>
         <load_address>0x974a</load_address>
         <run_address>0x974a</run_address>
         <size>0x6</size>
         <input_file_ref idref="fl-149"/>
      </object_component>
      <object_component id="oc-445">
         <name>.text:I2CMasterControl</name>
         <load_address>0x9750</load_address>
         <run_address>0x9750</run_address>
         <size>0x4</size>
         <input_file_ref idref="fl-20"/>
      </object_component>
      <object_component id="oc-469">
         <name>.text:I2CMasterDataGet</name>
         <load_address>0x9754</load_address>
         <run_address>0x9754</run_address>
         <size>0x4</size>
         <input_file_ref idref="fl-20"/>
      </object_component>
      <object_component id="oc-43f">
         <name>.text:I2CMasterDataPut</name>
         <load_address>0x9758</load_address>
         <run_address>0x9758</run_address>
         <size>0x4</size>
         <input_file_ref idref="fl-20"/>
      </object_component>
      <object_component id="oc-d5">
         <name>.text:TimerIntClear</name>
         <load_address>0x975c</load_address>
         <run_address>0x975c</run_address>
         <size>0x4</size>
         <input_file_ref idref="fl-1c"/>
      </object_component>
      <object_component id="oc-13d">
         <name>.text:UARTIntClear</name>
         <load_address>0x9760</load_address>
         <run_address>0x9760</run_address>
         <size>0x4</size>
         <input_file_ref idref="fl-1b"/>
      </object_component>
      <object_component id="oc-6a">
         <name>.text</name>
         <load_address>0x9764</load_address>
         <run_address>0x9764</run_address>
         <size>0x4</size>
         <input_file_ref idref="fl-158"/>
      </object_component>
      <object_component id="oc-25f">
         <name>.const:.string:_ctypes_</name>
         <load_address>0x9768</load_address>
         <run_address>0x9768</run_address>
         <size>0x101</size>
         <input_file_ref idref="fl-14c"/>
      </object_component>
      <object_component id="oc-1ff">
         <name>.const:g_pui32Regs</name>
         <load_address>0x986c</load_address>
         <run_address>0x986c</run_address>
         <size>0x9c</size>
         <input_file_ref idref="fl-1f"/>
      </object_component>
      <object_component id="oc-4be">
         <name>.const</name>
         <load_address>0x9908</load_address>
         <run_address>0x9908</run_address>
         <size>0x98</size>
         <input_file_ref idref="fl-15c"/>
      </object_component>
      <object_component id="oc-277">
         <name>.const:g_pui32GPIOBaseAddrs</name>
         <load_address>0x99a0</load_address>
         <run_address>0x99a0</run_address>
         <size>0x90</size>
         <input_file_ref idref="fl-21"/>
      </object_component>
      <object_component id="oc-4dd">
         <name>.const</name>
         <load_address>0x9a30</load_address>
         <run_address>0x9a30</run_address>
         <size>0x88</size>
         <input_file_ref idref="fl-15d"/>
      </object_component>
      <object_component id="oc-4ee">
         <name>.const</name>
         <load_address>0x9ab8</load_address>
         <run_address>0x9ab8</run_address>
         <size>0x80</size>
         <input_file_ref idref="fl-161"/>
      </object_component>
      <object_component id="oc-1fa">
         <name>.const</name>
         <load_address>0x9b38</load_address>
         <run_address>0x9b38</run_address>
         <size>0x70</size>
         <input_file_ref idref="fl-1f"/>
      </object_component>
      <object_component id="oc-1e9">
         <name>.const:g_pui32Xtals</name>
         <load_address>0x9ba8</load_address>
         <run_address>0x9ba8</run_address>
         <size>0x6c</size>
         <input_file_ref idref="fl-1e"/>
      </object_component>
      <object_component id="oc-56e">
         <name>.cinit..data.load</name>
         <load_address>0x9c18</load_address>
         <run_address>0x9c18</run_address>
         <size>0x67</size>
      </object_component>
      <object_component id="oc-56c">
         <name>__TI_handler_table</name>
         <load_address>0x9c80</load_address>
         <run_address>0x9c80</run_address>
         <size>0xc</size>
      </object_component>
      <object_component id="oc-56f">
         <name>.cinit..bss.load</name>
         <load_address>0x9c90</load_address>
         <run_address>0x9c90</run_address>
         <size>0x8</size>
      </object_component>
      <object_component id="oc-56d">
         <name>__TI_cinit_table</name>
         <load_address>0x9c98</load_address>
         <run_address>0x9c98</run_address>
         <size>0x10</size>
      </object_component>
      <object_component id="oc-29">
         <name>.stack</name>
         <uninitialized>true</uninitialized>
         <run_address>0x200009a8</run_address>
         <size>0x0</size>
         <input_file_ref idref="fl-147"/>
      </object_component>
      <object_component id="oc-570">
         <name>.stack</name>
         <uninitialized>true</uninitialized>
         <run_address>0x200009a8</run_address>
         <size>0x0</size>
      </object_component>
      <object_component id="oc-2d3">
         <name>.bss:IMU</name>
         <uninitialized>true</uninitialized>
         <run_address>0x20000814</run_address>
         <size>0x34</size>
         <input_file_ref idref="fl-2"/>
      </object_component>
      <object_component id="oc-ef">
         <name>.bss:RF_module</name>
         <uninitialized>true</uninitialized>
         <run_address>0x200008c4</run_address>
         <size>0x24</size>
         <input_file_ref idref="fl-5"/>
      </object_component>
      <object_component id="oc-122">
         <name>.bss:Sonar_module</name>
         <uninitialized>true</uninitialized>
         <run_address>0x20000700</run_address>
         <size>0x54</size>
         <input_file_ref idref="fl-6"/>
      </object_component>
      <object_component id="oc-3f6">
         <name>.bss:quad_model</name>
         <uninitialized>true</uninitialized>
         <run_address>0x20000754</run_address>
         <size>0x48</size>
         <input_file_ref idref="fl-9"/>
      </object_component>
      <object_component id="oc-2c1">
         <name>.bss:PID_roll</name>
         <uninitialized>true</uninitialized>
         <run_address>0x20000548</run_address>
         <size>0x58</size>
         <input_file_ref idref="fl-b"/>
      </object_component>
      <object_component id="oc-2c4">
         <name>.bss:PID_pitch</name>
         <uninitialized>true</uninitialized>
         <run_address>0x200004f0</run_address>
         <size>0x58</size>
         <input_file_ref idref="fl-b"/>
      </object_component>
      <object_component id="oc-2c7">
         <name>.bss:PID_yaw</name>
         <uninitialized>true</uninitialized>
         <run_address>0x20000650</run_address>
         <size>0x58</size>
         <input_file_ref idref="fl-b"/>
      </object_component>
      <object_component id="oc-2d0">
         <name>.bss:PID_y</name>
         <uninitialized>true</uninitialized>
         <run_address>0x200005f8</run_address>
         <size>0x58</size>
         <input_file_ref idref="fl-b"/>
      </object_component>
      <object_component id="oc-2cd">
         <name>.bss:PID_x</name>
         <uninitialized>true</uninitialized>
         <run_address>0x200005a0</run_address>
         <size>0x58</size>
         <input_file_ref idref="fl-b"/>
      </object_component>
      <object_component id="oc-2ca">
         <name>.bss:PID_z</name>
         <uninitialized>true</uninitialized>
         <run_address>0x200006a8</run_address>
         <size>0x58</size>
         <input_file_ref idref="fl-b"/>
      </object_component>
      <object_component id="oc-2be">
         <name>.bss:Socket</name>
         <uninitialized>true</uninitialized>
         <run_address>0x2000079c</run_address>
         <size>0x40</size>
         <input_file_ref idref="fl-b"/>
      </object_component>
      <object_component id="oc-316">
         <name>.bss:MPU6050</name>
         <uninitialized>true</uninitialized>
         <run_address>0x200007dc</run_address>
         <size>0x38</size>
         <input_file_ref idref="fl-c"/>
      </object_component>
      <object_component id="oc-176">
         <name>.bss:Uart</name>
         <uninitialized>true</uninitialized>
         <run_address>0x20000848</run_address>
         <size>0x29</size>
         <input_file_ref idref="fl-14"/>
      </object_component>
      <object_component id="oc-18e">
         <name>.bss:UartCamera</name>
         <uninitialized>true</uninitialized>
         <run_address>0x20000871</run_address>
         <size>0x29</size>
         <input_file_ref idref="fl-14"/>
      </object_component>
      <object_component id="oc-173">
         <name>.bss:communicationFIFO</name>
         <uninitialized>true</uninitialized>
         <run_address>0x20000278</run_address>
         <size>0x278</size>
         <input_file_ref idref="fl-14"/>
      </object_component>
      <object_component id="oc-18b">
         <name>.bss:cameraFIFO</name>
         <uninitialized>true</uninitialized>
         <run_address>0x20000000</run_address>
         <size>0x278</size>
         <input_file_ref idref="fl-14"/>
      </object_component>
      <object_component id="oc-319">
         <name>.bss:data_buffer_cn</name>
         <uninitialized>true</uninitialized>
         <run_address>0x2000089c</run_address>
         <size>0x28</size>
         <input_file_ref idref="fl-14"/>
      </object_component>
      <object_component id="oc-e4">
         <name>.common:FlagTimer</name>
         <uninitialized>true</uninitialized>
         <run_address>0x2000089a</run_address>
         <size>0x1</size>
      </object_component>
      <object_component id="oc-322">
         <name>.common:ESC</name>
         <uninitialized>true</uninitialized>
         <run_address>0x20000980</run_address>
         <size>0x10</size>
      </object_component>
      <object_component id="oc-125">
         <name>.common:timer_rising_edge</name>
         <uninitialized>true</uninitialized>
         <run_address>0x20000928</run_address>
         <size>0x20</size>
      </object_component>
      <object_component id="oc-126">
         <name>.common:RF_pulse_width</name>
         <uninitialized>true</uninitialized>
         <run_address>0x20000908</run_address>
         <size>0x20</size>
      </object_component>
      <object_component id="oc-127">
         <name>.common:Flag_SonarHoldAttitudeMode</name>
         <uninitialized>true</uninitialized>
         <run_address>0x200009a2</run_address>
         <size>0x1</size>
      </object_component>
      <object_component id="oc-315">
         <name>.common:Position</name>
         <uninitialized>true</uninitialized>
         <run_address>0x2000099a</run_address>
         <size>0x4</size>
      </object_component>
      <object_component id="oc-2d6">
         <name>.common:Camera</name>
         <uninitialized>true</uninitialized>
         <run_address>0x200008e8</run_address>
         <size>0x20</size>
      </object_component>
      <object_component id="oc-2bd">
         <name>.common:Flag</name>
         <uninitialized>true</uninitialized>
         <run_address>0x20000996</run_address>
         <size>0x4</size>
      </object_component>
      <object_component id="oc-2db">
         <name>.common:color_capture</name>
         <uninitialized>true</uninitialized>
         <run_address>0x200009a3</run_address>
         <size>0x1</size>
      </object_component>
      <object_component id="oc-2e3">
         <name>.common:flag_color_capture</name>
         <uninitialized>true</uninitialized>
         <run_address>0x200009a4</run_address>
         <size>0x1</size>
      </object_component>
      <object_component id="oc-2d7">
         <name>.common:flag_task_finish</name>
         <uninitialized>true</uninitialized>
         <run_address>0x20000948</run_address>
         <size>0x1c</size>
      </object_component>
      <object_component id="oc-2e2">
         <name>.common:flag_task_init</name>
         <uninitialized>true</uninitialized>
         <run_address>0x20000964</run_address>
         <size>0x1c</size>
      </object_component>
      <object_component id="oc-32b">
         <name>.common:toggle_led</name>
         <uninitialized>true</uninitialized>
         <run_address>0x2000099e</run_address>
         <size>0x4</size>
      </object_component>
      <object_component id="oc-e1">
         <name>.common:SysTick_Int_Count</name>
         <uninitialized>true</uninitialized>
         <run_address>0x20000990</run_address>
         <size>0x6</size>
      </object_component>
      <object_component id="oc-f2">
         <name>.common:Flag_Safe</name>
         <uninitialized>true</uninitialized>
         <run_address>0x2000089b</run_address>
         <size>0x1</size>
      </object_component>
      <object_component id="oc-2d8">
         <name>.data</name>
         <load_address>0x20000cd8</load_address>
         <run_address>0x20000cd8</run_address>
         <size>0x28</size>
         <input_file_ref idref="fl-b"/>
      </object_component>
      <object_component id="oc-128">
         <name>.data</name>
         <load_address>0x20000d1a</load_address>
         <run_address>0x20000d1a</run_address>
         <size>0x2</size>
         <input_file_ref idref="fl-c"/>
      </object_component>
      <object_component id="oc-f3">
         <name>.data</name>
         <load_address>0x20000d00</load_address>
         <run_address>0x20000d00</run_address>
         <size>0x1a</size>
         <input_file_ref idref="fl-10"/>
      </object_component>
      <object_component id="oc-1c1">
         <name>.data</name>
         <load_address>0x20000d24</load_address>
         <run_address>0x20000d24</run_address>
         <size>0x8</size>
         <input_file_ref idref="fl-14d"/>
      </object_component>
      <object_component id="oc-82">
         <name>.data</name>
         <load_address>0x20000d38</load_address>
         <run_address>0x20000d38</run_address>
         <size>0x4</size>
         <input_file_ref idref="fl-15b"/>
      </object_component>
      <object_component id="oc-413">
         <name>.data</name>
         <load_address>0x20000c58</load_address>
         <run_address>0x20000c58</run_address>
         <size>0x80</size>
         <input_file_ref idref="fl-162"/>
      </object_component>
      <object_component id="oc-1be">
         <name>.data</name>
         <load_address>0x20000d1c</load_address>
         <run_address>0x20000d1c</run_address>
         <size>0x8</size>
         <input_file_ref idref="fl-163"/>
      </object_component>
      <object_component id="oc-4b3">
         <name>.data</name>
         <load_address>0x20000d34</load_address>
         <run_address>0x20000d34</run_address>
         <size>0x4</size>
         <input_file_ref idref="fl-167"/>
      </object_component>
      <object_component id="oc-503">
         <name>.data</name>
         <load_address>0x20000d2c</load_address>
         <run_address>0x20000d2c</run_address>
         <size>0x8</size>
         <input_file_ref idref="fl-169"/>
      </object_component>
      <object_component id="oc-539">
         <name>.data:sigtable</name>
         <load_address>0x20000ba8</load_address>
         <run_address>0x20000ba8</run_address>
         <size>0xb0</size>
         <input_file_ref idref="fl-16c"/>
      </object_component>
      <object_component id="oc-e5">
         <name>.debug_info</name>
         <load_address>0x0</load_address>
         <run_address>0x0</run_address>
         <size>0x1ef</size>
         <input_file_ref idref="fl-2"/>
      </object_component>
      <object_component id="oc-2d4">
         <name>.debug_info</name>
         <load_address>0x1ef</load_address>
         <run_address>0x1ef</run_address>
         <size>0xc6</size>
         <input_file_ref idref="fl-2"/>
      </object_component>
      <object_component id="oc-2fe">
         <name>.debug_info</name>
         <load_address>0x2b5</load_address>
         <run_address>0x2b5</run_address>
         <size>0x623</size>
         <input_file_ref idref="fl-2"/>
      </object_component>
      <object_component id="oc-21e">
         <name>.debug_info</name>
         <load_address>0x8d8</load_address>
         <run_address>0x8d8</run_address>
         <size>0x18a</size>
         <input_file_ref idref="fl-2"/>
      </object_component>
      <object_component id="oc-209">
         <name>.debug_info</name>
         <load_address>0xa62</load_address>
         <run_address>0xa62</run_address>
         <size>0xc3</size>
         <input_file_ref idref="fl-2"/>
      </object_component>
      <object_component id="oc-233">
         <name>.debug_info</name>
         <load_address>0xb25</load_address>
         <run_address>0xb25</run_address>
         <size>0x13a</size>
         <input_file_ref idref="fl-2"/>
      </object_component>
      <object_component id="oc-195">
         <name>.debug_info</name>
         <load_address>0xc5f</load_address>
         <run_address>0xc5f</run_address>
         <size>0x84</size>
         <input_file_ref idref="fl-2"/>
      </object_component>
      <object_component id="oc-f7">
         <name>.debug_info</name>
         <load_address>0xce3</load_address>
         <run_address>0xce3</run_address>
         <size>0x18b</size>
         <input_file_ref idref="fl-2"/>
      </object_component>
      <object_component id="oc-3fc">
         <name>.debug_info</name>
         <load_address>0xe6e</load_address>
         <run_address>0xe6e</run_address>
         <size>0xbb</size>
         <input_file_ref idref="fl-3"/>
      </object_component>
      <object_component id="oc-311">
         <name>.debug_info</name>
         <load_address>0xf29</load_address>
         <run_address>0xf29</run_address>
         <size>0x91e</size>
         <input_file_ref idref="fl-3"/>
      </object_component>
      <object_component id="oc-22e">
         <name>.debug_info</name>
         <load_address>0x1847</load_address>
         <run_address>0x1847</run_address>
         <size>0x1ee</size>
         <input_file_ref idref="fl-3"/>
      </object_component>
      <object_component id="oc-323">
         <name>.debug_info</name>
         <load_address>0x1a35</load_address>
         <run_address>0x1a35</run_address>
         <size>0x2a7</size>
         <input_file_ref idref="fl-4"/>
      </object_component>
      <object_component id="oc-87">
         <name>.debug_info</name>
         <load_address>0x1cdc</load_address>
         <run_address>0x1cdc</run_address>
         <size>0x68e</size>
         <input_file_ref idref="fl-4"/>
      </object_component>
      <object_component id="oc-238">
         <name>.debug_info</name>
         <load_address>0x236a</load_address>
         <run_address>0x236a</run_address>
         <size>0x86</size>
         <input_file_ref idref="fl-4"/>
      </object_component>
      <object_component id="oc-419">
         <name>.debug_info</name>
         <load_address>0x23f0</load_address>
         <run_address>0x23f0</run_address>
         <size>0x78</size>
         <input_file_ref idref="fl-4"/>
      </object_component>
      <object_component id="oc-12c">
         <name>.debug_info</name>
         <load_address>0x2468</load_address>
         <run_address>0x2468</run_address>
         <size>0x8b</size>
         <input_file_ref idref="fl-4"/>
      </object_component>
      <object_component id="oc-e7">
         <name>.debug_info</name>
         <load_address>0x24f3</load_address>
         <run_address>0x24f3</run_address>
         <size>0x2d5</size>
         <input_file_ref idref="fl-5"/>
      </object_component>
      <object_component id="oc-f0">
         <name>.debug_info</name>
         <load_address>0x27c8</load_address>
         <run_address>0x27c8</run_address>
         <size>0xd1</size>
         <input_file_ref idref="fl-5"/>
      </object_component>
      <object_component id="oc-20d">
         <name>.debug_info</name>
         <load_address>0x2899</load_address>
         <run_address>0x2899</run_address>
         <size>0xfe</size>
         <input_file_ref idref="fl-5"/>
      </object_component>
      <object_component id="oc-247">
         <name>.debug_info</name>
         <load_address>0x2997</load_address>
         <run_address>0x2997</run_address>
         <size>0x5e</size>
         <input_file_ref idref="fl-5"/>
      </object_component>
      <object_component id="oc-35b">
         <name>.debug_info</name>
         <load_address>0x29f5</load_address>
         <run_address>0x29f5</run_address>
         <size>0x4e9</size>
         <input_file_ref idref="fl-6"/>
      </object_component>
      <object_component id="oc-123">
         <name>.debug_info</name>
         <load_address>0x2ede</load_address>
         <run_address>0x2ede</run_address>
         <size>0xda</size>
         <input_file_ref idref="fl-6"/>
      </object_component>
      <object_component id="oc-2fa">
         <name>.debug_info</name>
         <load_address>0x2fb8</load_address>
         <run_address>0x2fb8</run_address>
         <size>0x4b3</size>
         <input_file_ref idref="fl-6"/>
      </object_component>
      <object_component id="oc-227">
         <name>.debug_info</name>
         <load_address>0x346b</load_address>
         <run_address>0x346b</run_address>
         <size>0x202</size>
         <input_file_ref idref="fl-6"/>
      </object_component>
      <object_component id="oc-4f6">
         <name>.debug_info</name>
         <load_address>0x366d</load_address>
         <run_address>0x366d</run_address>
         <size>0xc9</size>
         <input_file_ref idref="fl-9"/>
      </object_component>
      <object_component id="oc-3f7">
         <name>.debug_info</name>
         <load_address>0x3736</load_address>
         <run_address>0x3736</run_address>
         <size>0xda</size>
         <input_file_ref idref="fl-9"/>
      </object_component>
      <object_component id="oc-304">
         <name>.debug_info</name>
         <load_address>0x3810</load_address>
         <run_address>0x3810</run_address>
         <size>0x23f</size>
         <input_file_ref idref="fl-9"/>
      </object_component>
      <object_component id="oc-49c">
         <name>.debug_info</name>
         <load_address>0x3a4f</load_address>
         <run_address>0x3a4f</run_address>
         <size>0x126</size>
         <input_file_ref idref="fl-9"/>
      </object_component>
      <object_component id="oc-e9">
         <name>.debug_info</name>
         <load_address>0x3b75</load_address>
         <run_address>0x3b75</run_address>
         <size>0x325</size>
         <input_file_ref idref="fl-a"/>
      </object_component>
      <object_component id="oc-38">
         <name>.debug_info</name>
         <load_address>0x3e9a</load_address>
         <run_address>0x3e9a</run_address>
         <size>0xab0</size>
         <input_file_ref idref="fl-a"/>
      </object_component>
      <object_component id="oc-242">
         <name>.debug_info</name>
         <load_address>0x494a</load_address>
         <run_address>0x494a</run_address>
         <size>0x18a</size>
         <input_file_ref idref="fl-a"/>
      </object_component>
      <object_component id="oc-eb">
         <name>.debug_info</name>
         <load_address>0x4ad4</load_address>
         <run_address>0x4ad4</run_address>
         <size>0xb9f</size>
         <input_file_ref idref="fl-b"/>
      </object_component>
      <object_component id="oc-2d9">
         <name>.debug_info</name>
         <load_address>0x5673</load_address>
         <run_address>0x5673</run_address>
         <size>0x215</size>
         <input_file_ref idref="fl-b"/>
      </object_component>
      <object_component id="oc-2c2">
         <name>.debug_info</name>
         <load_address>0x5888</load_address>
         <run_address>0x5888</run_address>
         <size>0xe0</size>
         <input_file_ref idref="fl-b"/>
      </object_component>
      <object_component id="oc-2c5">
         <name>.debug_info</name>
         <load_address>0x5968</load_address>
         <run_address>0x5968</run_address>
         <size>0xe2</size>
         <input_file_ref idref="fl-b"/>
      </object_component>
      <object_component id="oc-2c8">
         <name>.debug_info</name>
         <load_address>0x5a4a</load_address>
         <run_address>0x5a4a</run_address>
         <size>0xde</size>
         <input_file_ref idref="fl-b"/>
      </object_component>
      <object_component id="oc-2d1">
         <name>.debug_info</name>
         <load_address>0x5b28</load_address>
         <run_address>0x5b28</run_address>
         <size>0xda</size>
         <input_file_ref idref="fl-b"/>
      </object_component>
      <object_component id="oc-2ce">
         <name>.debug_info</name>
         <load_address>0x5c02</load_address>
         <run_address>0x5c02</run_address>
         <size>0xda</size>
         <input_file_ref idref="fl-b"/>
      </object_component>
      <object_component id="oc-2cb">
         <name>.debug_info</name>
         <load_address>0x5cdc</load_address>
         <run_address>0x5cdc</run_address>
         <size>0xda</size>
         <input_file_ref idref="fl-b"/>
      </object_component>
      <object_component id="oc-2bf">
         <name>.debug_info</name>
         <load_address>0x5db6</load_address>
         <run_address>0x5db6</run_address>
         <size>0xdd</size>
         <input_file_ref idref="fl-b"/>
      </object_component>
      <object_component id="oc-1b7">
         <name>.debug_info</name>
         <load_address>0x5e93</load_address>
         <run_address>0x5e93</run_address>
         <size>0x43c5</size>
         <input_file_ref idref="fl-b"/>
      </object_component>
      <object_component id="oc-212">
         <name>.debug_info</name>
         <load_address>0xa258</load_address>
         <run_address>0xa258</run_address>
         <size>0x78</size>
         <input_file_ref idref="fl-b"/>
      </object_component>
      <object_component id="oc-23d">
         <name>.debug_info</name>
         <load_address>0xa2d0</load_address>
         <run_address>0xa2d0</run_address>
         <size>0x4c4</size>
         <input_file_ref idref="fl-b"/>
      </object_component>
      <object_component id="oc-2aa">
         <name>.debug_info</name>
         <load_address>0xa794</load_address>
         <run_address>0xa794</run_address>
         <size>0x86</size>
         <input_file_ref idref="fl-b"/>
      </object_component>
      <object_component id="oc-293">
         <name>.debug_info</name>
         <load_address>0xa81a</load_address>
         <run_address>0xa81a</run_address>
         <size>0x88</size>
         <input_file_ref idref="fl-b"/>
      </object_component>
      <object_component id="oc-25e">
         <name>.debug_info</name>
         <load_address>0xa8a2</load_address>
         <run_address>0xa8a2</run_address>
         <size>0x4cf</size>
         <input_file_ref idref="fl-c"/>
      </object_component>
      <object_component id="oc-129">
         <name>.debug_info</name>
         <load_address>0xad71</load_address>
         <run_address>0xad71</run_address>
         <size>0x121</size>
         <input_file_ref idref="fl-c"/>
      </object_component>
      <object_component id="oc-317">
         <name>.debug_info</name>
         <load_address>0xae92</load_address>
         <run_address>0xae92</run_address>
         <size>0xd2</size>
         <input_file_ref idref="fl-c"/>
      </object_component>
      <object_component id="oc-2f3">
         <name>.debug_info</name>
         <load_address>0xaf64</load_address>
         <run_address>0xaf64</run_address>
         <size>0xd68</size>
         <input_file_ref idref="fl-c"/>
      </object_component>
      <object_component id="oc-275">
         <name>.debug_info</name>
         <load_address>0xbccc</load_address>
         <run_address>0xbccc</run_address>
         <size>0x23d</size>
         <input_file_ref idref="fl-d"/>
      </object_component>
      <object_component id="oc-14a">
         <name>.debug_info</name>
         <load_address>0xbf09</load_address>
         <run_address>0xbf09</run_address>
         <size>0x6be</size>
         <input_file_ref idref="fl-d"/>
      </object_component>
      <object_component id="oc-47c">
         <name>.debug_info</name>
         <load_address>0xc5c7</load_address>
         <run_address>0xc5c7</run_address>
         <size>0x3dd</size>
         <input_file_ref idref="fl-e"/>
      </object_component>
      <object_component id="oc-3bb">
         <name>.debug_info</name>
         <load_address>0xc9a4</load_address>
         <run_address>0xc9a4</run_address>
         <size>0xd7c</size>
         <input_file_ref idref="fl-e"/>
      </object_component>
      <object_component id="oc-32c">
         <name>.debug_info</name>
         <load_address>0xd720</load_address>
         <run_address>0xd720</run_address>
         <size>0x2cc</size>
         <input_file_ref idref="fl-f"/>
      </object_component>
      <object_component id="oc-2ec">
         <name>.debug_info</name>
         <load_address>0xd9ec</load_address>
         <run_address>0xd9ec</run_address>
         <size>0x2b1</size>
         <input_file_ref idref="fl-f"/>
      </object_component>
      <object_component id="oc-e2">
         <name>.debug_info</name>
         <load_address>0xdc9d</load_address>
         <run_address>0xdc9d</run_address>
         <size>0x40a</size>
         <input_file_ref idref="fl-10"/>
      </object_component>
      <object_component id="oc-f4">
         <name>.debug_info</name>
         <load_address>0xe0a7</load_address>
         <run_address>0xe0a7</run_address>
         <size>0x24d</size>
         <input_file_ref idref="fl-10"/>
      </object_component>
      <object_component id="oc-32">
         <name>.debug_info</name>
         <load_address>0xe2f4</load_address>
         <run_address>0xe2f4</run_address>
         <size>0x3c0</size>
         <input_file_ref idref="fl-10"/>
      </object_component>
      <object_component id="oc-217">
         <name>.debug_info</name>
         <load_address>0xe6b4</load_address>
         <run_address>0xe6b4</run_address>
         <size>0x11c</size>
         <input_file_ref idref="fl-10"/>
      </object_component>
      <object_component id="oc-399">
         <name>.debug_info</name>
         <load_address>0xe7d0</load_address>
         <run_address>0xe7d0</run_address>
         <size>0x172</size>
         <input_file_ref idref="fl-11"/>
      </object_component>
      <object_component id="oc-2df">
         <name>.debug_info</name>
         <load_address>0xe942</load_address>
         <run_address>0xe942</run_address>
         <size>0x5a9</size>
         <input_file_ref idref="fl-11"/>
      </object_component>
      <object_component id="oc-2a3">
         <name>.debug_info</name>
         <load_address>0xeeeb</load_address>
         <run_address>0xeeeb</run_address>
         <size>0x153</size>
         <input_file_ref idref="fl-12"/>
      </object_component>
      <object_component id="oc-188">
         <name>.debug_info</name>
         <load_address>0xf03e</load_address>
         <run_address>0xf03e</run_address>
         <size>0x1421</size>
         <input_file_ref idref="fl-12"/>
      </object_component>
      <object_component id="oc-ed">
         <name>.debug_info</name>
         <load_address>0x1045f</load_address>
         <run_address>0x1045f</run_address>
         <size>0x19c</size>
         <input_file_ref idref="fl-13"/>
      </object_component>
      <object_component id="oc-30b">
         <name>.debug_info</name>
         <load_address>0x105fb</load_address>
         <run_address>0x105fb</run_address>
         <size>0x152</size>
         <input_file_ref idref="fl-13"/>
      </object_component>
      <object_component id="oc-192">
         <name>.debug_info</name>
         <load_address>0x1074d</load_address>
         <run_address>0x1074d</run_address>
         <size>0x587</size>
         <input_file_ref idref="fl-14"/>
      </object_component>
      <object_component id="oc-177">
         <name>.debug_info</name>
         <load_address>0x10cd4</load_address>
         <run_address>0x10cd4</run_address>
         <size>0xcb</size>
         <input_file_ref idref="fl-14"/>
      </object_component>
      <object_component id="oc-18f">
         <name>.debug_info</name>
         <load_address>0x10d9f</load_address>
         <run_address>0x10d9f</run_address>
         <size>0xd7</size>
         <input_file_ref idref="fl-14"/>
      </object_component>
      <object_component id="oc-174">
         <name>.debug_info</name>
         <load_address>0x10e76</load_address>
         <run_address>0x10e76</run_address>
         <size>0xe5</size>
         <input_file_ref idref="fl-14"/>
      </object_component>
      <object_component id="oc-18c">
         <name>.debug_info</name>
         <load_address>0x10f5b</load_address>
         <run_address>0x10f5b</run_address>
         <size>0xd7</size>
         <input_file_ref idref="fl-14"/>
      </object_component>
      <object_component id="oc-31a">
         <name>.debug_info</name>
         <load_address>0x11032</load_address>
         <run_address>0x11032</run_address>
         <size>0xdf</size>
         <input_file_ref idref="fl-14"/>
      </object_component>
      <object_component id="oc-3e">
         <name>.debug_info</name>
         <load_address>0x11111</load_address>
         <run_address>0x11111</run_address>
         <size>0x1383</size>
         <input_file_ref idref="fl-14"/>
      </object_component>
      <object_component id="oc-44">
         <name>.debug_info</name>
         <load_address>0x12494</load_address>
         <run_address>0x12494</run_address>
         <size>0x2ad</size>
         <input_file_ref idref="fl-15"/>
      </object_component>
      <object_component id="oc-10">
         <name>.debug_info</name>
         <load_address>0x12741</load_address>
         <run_address>0x12741</run_address>
         <size>0xed</size>
         <input_file_ref idref="fl-15"/>
      </object_component>
      <object_component id="oc-2b">
         <name>.debug_info</name>
         <load_address>0x1282e</load_address>
         <run_address>0x1282e</run_address>
         <size>0x2a7</size>
         <input_file_ref idref="fl-15"/>
      </object_component>
      <object_component id="oc-265">
         <name>.debug_info</name>
         <load_address>0x12ad5</load_address>
         <run_address>0x12ad5</run_address>
         <size>0x1ce</size>
         <input_file_ref idref="fl-1b"/>
      </object_component>
      <object_component id="oc-169">
         <name>.debug_info</name>
         <load_address>0x12ca3</load_address>
         <run_address>0x12ca3</run_address>
         <size>0x1e9</size>
         <input_file_ref idref="fl-1b"/>
      </object_component>
      <object_component id="oc-13a">
         <name>.debug_info</name>
         <load_address>0x12e8c</load_address>
         <run_address>0x12e8c</run_address>
         <size>0x1e3</size>
         <input_file_ref idref="fl-1b"/>
      </object_component>
      <object_component id="oc-170">
         <name>.debug_info</name>
         <load_address>0x1306f</load_address>
         <run_address>0x1306f</run_address>
         <size>0x1f3</size>
         <input_file_ref idref="fl-1b"/>
      </object_component>
      <object_component id="oc-140">
         <name>.debug_info</name>
         <load_address>0x13262</load_address>
         <run_address>0x13262</run_address>
[...]
      </symbol>
      <symbol id="sm-98d">
         <name>UARTIntStatus</name>
         <value>0x96f5</value>
         <object_component_ref idref="oc-137"/>
      </symbol>
      <symbol id="sm-98e">
         <name>UARTCharGet</name>
         <value>0x96e1</value>
         <object_component_ref idref="oc-143"/>
      </symbol>
      <symbol id="sm-9e9">
         <name>TimerMatchSet</name>
         <value>0x95d5</value>
         <object_component_ref idref="oc-1d5"/>
      </symbol>
      <symbol id="sm-9ea">
         <name>TimerLoadSet</name>
         <value>0x95c3</value>
         <object_component_ref idref="oc-b1"/>
      </symbol>
      <symbol id="sm-9eb">
         <name>TimerControlLevel</name>
         <value>0x94d1</value>
         <object_component_ref idref="oc-1cf"/>
      </symbol>
      <symbol id="sm-9ec">
         <name>TimerEnable</name>
         <value>0x964b</value>
         <object_component_ref idref="oc-cf"/>
      </symbol>
      <symbol id="sm-9ed">
         <name>TimerValueGet</name>
         <value>0x96d7</value>
         <object_component_ref idref="oc-db"/>
      </symbol>
      <symbol id="sm-9ee">
         <name>TimerPrescaleSet</name>
         <value>0x95f9</value>
         <object_component_ref idref="oc-3cc"/>
      </symbol>
      <symbol id="sm-9ef">
         <name>TimerIntEnable</name>
         <value>0x970f</value>
         <object_component_ref idref="oc-c9"/>
      </symbol>
      <symbol id="sm-9f0">
         <name>TimerPrescaleMatchSet</name>
         <value>0x95e7</value>
         <object_component_ref idref="oc-3d2"/>
      </symbol>
      <symbol id="sm-9f1">
         <name>TimerConfigure</name>
         <value>0x8ee1</value>
         <object_component_ref idref="oc-a5"/>
      </symbol>
      <symbol id="sm-9f2">
         <name>TimerIntClear</name>
         <value>0x975d</value>
         <object_component_ref idref="oc-d5"/>
      </symbol>
      <symbol id="sm-a15">
         <name>SysTickEnable</name>
         <value>0x9519</value>
         <object_component_ref idref="oc-99"/>
      </symbol>
      <symbol id="sm-a16">
         <name>SysTickIntEnable</name>
         <value>0x952d</value>
         <object_component_ref idref="oc-93"/>
      </symbol>
      <symbol id="sm-a17">
         <name>SysTickPeriodSet</name>
         <value>0x961d</value>
         <object_component_ref idref="oc-8d"/>
      </symbol>
      <symbol id="sm-a80">
         <name>SysCtlClockSet</name>
         <value>0x8871</value>
         <object_component_ref idref="oc-2e4"/>
      </symbol>
      <symbol id="sm-a81">
         <name>SysCtlDelay</name>
         <value>0x973f</value>
         <object_component_ref idref="oc-308"/>
      </symbol>
      <symbol id="sm-a82">
         <name>SysCtlPeripheralEnable</name>
         <value>0x9325</value>
         <object_component_ref idref="oc-9f"/>
      </symbol>
      <symbol id="sm-a83">
         <name>SysCtlClockGet</name>
         <value>0x854d</value>
         <object_component_ref idref="oc-ab"/>
      </symbol>
      <symbol id="sm-a84">
         <name>SysCtlPeripheralReset</name>
         <value>0x8f95</value>
         <object_component_ref idref="oc-45d"/>
      </symbol>
      <symbol id="sm-acb">
         <name>IntPrioritySet</name>
         <value>0x9445</value>
         <object_component_ref idref="oc-c3"/>
      </symbol>
      <symbol id="sm-acc">
         <name>IntEnable</name>
         <value>0x8e81</value>
         <object_component_ref idref="oc-bd"/>
      </symbol>
      <symbol id="sm-acd">
         <name>IntMasterDisable</name>
         <value>0x96c3</value>
         <object_component_ref idref="oc-29c"/>
      </symbol>
      <symbol id="sm-ace">
         <name>IntMasterEnable</name>
         <value>0x96cd</value>
         <object_component_ref idref="oc-b7"/>
      </symbol>
      <symbol id="sm-b21">
         <name>I2CMasterDataPut</name>
         <value>0x9759</value>
         <object_component_ref idref="oc-43f"/>
      </symbol>
      <symbol id="sm-b22">
         <name>I2CMasterInitExpClk</name>
         <value>0x9161</value>
         <object_component_ref idref="oc-463"/>
      </symbol>
      <symbol id="sm-b23">
         <name>I2CMasterSlaveAddrSet</name>
         <value>0x9707</value>
         <object_component_ref idref="oc-439"/>
      </symbol>
      <symbol id="sm-b24">
         <name>I2CMasterDataGet</name>
         <value>0x9755</value>
         <object_component_ref idref="oc-469"/>
      </symbol>
      <symbol id="sm-b25">
         <name>I2CMasterErr</name>
         <value>0x9501</value>
         <object_component_ref idref="oc-451"/>
      </symbol>
      <symbol id="sm-b26">
         <name>I2CMasterControl</name>
         <value>0x9751</value>
         <object_component_ref idref="oc-445"/>
      </symbol>
      <symbol id="sm-b27">
         <name>I2CMasterBusy</name>
         <value>0x96ff</value>
         <object_component_ref idref="oc-44b"/>
      </symbol>
      <symbol id="sm-b28">
         <name>I2CMasterEnable</name>
         <value>0x96b9</value>
         <object_component_ref idref="oc-4d0"/>
      </symbol>
      <symbol id="sm-b29">
         <name>I2CMasterDisable</name>
         <value>0x96af</value>
         <object_component_ref idref="oc-457"/>
      </symbol>
      <symbol id="sm-bb9">
         <name>GPIOPinConfigure</name>
         <value>0x9119</value>
         <object_component_ref idref="oc-155"/>
      </symbol>
      <symbol id="sm-bba">
         <name>GPIOPinTypeI2CSCL</name>
         <value>0x958d</value>
         <object_component_ref idref="oc-475"/>
      </symbol>
      <symbol id="sm-bbb">
         <name>GPIOIntEnable</name>
         <value>0x967f</value>
         <object_component_ref idref="oc-3b4"/>
      </symbol>
      <symbol id="sm-bbc">
         <name>GPIOPinTypeI2C</name>
         <value>0x957b</value>
         <object_component_ref idref="oc-46f"/>
      </symbol>
      <symbol id="sm-bbd">
         <name>GPIOIntTypeSet</name>
         <value>0x8f3d</value>
         <object_component_ref idref="oc-3ae"/>
      </symbol>
      <symbol id="sm-bbe">
         <name>GPIOPinTypeGPIOInput</name>
         <value>0x9569</value>
         <object_component_ref idref="oc-3a1"/>
      </symbol>
      <symbol id="sm-bbf">
         <name>GPIOIntClear</name>
         <value>0x972d</value>
         <object_component_ref idref="oc-102"/>
      </symbol>
      <symbol id="sm-bc0">
         <name>GPIOPinTypeUART</name>
         <value>0x95b1</value>
         <object_component_ref idref="oc-15b"/>
      </symbol>
      <symbol id="sm-bc1">
         <name>GPIOIntStatus</name>
         <value>0x963d</value>
         <object_component_ref idref="oc-fc"/>
      </symbol>
      <symbol id="sm-bc2">
         <name>GPIOPinTypeGPIOOutput</name>
         <value>0x94b9</value>
         <object_component_ref idref="oc-39b"/>
      </symbol>
      <symbol id="sm-bc3">
         <name>GPIOPinRead</name>
         <value>0x9733</value>
         <object_component_ref idref="oc-108"/>
      </symbol>
      <symbol id="sm-bc4">
         <name>GPIODirModeSet</name>
         <value>0x9419</value>
         <object_component_ref idref="oc-27b"/>
      </symbol>
      <symbol id="sm-bc5">
         <name>GPIOPinWrite</name>
         <value>0x9739</value>
         <object_component_ref idref="oc-3a7"/>
      </symbol>
      <symbol id="sm-bc6">
         <name>GPIOPadConfigSet</name>
         <value>0x841d</value>
         <object_component_ref idref="oc-281"/>
      </symbol>
      <symbol id="sm-bc7">
         <name>GPIOPinTypeTimer</name>
         <value>0x959f</value>
         <object_component_ref idref="oc-1c9"/>
      </symbol>
      <symbol id="sm-be1">
         <name>CPUbasepriSet</name>
         <value>0x9727</value>
         <object_component_ref idref="oc-3c0"/>
      </symbol>
      <symbol id="sm-be2">
         <name>CPUcpsie</name>
         <value>0x9673</value>
         <object_component_ref idref="oc-1ee"/>
      </symbol>
      <symbol id="sm-be3">
         <name>CPUcpsid</name>
         <value>0x9667</value>
         <object_component_ref idref="oc-370"/>
      </symbol>
      <symbol id="sm-c04">
         <name>atan2</name>
         <value>0x7d69</value>
         <object_component_ref idref="oc-3de"/>
      </symbol>
      <symbol id="sm-c11">
         <name>atof</name>
         <value>0x960b</value>
         <object_component_ref idref="oc-325"/>
      </symbol>
      <symbol id="sm-c27">
         <name>atoi</name>
         <value>0x9035</value>
         <object_component_ref idref="oc-131"/>
      </symbol>
      <symbol id="sm-c39">
         <name>_c_int00</name>
         <value>0x8fe5</value>
         <object_component_ref idref="oc-24"/>
      </symbol>
      <symbol id="sm-c3a">
         <name>__stack</name>
         <value>0x200009a8</value>
         <object_component_ref idref="oc-29"/>
      </symbol>
      <symbol id="sm-c51">
         <name>__TI_decompress_none</name>
         <value>0x9659</value>
         <object_component_ref idref="oc-12"/>
      </symbol>
      <symbol id="sm-c79">
         <name>__TI_decompress_rle24</name>
         <value>0x974b</value>
         <object_component_ref idref="oc-18"/>
      </symbol>
      <symbol id="sm-c8b">
         <name>__TI_zero_init</name>
         <value>0x96a3</value>
         <object_component_ref idref="oc-1e"/>
      </symbol>
      <symbol id="sm-c98">
         <name>cos</name>
         <value>0x9485</value>
         <object_component_ref idref="oc-3e9"/>
      </symbol>
      <symbol id="sm-ca3">
         <name>_ctypes_</name>
         <value>0x9768</value>
         <object_component_ref idref="oc-25f"/>
      </symbol>
      <symbol id="sm-cc2">
         <name>C$$EXIT</name>
         <value>0x91f1</value>
         <object_component_ref idref="oc-7c"/>
      </symbol>
      <symbol id="sm-cc3">
         <name>abort</name>
         <value>0x91f5</value>
         <object_component_ref idref="oc-7c"/>
      </symbol>
      <symbol id="sm-cc4">
         <name>exit</name>
         <value>0x91fd</value>
         <object_component_ref idref="oc-7c"/>
      </symbol>
      <symbol id="sm-cc5">
         <name>__TI_dtors_ptr</name>
         <value>0x20000d28</value>
         <object_component_ref idref="oc-1c1"/>
      </symbol>
      <symbol id="sm-cc6">
         <name>__TI_cleanup_ptr</name>
         <value>0x20000d24</value>
         <object_component_ref idref="oc-1c1"/>
      </symbol>
      <symbol id="sm-cea">
         <name>__aeabi_dsub</name>
         <value>0x788d</value>
         <object_component_ref idref="oc-118"/>
      </symbol>
      <symbol id="sm-ceb">
         <name>__aeabi_dadd</name>
         <value>0x7897</value>
         <object_component_ref idref="oc-118"/>
      </symbol>
      <symbol id="sm-d12">
         <name>__aeabi_cdcmpeq</name>
         <value>0x8b59</value>
         <object_component_ref idref="oc-482"/>
      </symbol>
      <symbol id="sm-d13">
         <name>__aeabi_cdcmple</name>
         <value>0x8b59</value>
         <object_component_ref idref="oc-482"/>
      </symbol>
      <symbol id="sm-d14">
         <name>__aeabi_cdrcmple</name>
         <value>0x8bdf</value>
         <object_component_ref idref="oc-3c6"/>
      </symbol>
      <symbol id="sm-d34">
         <name>__aeabi_ddiv</name>
         <value>0x82e7</value>
         <object_component_ref idref="oc-3e4"/>
      </symbol>
      <symbol id="sm-d4b">
         <name>__aeabi_dmul</name>
         <value>0x8775</value>
         <object_component_ref idref="oc-113"/>
      </symbol>
      <symbol id="sm-d57">
         <name>__aeabi_d2f</name>
         <value>0x90cd</value>
         <object_component_ref idref="oc-11d"/>
      </symbol>
      <symbol id="sm-d65">
         <name>__aeabi_f2d</name>
         <value>0x92b5</value>
         <object_component_ref idref="oc-10e"/>
      </symbol>
      <symbol id="sm-d71">
         <name>__aeabi_i2d</name>
         <value>0x93bd</value>
         <object_component_ref idref="oc-3d9"/>
      </symbol>
      <symbol id="sm-d80">
         <name>isdigit</name>
         <value>0x962d</value>
         <object_component_ref idref="oc-392"/>
      </symbol>
      <symbol id="sm-d9b">
         <name>memcpy</name>
         <value>0x8abd</value>
         <object_component_ref idref="oc-45"/>
      </symbol>
      <symbol id="sm-d9c">
         <name>__aeabi_memcpy</name>
         <value>0x8abd</value>
         <object_component_ref idref="oc-45"/>
      </symbol>
      <symbol id="sm-d9d">
         <name>__aeabi_memcpy8</name>
         <value>0x8abd</value>
         <object_component_ref idref="oc-45"/>
      </symbol>
      <symbol id="sm-d9e">
         <name>__aeabi_memcpy4</name>
         <value>0x8abd</value>
         <object_component_ref idref="oc-45"/>
      </symbol>
      <symbol id="sm-dad">
         <name>__aeabi_memset</name>
         <value>0x8c67</value>
         <object_component_ref idref="oc-5e"/>
      </symbol>
      <symbol id="sm-dae">
         <name>memset</name>
         <value>0x8c6d</value>
         <object_component_ref idref="oc-5e"/>
      </symbol>
      <symbol id="sm-daf">
         <name>__aeabi_memset8</name>
         <value>0x8c67</value>
         <object_component_ref idref="oc-5e"/>
      </symbol>
      <symbol id="sm-db0">
         <name>__aeabi_memset4</name>
         <value>0x8c67</value>
         <object_component_ref idref="oc-5e"/>
      </symbol>
      <symbol id="sm-db1">
         <name>__aeabi_memclr8</name>
         <value>0x8c65</value>
         <object_component_ref idref="oc-5e"/>
      </symbol>
      <symbol id="sm-db2">
         <name>__aeabi_memclr4</name>
         <value>0x8c65</value>
         <object_component_ref idref="oc-5e"/>
      </symbol>
      <symbol id="sm-db3">
         <name>__aeabi_memclr</name>
         <value>0x8c65</value>
         <object_component_ref idref="oc-5e"/>
      </symbol>
      <symbol id="sm-dbd">
         <name>_system_pre_init</name>
         <value>0x9765</value>
         <object_component_ref idref="oc-6a"/>
      </symbol>
      <symbol id="sm-dca">
         <name>sin</name>
         <value>0x949f</value>
         <object_component_ref idref="oc-3ef"/>
      </symbol>
      <symbol id="sm-de9">
         <name>sqrt</name>
         <value>0x8059</value>
         <object_component_ref idref="oc-31c"/>
      </symbol>
      <symbol id="sm-df1">
         <name>main_func_sp</name>
         <value>0x20000d38</value>
         <object_component_ref idref="oc-82"/>
      </symbol>
      <symbol id="sm-e30">
         <name>strtod</name>
         <value>0x7251</value>
         <object_component_ref idref="oc-41e"/>
      </symbol>
      <symbol id="sm-e56">
         <name>_Atan</name>
         <value>0x7bdd</value>
         <object_component_ref idref="oc-487"/>
      </symbol>
      <symbol id="sm-e72">
         <name>_Dscale</name>
         <value>0x8665</value>
         <object_component_ref idref="oc-407"/>
      </symbol>
      <symbol id="sm-e86">
         <name>_Dunscale</name>
         <value>0x8db7</value>
         <object_component_ref idref="oc-401"/>
      </symbol>
      <symbol id="sm-e95">
         <name>_Feraise</name>
         <value>0x938d</value>
         <object_component_ref idref="oc-40d"/>
      </symbol>
      <symbol id="sm-ecf">
         <name>_Sin</name>
         <value>0x6fbd</value>
         <object_component_ref idref="oc-490"/>
      </symbol>
      <symbol id="sm-edf">
         <name>_Rteps</name>
         <value>0x20000cb8</value>
         <object_component_ref idref="oc-413"/>
      </symbol>
      <symbol id="sm-ee0">
         <name>_Zero</name>
         <value>0x20000cd0</value>
         <object_component_ref idref="oc-413"/>
      </symbol>
      <symbol id="sm-ee1">
         <name>_Hugeval</name>
         <value>0x20000c78</value>
         <object_component_ref idref="oc-413"/>
      </symbol>
      <symbol id="sm-ee2">
         <name>_Snan</name>
         <value>0x20000ca8</value>
         <object_component_ref idref="oc-413"/>
      </symbol>
      <symbol id="sm-ee3">
         <name>_Nan</name>
         <value>0x20000c98</value>
         <object_component_ref idref="oc-413"/>
      </symbol>
      <symbol id="sm-ee4">
         <name>_Inf</name>
         <value>0x20000c88</value>
         <object_component_ref idref="oc-413"/>
      </symbol>
      <symbol id="sm-ee5">
         <name>_Xbig</name>
         <value>0x20000cc8</value>
         <object_component_ref idref="oc-413"/>
      </symbol>
      <symbol id="sm-ee6">
         <name>_Eps</name>
         <value>0x20000c68</value>
         <object_component_ref idref="oc-413"/>
      </symbol>
      <symbol id="sm-ee7">
         <name>_Denorm</name>
         <value>0x20000c58</value>
         <object_component_ref idref="oc-413"/>
      </symbol>
      <symbol id="sm-f00">
         <name>_nop</name>
         <value>0x9563</value>
         <object_component_ref idref="oc-336"/>
      </symbol>
      <symbol id="sm-f01">
         <name>_lock</name>
         <value>0x20000d1c</value>
         <object_component_ref idref="oc-1be"/>
      </symbol>
      <symbol id="sm-f02">
         <name>_unlock</name>
         <value>0x20000d20</value>
         <object_component_ref idref="oc-1be"/>
      </symbol>
      <symbol id="sm-f03">
         <name>_register_lock</name>
         <value>0x955b</value>
         <object_component_ref idref="oc-336"/>
      </symbol>
      <symbol id="sm-f04">
         <name>_register_unlock</name>
         <value>0x9555</value>
         <object_component_ref idref="oc-336"/>
      </symbol>
      <symbol id="sm-f19">
         <name>_args_main</name>
         <value>0x94e9</value>
         <object_component_ref idref="oc-76"/>
      </symbol>
      <symbol id="sm-f3f">
         <name>__TI_auto_init</name>
         <value>0x8ce1</value>
         <object_component_ref idref="oc-70"/>
      </symbol>
      <symbol id="sm-f59">
         <name>copy_in</name>
         <value>0x9081</value>
         <object_component_ref idref="oc-1ae"/>
      </symbol>
      <symbol id="sm-f61">
         <name>_Errno</name>
         <value>0x20000d34</value>
         <object_component_ref idref="oc-4b3"/>
      </symbol>
      <symbol id="sm-f6f">
         <name>__aeabi_d2iz</name>
         <value>0x91a9</value>
         <object_component_ref idref="oc-4e9"/>
      </symbol>
      <symbol id="sm-f8d">
         <name>feraiseexcept</name>
         <value>0x9359</value>
         <object_component_ref idref="oc-4ad"/>
      </symbol>
      <symbol id="sm-f8e">
         <name>_Tls_setup__Fenv</name>
         <value>0x20000d30</value>
         <object_component_ref idref="oc-503"/>
      </symbol>
      <symbol id="sm-f8f">
         <name>_Fenv</name>
         <value>0x20000d2c</value>
         <object_component_ref idref="oc-503"/>
      </symbol>
      <symbol id="sm-fb3">
         <name>fmod</name>
         <value>0x7ee5</value>
         <object_component_ref idref="oc-4e3"/>
      </symbol>
      <symbol id="sm-fc7">
         <name>raise</name>
         <value>0x93eb</value>
         <object_component_ref idref="oc-4fd"/>
      </symbol>
      <symbol id="sm-fe1">
         <name>signal</name>
         <value>0x9275</value>
         <object_component_ref idref="oc-520"/>
      </symbol>
      <symbol id="sm-ff6">
         <name>_Dnorm</name>
         <value>0x8961</value>
         <object_component_ref idref="oc-4a3"/>
      </symbol>
      <symbol id="sm-ff7">
         <name>__TI_static_base__</name>
         <value>0x0</value>
      </symbol>
      <symbol id="sm-ffa">
         <name>SHT$$INIT_ARRAY$$Limit</name>
         <value>0x0</value>
      </symbol>
      <symbol id="sm-ffb">
         <name>SHT$$INIT_ARRAY$$Base</name>
         <value>0x0</value>
      </symbol>
      <symbol id="sm-ffc">
         <name>IntPriorityMaskSet</name>
         <value>0x9727</value>
      </symbol>
   </symbol_table>
   <title>Link successful</title>
</link_info>
